Archive member included to satisfy reference by file (symbol)

c:/st/stm32cubeide_1.8.0/stm32cubeide/plugins/com.st.stm32cube.ide.mcu.externaltools.gnu-tools-for-stm32.9-2020-q2-update.win32_2.0.0.202105311346/tools/bin/../lib/gcc/arm-none-eabi/9.3.1/../../../../arm-none-eabi/lib/thumb/v7e-m+fp/hard\libc_nano.a(lib_a-errno.o)
                              ./Core/Src/syscalls.o (__errno)
c:/st/stm32cubeide_1.8.0/stm32cubeide/plugins/com.st.stm32cube.ide.mcu.externaltools.gnu-tools-for-stm32.9-2020-q2-update.win32_2.0.0.202105311346/tools/bin/../lib/gcc/arm-none-eabi/9.3.1/../../../../arm-none-eabi/lib/thumb/v7e-m+fp/hard\libc_nano.a(lib_a-exit.o)
                              c:/st/stm32cubeide_1.8.0/stm32cubeide/plugins/com.st.stm32cube.ide.mcu.externaltools.gnu-tools-for-stm32.9-2020-q2-update.win32_2.0.0.202105311346/tools/bin/../lib/gcc/arm-none-eabi/9.3.1/../../../../arm-none-eabi/lib/thumb/v7e-m+fp/hard/crt0.o (exit)
c:/st/stm32cubeide_1.8.0/stm32cubeide/plugins/com.st.stm32cube.ide.mcu.externaltools.gnu-tools-for-stm32.9-2020-q2-update.win32_2.0.0.202105311346/tools/bin/../lib/gcc/arm-none-eabi/9.3.1/../../../../arm-none-eabi/lib/thumb/v7e-m+fp/hard\libc_nano.a(lib_a-impure.o)
                              c:/st/stm32cubeide_1.8.0/stm32cubeide/plugins/com.st.stm32cube.ide.mcu.externaltools.gnu-tools-for-stm32.9-2020-q2-update.win32_2.0.0.202105311346/tools/bin/../lib/gcc/arm-none-eabi/9.3.1/../../../../arm-none-eabi/lib/thumb/v7e-m+fp/hard\libc_nano.a(lib_a-exit.o) (_global_impure_ptr)
c:/st/stm32cubeide_1.8.0/stm32cubeide/plugins/com.st.stm32cube.ide.mcu.externaltools.gnu-tools-for-stm32.9-2020-q2-update.win32_2.0.0.202105311346/tools/bin/../lib/gcc/arm-none-eabi/9.3.1/../../../../arm-none-eabi/lib/thumb/v7e-m+fp/hard\libc_nano.a(lib_a-init.o)
                              c:/st/stm32cubeide_1.8.0/stm32cubeide/plugins/com.st.stm32cube.ide.mcu.externaltools.gnu-tools-for-stm32.9-2020-q2-update.win32_2.0.0.202105311346/tools/bin/../lib/gcc/arm-none-eabi/9.3.1/../../../../arm-none-eabi/lib/thumb/v7e-m+fp/hard/crt0.o (__libc_init_array)
c:/st/stm32cubeide_1.8.0/stm32cubeide/plugins/com.st.stm32cube.ide.mcu.externaltools.gnu-tools-for-stm32.9-2020-q2-update.win32_2.0.0.202105311346/tools/bin/../lib/gcc/arm-none-eabi/9.3.1/../../../../arm-none-eabi/lib/thumb/v7e-m+fp/hard\libc_nano.a(lib_a-memcpy-stub.o)
                              ./Core/Src/main.o (memcpy)
c:/st/stm32cubeide_1.8.0/stm32cubeide/plugins/com.st.stm32cube.ide.mcu.externaltools.gnu-tools-for-stm32.9-2020-q2-update.win32_2.0.0.202105311346/tools/bin/../lib/gcc/arm-none-eabi/9.3.1/../../../../arm-none-eabi/lib/thumb/v7e-m+fp/hard\libc_nano.a(lib_a-memset.o)
                              c:/st/stm32cubeide_1.8.0/stm32cubeide/plugins/com.st.stm32cube.ide.mcu.externaltools.gnu-tools-for-stm32.9-2020-q2-update.win32_2.0.0.202105311346/tools/bin/../lib/gcc/arm-none-eabi/9.3.1/../../../../arm-none-eabi/lib/thumb/v7e-m+fp/hard/crt0.o (memset)
c:/st/stm32cubeide_1.8.0/stm32cubeide/plugins/com.st.stm32cube.ide.mcu.externaltools.gnu-tools-for-stm32.9-2020-q2-update.win32_2.0.0.202105311346/tools/bin/../lib/gcc/arm-none-eabi/9.3.1/../../../../arm-none-eabi/lib/thumb/v7e-m+fp/hard\libc_nano.a(lib_a-sprintf.o)
                              ./Core/Src/main.o (sprintf)
c:/st/stm32cubeide_1.8.0/stm32cubeide/plugins/com.st.stm32cube.ide.mcu.externaltools.gnu-tools-for-stm32.9-2020-q2-update.win32_2.0.0.202105311346/tools/bin/../lib/gcc/arm-none-eabi/9.3.1/../../../../arm-none-eabi/lib/thumb/v7e-m+fp/hard\libc_nano.a(lib_a-strcpy.o)
                              ./Drivers/BSP/Components/vl53l0x/vl53l0x_api_core.o (strcpy)
c:/st/stm32cubeide_1.8.0/stm32cubeide/plugins/com.st.stm32cube.ide.mcu.externaltools.gnu-tools-for-stm32.9-2020-q2-update.win32_2.0.0.202105311346/tools/bin/../lib/gcc/arm-none-eabi/9.3.1/../../../../arm-none-eabi/lib/thumb/v7e-m+fp/hard\libc_nano.a(lib_a-strlen.o)
                              ./Drivers/BSP/NUCLEO-F411RE/vl53l0x_platform.o (strlen)
c:/st/stm32cubeide_1.8.0/stm32cubeide/plugins/com.st.stm32cube.ide.mcu.externaltools.gnu-tools-for-stm32.9-2020-q2-update.win32_2.0.0.202105311346/tools/bin/../lib/gcc/arm-none-eabi/9.3.1/../../../../arm-none-eabi/lib/thumb/v7e-m+fp/hard\libc_nano.a(lib_a-nano-svfprintf.o)
                              c:/st/stm32cubeide_1.8.0/stm32cubeide/plugins/com.st.stm32cube.ide.mcu.externaltools.gnu-tools-for-stm32.9-2020-q2-update.win32_2.0.0.202105311346/tools/bin/../lib/gcc/arm-none-eabi/9.3.1/../../../../arm-none-eabi/lib/thumb/v7e-m+fp/hard\libc_nano.a(lib_a-sprintf.o) (_svfprintf_r)
c:/st/stm32cubeide_1.8.0/stm32cubeide/plugins/com.st.stm32cube.ide.mcu.externaltools.gnu-tools-for-stm32.9-2020-q2-update.win32_2.0.0.202105311346/tools/bin/../lib/gcc/arm-none-eabi/9.3.1/../../../../arm-none-eabi/lib/thumb/v7e-m+fp/hard\libc_nano.a(lib_a-nano-vfprintf_i.o)
[...]
Memory Configuration

Name             Origin             Length             Attributes
RAM              0x0000000020000000 0x0000000000020000 xrw
FLASH            0x0000000008000000 0x0000000000080000 xr
*default*        0x0000000000000000 0xffffffffffffffff

Linker script and memory map

LOAD c:/st/stm32cubeide_1.8.0/stm32cubeide/plugins/com.st.stm32cube.ide.mcu.externaltools.gnu-tools-for-stm32.9-2020-q2-update.win32_2.0.0.202105311346/tools/bin/../lib/gcc/arm-none-eabi/9.3.1/thumb/v7e-m+fp/hard/crti.o
LOAD c:/st/stm32cubeide_1.8.0/stm32cubeide/plugins/com.st.stm32cube.ide.mcu.externaltools.gnu-tools-for-stm32.9-2020-q2-update.win32_2.0.0.202105311346/tools/bin/../lib/gcc/arm-none-eabi/9.3.1/thumb/v7e-m+fp/hard/crtbegin.o
LOAD c:/st/stm32cubeide_1.8.0/stm32cubeide/plugins/com.st.stm32cube.ide.mcu.externaltools.gnu-tools-for-stm32.9-2020-q2-update.win32_2.0.0.202105311346/tools/bin/../lib/gcc/arm-none-eabi/9.3.1/../../../../arm-none-eabi/lib/thumb/v7e-m+fp/hard/crt0.o
LOAD ./Core/Src/main.o
LOAD ./Core/Src/stm32f4xx_hal_msp.o
LOAD ./Core/Src/stm32f4xx_it.o
LOAD ./Core/Src/syscalls.o
LOAD ./Core/Src/sysmem.o
LOAD ./Core/Src/system_stm32f4xx.o
LOAD ./Core/Startup/startup_stm32f411retx.o
LOAD ./Drivers/BSP/Components/vl53l0x/vl53l0x_api.o
LOAD ./Drivers/BSP/Components/vl53l0x/vl53l0x_api_calibration.o
LOAD ./Drivers/BSP/Components/vl53l0x/vl53l0x_api_core.o
LOAD ./Drivers/BSP/Components/vl53l0x/vl53l0x_api_ranging.o
LOAD ./Drivers/BSP/Components/vl53l0x/vl53l0x_api_strings.o
LOAD ./Drivers/BSP/Components/vl53l0x/vl53l0x_platform_log.o
LOAD ./Drivers/BSP/NUCLEO-F411RE/uart_trace.o
LOAD ./Drivers/BSP/NUCLEO-F411RE/vl53l0x_platform.o
LOAD ./Drivers/STM32F4xx_HAL_Driver/Src/stm32f4xx_hal.o
LOAD ./Drivers/STM32F4xx_HAL_Driver/Src/stm32f4xx_hal_cortex.o
LOAD ./Drivers/STM32F4xx_HAL_Driver/Src/stm32f4xx_hal_dma.o
LOAD ./Drivers/STM32F4xx_HAL_Driver/Src/stm32f4xx_hal_dma_ex.o
LOAD ./Drivers/STM32F4xx_HAL_Driver/Src/stm32f4xx_hal_exti.o
LOAD ./Drivers/STM32F4xx_HAL_Driver/Src/stm32f4xx_hal_flash.o
LOAD ./Drivers/STM32F4xx_HAL_Driver/Src/stm32f4xx_hal_flash_ex.o
LOAD ./Drivers/STM32F4xx_HAL_Driver/Src/stm32f4xx_hal_flash_ramfunc.o
LOAD ./Drivers/STM32F4xx_HAL_Driver/Src/stm32f4xx_hal_gpio.o
LOAD ./Drivers/STM32F4xx_HAL_Driver/Src/stm32f4xx_hal_i2c.o
LOAD ./Drivers/STM32F4xx_HAL_Driver/Src/stm32f4xx_hal_i2c_ex.o
LOAD ./Drivers/STM32F4xx_HAL_Driver/Src/stm32f4xx_hal_pwr.o
LOAD ./Drivers/STM32F4xx_HAL_Driver/Src/stm32f4xx_hal_pwr_ex.o
LOAD ./Drivers/STM32F4xx_HAL_Driver/Src/stm32f4xx_hal_rcc.o
LOAD ./Drivers/STM32F4xx_HAL_Driver/Src/stm32f4xx_hal_rcc_ex.o
LOAD ./Drivers/STM32F4xx_HAL_Driver/Src/stm32f4xx_hal_tim.o
LOAD ./Drivers/STM32F4xx_HAL_Driver/Src/stm32f4xx_hal_tim_ex.o
LOAD ./Drivers/STM32F4xx_HAL_Driver/Src/stm32f4xx_hal_uart.o
START GROUP
LOAD c:/st/stm32cubeide_1.8.0/stm32cubeide/plugins/com.st.stm32cube.ide.mcu.externaltools.gnu-tools-for-stm32.9-2020-q2-update.win32_2.0.0.202105311346/tools/bin/../lib/gcc/arm-none-eabi/9.3.1/../../../../arm-none-eabi/lib/thumb/v7e-m+fp/hard\libc_nano.a
LOAD c:/st/stm32cubeide_1.8.0/stm32cubeide/plugins/com.st.stm32cube.ide.mcu.externaltools.gnu-tools-for-stm32.9-2020-q2-update.win32_2.0.0.202105311346/tools/bin/../lib/gcc/arm-none-eabi/9.3.1/../../../../arm-none-eabi/lib/thumb/v7e-m+fp/hard\libm.a
END GROUP
START GROUP
LOAD c:/st/stm32cubeide_1.8.0/stm32cubeide/plugins/com.st.stm32cube.ide.mcu.externaltools.gnu-tools-for-stm32.9-2020-q2-update.win32_2.0.0.202105311346/tools/bin/../lib/gcc/arm-none-eabi/9.3.1/thumb/v7e-m+fp/hard\libgcc.a
LOAD c:/st/stm32cubeide_1.8.0/stm32cubeide/plugins/com.st.stm32cube.ide.mcu.externaltools.gnu-tools-for-stm32.9-2020-q2-update.win32_2.0.0.202105311346/tools/bin/../lib/gcc/arm-none-eabi/9.3.1/../../../../arm-none-eabi/lib/thumb/v7e-m+fp/hard\libc_nano.a
END GROUP
START GROUP
LOAD c:/st/stm32cubeide_1.8.0/stm32cubeide/plugins/com.st.stm32cube.ide.mcu.externaltools.gnu-tools-for-stm32.9-2020-q2-update.win32_2.0.0.202105311346/tools/bin/../lib/gcc/arm-none-eabi/9.3.1/thumb/v7e-m+fp/hard\libgcc.a
LOAD c:/st/stm32cubeide_1.8.0/stm32cubeide/plugins/com.st.stm32cube.ide.mcu.externaltools.gnu-tools-for-stm32.9-2020-q2-update.win32_2.0.0.202105311346/tools/bin/../lib/gcc/arm-none-eabi/9.3.1/../../../../arm-none-eabi/lib/thumb/v7e-m+fp/hard\libc_nano.a
LOAD c:/st/stm32cubeide_1.8.0/stm32cubeide/plugins/com.st.stm32cube.ide.mcu.externaltools.gnu-tools-for-stm32.9-2020-q2-update.win32_2.0.0.202105311346/tools/bin/../lib/gcc/arm-none-eabi/9.3.1/../../../../arm-none-eabi/lib/thumb/v7e-m+fp/hard\libnosys.a
END GROUP
START GROUP
LOAD c:/st/stm32cubeide_1.8.0/stm32cubeide/plugins/com.st.stm32cube.ide.mcu.externaltools.gnu-tools-for-stm32.9-2020-q2-update.win32_2.0.0.202105311346/tools/bin/../lib/gcc/arm-none-eabi/9.3.1/thumb/v7e-m+fp/hard\libgcc.a
LOAD c:/st/stm32cubeide_1.8.0/stm32cubeide/plugins/com.st.stm32cube.ide.mcu.externaltools.gnu-tools-for-stm32.9-2020-q2-update.win32_2.0.0.202105311346/tools/bin/../lib/gcc/arm-none-eabi/9.3.1/../../../../arm-none-eabi/lib/thumb/v7e-m+fp/hard\libc_nano.a
LOAD c:/st/stm32cubeide_1.8.0/stm32cubeide/plugins/com.st.stm32cube.ide.mcu.externaltools.gnu-tools-for-stm32.9-2020-q2-update.win32_2.0.0.202105311346/tools/bin/../lib/gcc/arm-none-eabi/9.3.1/../../../../arm-none-eabi/lib/thumb/v7e-m+fp/hard\libnosys.a
END GROUP
LOAD c:/st/stm32cubeide_1.8.0/stm32cubeide/plugins/com.st.stm32cube.ide.mcu.externaltools.gnu-tools-for-stm32.9-2020-q2-update.win32_2.0.0.202105311346/tools/bin/../lib/gcc/arm-none-eabi/9.3.1/thumb/v7e-m+fp/hard/crtend.o
LOAD c:/st/stm32cubeide_1.8.0/stm32cubeide/plugins/com.st.stm32cube.ide.mcu.externaltools.gnu-tools-for-stm32.9-2020-q2-update.win32_2.0.0.202105311346/tools/bin/../lib/gcc/arm-none-eabi/9.3.1/thumb/v7e-m+fp/hard/crtn.o
                0x0000000020020000                _estack = (ORIGIN (RAM) + LENGTH (RAM))
                0x0000000000000200                _Min_Heap_Size = 0x200
                0x0000000000000400                _Min_Stack_Size = 0x400

.isr_vector     0x0000000008000000      0x198
                0x0000000008000000                . = ALIGN (0x4)
 *(.isr_vector)
 .isr_vector    0x0000000008000000      0x198 ./Core/Startup/startup_stm32f411retx.o
                0x0000000008000000                g_pfnVectors
                0x0000000008000198                . = ALIGN (0x4)

.text           0x00000000080001a0     0x998c
                0x00000000080001a0                . = ALIGN (0x4)
 *(.text)
 .text          0x00000000080001a0       0x40 c:/st/stm32cubeide_1.8.0/stm32cubeide/plugins/com.st.stm32cube.ide.mcu.externaltools.gnu-tools-for-stm32.9-2020-q2-update.win32_2.0.0.202105311346/tools/bin/../lib/gcc/arm-none-eabi/9.3.1/thumb/v7e-m+fp/hard/crtbegin.o
 .text          0x00000000080001e0       0x10 c:/st/stm32cubeide_1.8.0/stm32cubeide/plugins/com.st.stm32cube.ide.mcu.externaltools.gnu-tools-for-stm32.9-2020-q2-update.win32_2.0.0.202105311346/tools/bin/../lib/gcc/arm-none-eabi/9.3.1/../../../../arm-none-eabi/lib/thumb/v7e-m+fp/hard\libc_nano.a(lib_a-strlen.o)
                0x00000000080001e0                strlen
 .text          0x00000000080001f0       0xa0 c:/st/stm32cubeide_1.8.0/stm32cubeide/plugins/com.st.stm32cube.ide.mcu.externaltools.gnu-tools-for-stm32.9-2020-q2-update.win32_2.0.0.202105311346/tools/bin/../lib/gcc/arm-none-eabi/9.3.1/../../../../arm-none-eabi/lib/thumb/v7e-m+fp/hard\libc_nano.a(lib_a-memchr.o)
                0x00000000080001f0                memchr
 .text          0x0000000008000290       0x30 c:/st/stm32cubeide_1.8.0/stm32cubeide/plugins/com.st.stm32cube.ide.mcu.externaltools.gnu-tools-for-stm32.9-2020-q2-update.win32_2.0.0.202105311346/tools/bin/../lib/gcc/arm-none-eabi/9.3.1/thumb/v7e-m+fp/hard\libgcc.a(_aeabi_uldivmod.o)
                0x0000000008000290                __aeabi_uldivmod
 .text          0x00000000080002c0      0x2c4 c:/st/stm32cubeide_1.8.0/stm32cubeide/plugins/com.st.stm32cube.ide.mcu.externaltools.gnu-tools-for-stm32.9-2020-q2-update.win32_2.0.0.202105311346/tools/bin/../lib/gcc/arm-none-eabi/9.3.1/thumb/v7e-m+fp/hard\libgcc.a(_udivmoddi4.o)
                0x00000000080002c0                __udivmoddi4
 .text          0x0000000008000584        0x4 c:/st/stm32cubeide_1.8.0/stm32cubeide/plugins/com.st.stm32cube.ide.mcu.externaltools.gnu-tools-for-stm32.9-2020-q2-update.win32_2.0.0.202105311346/tools/bin/../lib/gcc/arm-none-eabi/9.3.1/thumb/v7e-m+fp/hard\libgcc.a(_dvmd_tls.o)
                0x0000000008000584                __aeabi_idiv0
                0x0000000008000584                __aeabi_ldiv0
 *(.text*)
 .text.main     0x0000000008000588      0x100 ./Core/Src/main.o
                0x0000000008000588                main
 .text.SystemClock_Config
                0x0000000008000688       0xd0 ./Core/Src/main.o
                0x0000000008000688                SystemClock_Config
 .text.MX_I2C1_Init
                0x0000000008000758       0x5c ./Core/Src/main.o
 .text.MX_TIM2_Init
                0x00000000080007b4       0xec ./Core/Src/main.o
 .text.MX_USART2_UART_Init
                0x00000000080008a0       0x54 ./Core/Src/main.o
 .text.MX_GPIO_Init
                0x00000000080008f4       0xe0 ./Core/Src/main.o
 .text.Error_Handler
                0x00000000080009d4        0xa ./Core/Src/main.o
                0x00000000080009d4                Error_Handler
 *fill*         0x00000000080009de        0x2 
 .text.HAL_MspInit
                0x00000000080009e0       0x50 ./Core/Src/stm32f4xx_hal_msp.o
                0x00000000080009e0                HAL_MspInit
 .text.HAL_I2C_MspInit
                0x0000000008000a30       0x90 ./Core/Src/stm32f4xx_hal_msp.o
                0x0000000008000a30                HAL_I2C_MspInit
 .text.HAL_TIM_Base_MspInit
                0x0000000008000ac0       0x40 ./Core/Src/stm32f4xx_hal_msp.o
                0x0000000008000ac0                HAL_TIM_Base_MspInit
 .text.HAL_TIM_MspPostInit
                0x0000000008000b00       0x70 ./Core/Src/stm32f4xx_hal_msp.o
                0x0000000008000b00                HAL_TIM_MspPostInit
 .text.HAL_UART_MspInit
                0x0000000008000b70       0x90 ./Core/Src/stm32f4xx_hal_msp.o
                0x0000000008000b70                HAL_UART_MspInit
 .text.NMI_Handler
                0x0000000008000c00        0x6 ./Core/Src/stm32f4xx_it.o
                0x0000000008000c00                NMI_Handler
 .text.HardFault_Handler
                0x0000000008000c06        0x6 ./Core/Src/stm32f4xx_it.o
                0x0000000008000c06                HardFault_Handler
 .text.MemManage_Handler
                0x0000000008000c0c        0x6 ./Core/Src/stm32f4xx_it.o
                0x0000000008000c0c                MemManage_Handler
 .text.BusFault_Handler
                0x0000000008000c12        0x6 ./Core/Src/stm32f4xx_it.o
                0x0000000008000c12                BusFault_Handler
 .text.UsageFault_Handler
                0x0000000008000c18        0x6 ./Core/Src/stm32f4xx_it.o
                0x0000000008000c18                UsageFault_Handler
 .text.SVC_Handler
                0x0000000008000c1e        0xe ./Core/Src/stm32f4xx_it.o
                0x0000000008000c1e                SVC_Handler
 .text.DebugMon_Handler
                0x0000000008000c2c        0xe ./Core/Src/stm32f4xx_it.o
                0x0000000008000c2c                DebugMon_Handler
 .text.PendSV_Handler
                0x0000000008000c3a        0xe ./Core/Src/stm32f4xx_it.o
                0x0000000008000c3a                PendSV_Handler
 .text.SysTick_Handler
                0x0000000008000c48        0xc ./Core/Src/stm32f4xx_it.o
                0x0000000008000c48                SysTick_Handler
 .text._sbrk    0x0000000008000c54       0x6c ./Core/Src/sysmem.o
                0x0000000008000c54                _sbrk
 .text.SystemInit
                0x0000000008000cc0       0x24 ./Core/Src/system_stm32f4xx.o
                0x0000000008000cc0                SystemInit
 .text.Reset_Handler
                0x0000000008000ce4       0x50 ./Core/Startup/startup_stm32f411retx.o
                0x0000000008000ce4                Reset_Handler
 .text.Default_Handler
                0x0000000008000d34        0x2 ./Core/Startup/startup_stm32f411retx.o
                0x0000000008000d34                RTC_Alarm_IRQHandler
                0x0000000008000d34                EXTI2_IRQHandler
                0x0000000008000d34                SPI4_IRQHandler
                0x0000000008000d34                TIM1_CC_IRQHandler
                0x0000000008000d34                DMA2_Stream5_IRQHandler
                0x0000000008000d34                DMA1_Stream5_IRQHandler
                0x0000000008000d34                PVD_IRQHandler
                0x0000000008000d34                SDIO_IRQHandler
                0x0000000008000d34                TAMP_STAMP_IRQHandler
                0x0000000008000d34                EXTI3_IRQHandler
                0x0000000008000d34                TIM1_UP_TIM10_IRQHandler
                0x0000000008000d34                I2C3_ER_IRQHandler
                0x0000000008000d34                EXTI0_IRQHandler
                0x0000000008000d34                I2C2_EV_IRQHandler
                0x0000000008000d34                DMA1_Stream2_IRQHandler
                0x0000000008000d34                FPU_IRQHandler
                0x0000000008000d34                DMA2_Stream2_IRQHandler
                0x0000000008000d34                SPI1_IRQHandler
                0x0000000008000d34                TIM1_BRK_TIM9_IRQHandler
                0x0000000008000d34                DMA2_Stream3_IRQHandler
                0x0000000008000d34                USART6_IRQHandler
                0x0000000008000d34                DMA2_Stream0_IRQHandler
                0x0000000008000d34                TIM4_IRQHandler
                0x0000000008000d34                I2C1_EV_IRQHandler
                0x0000000008000d34                DMA1_Stream6_IRQHandler
                0x0000000008000d34                DMA1_Stream1_IRQHandler
                0x0000000008000d34                TIM3_IRQHandler
                0x0000000008000d34                RCC_IRQHandler
                0x0000000008000d34                Default_Handler
                0x0000000008000d34                EXTI15_10_IRQHandler
                0x0000000008000d34                ADC_IRQHandler
                0x0000000008000d34                DMA1_Stream7_IRQHandler
                0x0000000008000d34                SPI5_IRQHandler
                0x0000000008000d34                TIM5_IRQHandler
                0x0000000008000d34                DMA2_Stream7_IRQHandler
                0x0000000008000d34                I2C3_EV_IRQHandler
                0x0000000008000d34                EXTI9_5_IRQHandler
                0x0000000008000d34                RTC_WKUP_IRQHandler
                0x0000000008000d34                SPI2_IRQHandler
                0x0000000008000d34                DMA1_Stream0_IRQHandler
                0x0000000008000d34                EXTI4_IRQHandler
                0x0000000008000d34                WWDG_IRQHandler
                0x0000000008000d34                TIM2_IRQHandler
                0x0000000008000d34                OTG_FS_WKUP_IRQHandler
                0x0000000008000d34                TIM1_TRG_COM_TIM11_IRQHandler
                0x0000000008000d34                EXTI1_IRQHandler
                0x0000000008000d34                USART2_IRQHandler
                0x0000000008000d34                I2C2_ER_IRQHandler
                0x0000000008000d34                DMA2_Stream1_IRQHandler
                0x0000000008000d34                FLASH_IRQHandler
                0x0000000008000d34                DMA2_Stream4_IRQHandler
                0x0000000008000d34                USART1_IRQHandler
                0x0000000008000d34                OTG_FS_IRQHandler
                0x0000000008000d34                SPI3_IRQHandler
                0x0000000008000d34                DMA1_Stream4_IRQHandler
                0x0000000008000d34                I2C1_ER_IRQHandler
                0x0000000008000d34                DMA2_Stream6_IRQHandler
                0x0000000008000d34                DMA1_Stream3_IRQHandler
 .text.VL53L0X_GetOffsetCalibrationDataMicroMeter
                0x0000000008000d36       0x26 ./Drivers/BSP/Components/vl53l0x/vl53l0x_api.o
                0x0000000008000d36                VL53L0X_GetOffsetCalibrationDataMicroMeter
 .text.VL53L0X_SetDeviceAddress
                0x0000000008000d5c       0x30 ./Drivers/BSP/Components/vl53l0x/vl53l0x_api.o
                0x0000000008000d5c                VL53L0X_SetDeviceAddress
 .text.VL53L0X_DataInit
                0x0000000008000d8c      0x2c8 ./Drivers/BSP/Components/vl53l0x/vl53l0x_api.o
                0x0000000008000d8c                VL53L0X_DataInit
 .text.VL53L0X_StaticInit
                0x0000000008001054      0x304 ./Drivers/BSP/Components/vl53l0x/vl53l0x_api.o
                0x0000000008001054                VL53L0X_StaticInit
 .text.VL53L0X_GetDeviceParameters
                0x0000000008001358      0x120 ./Drivers/BSP/Components/vl53l0x/vl53l0x_api.o
                0x0000000008001358                VL53L0X_GetDeviceParameters
 .text.VL53L0X_SetDeviceMode
                0x0000000008001478       0x58 ./Drivers/BSP/Components/vl53l0x/vl53l0x_api.o
                0x0000000008001478                VL53L0X_SetDeviceMode
 .text.VL53L0X_GetDeviceMode
                0x00000000080014d0       0x26 ./Drivers/BSP/Components/vl53l0x/vl53l0x_api.o
                0x00000000080014d0                VL53L0X_GetDeviceMode
 .text.VL53L0X_GetFractionEnable
                0x00000000080014f6       0x3e ./Drivers/BSP/Components/vl53l0x/vl53l0x_api.o
                0x00000000080014f6                VL53L0X_GetFractionEnable
 .text.VL53L0X_SetMeasurementTimingBudgetMicroSeconds
                0x0000000008001534       0x26 ./Drivers/BSP/Components/vl53l0x/vl53l0x_api.o
                0x0000000008001534                VL53L0X_SetMeasurementTimingBudgetMicroSeconds
 .text.VL53L0X_GetMeasurementTimingBudgetMicroSeconds
                0x000000000800155a       0x26 ./Drivers/BSP/Components/vl53l0x/vl53l0x_api.o
                0x000000000800155a                VL53L0X_GetMeasurementTimingBudgetMicroSeconds
 .text.VL53L0X_SetVcselPulsePeriod
                0x0000000008001580       0x30 ./Drivers/BSP/Components/vl53l0x/vl53l0x_api.o
                0x0000000008001580                VL53L0X_SetVcselPulsePeriod
 .text.VL53L0X_GetVcselPulsePeriod
                0x00000000080015b0       0x2e ./Drivers/BSP/Components/vl53l0x/vl53l0x_api.o
                0x00000000080015b0                VL53L0X_GetVcselPulsePeriod
 *fill*         0x00000000080015de        0x2 
 .text.VL53L0X_SetSequenceStepEnable
                0x00000000080015e0      0x144 ./Drivers/BSP/Components/vl53l0x/vl53l0x_api.o
                0x00000000080015e0                VL53L0X_SetSequenceStepEnable
 .text.sequence_step_enabled
                0x0000000008001724       0xa4 ./Drivers/BSP/Components/vl53l0x/vl53l0x_api.o
                0x0000000008001724                sequence_step_enabled
 .text.VL53L0X_GetSequenceStepEnables
                0x00000000080017c8       0xb0 ./Drivers/BSP/Components/vl53l0x/vl53l0x_api.o
                0x00000000080017c8                VL53L0X_GetSequenceStepEnables
 .text.VL53L0X_GetInterMeasurementPeriodMilliSeconds
                0x0000000008001878       0x68 ./Drivers/BSP/Components/vl53l0x/vl53l0x_api.o
                0x0000000008001878                VL53L0X_GetInterMeasurementPeriodMilliSeconds
 .text.VL53L0X_GetXTalkCompensationEnable
                0x00000000080018e0       0x2a ./Drivers/BSP/Components/vl53l0x/vl53l0x_api.o
                0x00000000080018e0                VL53L0X_GetXTalkCompensationEnable
 .text.VL53L0X_GetXTalkCompensationRateMegaCps
                0x000000000800190a       0x66 ./Drivers/BSP/Components/vl53l0x/vl53l0x_api.o
                0x000000000800190a                VL53L0X_GetXTalkCompensationRateMegaCps
 .text.VL53L0X_SetLimitCheckEnable
                0x0000000008001970      0x118 ./Drivers/BSP/Components/vl53l0x/vl53l0x_api.o
                0x0000000008001970                VL53L0X_SetLimitCheckEnable
 .text.VL53L0X_GetLimitCheckEnable
                0x0000000008001a88       0x46 ./Drivers/BSP/Components/vl53l0x/vl53l0x_api.o
                0x0000000008001a88                VL53L0X_GetLimitCheckEnable
 *fill*         0x0000000008001ace        0x2 
 .text.VL53L0X_SetLimitCheckValue
                0x0000000008001ad0       0xc4 ./Drivers/BSP/Components/vl53l0x/vl53l0x_api.o
                0x0000000008001ad0                VL53L0X_SetLimitCheckValue
 .text.VL53L0X_GetLimitCheckValue
                0x0000000008001b94      0x11c ./Drivers/BSP/Components/vl53l0x/vl53l0x_api.o
                0x0000000008001b94                VL53L0X_GetLimitCheckValue
 .text.VL53L0X_GetWrapAroundCheckEnable
                0x0000000008001cb0       0x64 ./Drivers/BSP/Components/vl53l0x/vl53l0x_api.o
                0x0000000008001cb0                VL53L0X_GetWrapAroundCheckEnable
 .text.VL53L0X_PerformSingleMeasurement
                0x0000000008001d14       0x68 ./Drivers/BSP/Components/vl53l0x/vl53l0x_api.o
                0x0000000008001d14                VL53L0X_PerformSingleMeasurement
 .text.VL53L0X_PerformRefCalibration
                0x0000000008001d7c       0x2c ./Drivers/BSP/Components/vl53l0x/vl53l0x_api.o
                0x0000000008001d7c                VL53L0X_PerformRefCalibration
 .text.VL53L0X_CheckAndLoadInterruptSettings
                0x0000000008001da8       0xcc ./Drivers/BSP/Components/vl53l0x/vl53l0x_api.o
                0x0000000008001da8                VL53L0X_CheckAndLoadInterruptSettings
 .text.VL53L0X_StartMeasurement
                0x0000000008001e74      0x184 ./Drivers/BSP/Components/vl53l0x/vl53l0x_api.o
                0x0000000008001e74                VL53L0X_StartMeasurement
 .text.VL53L0X_GetMeasurementDataReady
                0x0000000008001ff8       0x80 ./Drivers/BSP/Components/vl53l0x/vl53l0x_api.o
                0x0000000008001ff8                VL53L0X_GetMeasurementDataReady
 .text.VL53L0X_GetRangingMeasurementData
                0x0000000008002078      0x248 ./Drivers/BSP/Components/vl53l0x/vl53l0x_api.o
                0x0000000008002078                VL53L0X_GetRangingMeasurementData
 .text.VL53L0X_PerformSingleRangingMeasurement
                0x00000000080022c0       0x60 ./Drivers/BSP/Components/vl53l0x/vl53l0x_api.o
                0x00000000080022c0                VL53L0X_PerformSingleRangingMeasurement
 .text.VL53L0X_SetGpioConfig
                0x0000000008002320      0x248 ./Drivers/BSP/Components/vl53l0x/vl53l0x_api.o
                0x0000000008002320                VL53L0X_SetGpioConfig
 .text.VL53L0X_GetInterruptThresholds
                0x0000000008002568       0x6c ./Drivers/BSP/Components/vl53l0x/vl53l0x_api.o
                0x0000000008002568                VL53L0X_GetInterruptThresholds
 .text.VL53L0X_ClearInterruptMask
                0x00000000080025d4       0x80 ./Drivers/BSP/Components/vl53l0x/vl53l0x_api.o
                0x00000000080025d4                VL53L0X_ClearInterruptMask
 .text.VL53L0X_GetInterruptMaskStatus
                0x0000000008002654       0x44 ./Drivers/BSP/Components/vl53l0x/vl53l0x_api.o
                0x0000000008002654                VL53L0X_GetInterruptMaskStatus
 .text.VL53L0X_PerformRefSpadManagement
                0x0000000008002698       0x2a ./Drivers/BSP/Components/vl53l0x/vl53l0x_api.o
                0x0000000008002698                VL53L0X_PerformRefSpadManagement
 .text.VL53L0X_get_offset_calibration_data_micro_meter
                0x00000000080026c2       0x7e ./Drivers/BSP/Components/vl53l0x/vl53l0x_api_calibration.o
                0x00000000080026c2                VL53L0X_get_offset_calibration_data_micro_meter
 .text.get_next_good_spad
                0x0000000008002740       0xbc ./Drivers/BSP/Components/vl53l0x/vl53l0x_api_calibration.o
                0x0000000008002740                get_next_good_spad
 .text.is_aperture
                0x00000000080027fc       0x34 ./Drivers/BSP/Components/vl53l0x/vl53l0x_api_calibration.o
                0x00000000080027fc                is_aperture
 .text.enable_spad_bit
                0x0000000008002830       0x70 ./Drivers/BSP/Components/vl53l0x/vl53l0x_api_calibration.o
                0x0000000008002830                enable_spad_bit
 .text.set_ref_spad_map
                0x00000000080028a0       0x26 ./Drivers/BSP/Components/vl53l0x/vl53l0x_api_calibration.o
                0x00000000080028a0                set_ref_spad_map
 .text.get_ref_spad_map
                0x00000000080028c6       0x26 ./Drivers/BSP/Components/vl53l0x/vl53l0x_api_calibration.o
                0x00000000080028c6                get_ref_spad_map
 .text.enable_ref_spads
                0x00000000080028ec       0xf8 ./Drivers/BSP/Components/vl53l0x/vl53l0x_api_calibration.o
                0x00000000080028ec                enable_ref_spads
 .text.perform_ref_signal_measurement
                0x00000000080029e4       0xd4 ./Drivers/BSP/Components/vl53l0x/vl53l0x_api_calibration.o
                0x00000000080029e4                perform_ref_signal_measurement
 .text.VL53L0X_perform_ref_spad_management
                0x0000000008002ab8      0x418 ./Drivers/BSP/Components/vl53l0x/vl53l0x_api_calibration.o
                0x0000000008002ab8                VL53L0X_perform_ref_spad_management
 .text.VL53L0X_set_reference_spads
                0x0000000008002ed0      0x14a ./Drivers/BSP/Components/vl53l0x/vl53l0x_api_calibration.o
                0x0000000008002ed0                VL53L0X_set_reference_spads
 .text.VL53L0X_perform_single_ref_calibration
                0x000000000800301a       0x76 ./Drivers/BSP/Components/vl53l0x/vl53l0x_api_calibration.o
                0x000000000800301a                VL53L0X_perform_single_ref_calibration
 .text.VL53L0X_ref_calibration_io
                0x0000000008003090      0x132 ./Drivers/BSP/Components/vl53l0x/vl53l0x_api_calibration.o
                0x0000000008003090                VL53L0X_ref_calibration_io
 .text.VL53L0X_perform_vhv_calibration
                0x00000000080031c2       0xce ./Drivers/BSP/Components/vl53l0x/vl53l0x_api_calibration.o
                0x00000000080031c2                VL53L0X_perform_vhv_calibration
 .text.VL53L0X_perform_phase_calibration
                0x0000000008003290       0xca ./Drivers/BSP/Components/vl53l0x/vl53l0x_api_calibration.o
                0x0000000008003290                VL53L0X_perform_phase_calibration
 .text.VL53L0X_perform_ref_calibration
                0x000000000800335a       0x7a ./Drivers/BSP/Components/vl53l0x/vl53l0x_api_calibration.o
                0x000000000800335a                VL53L0X_perform_ref_calibration
 .text.VL53L0X_measurement_poll_for_completion
                0x00000000080033d4       0x60 ./Drivers/BSP/Components/vl53l0x/vl53l0x_api_core.o
                0x00000000080033d4                VL53L0X_measurement_poll_for_completion
 .text.VL53L0X_decode_vcsel_period
                0x0000000008003434       0x26 ./Drivers/BSP/Components/vl53l0x/vl53l0x_api_core.o
                0x0000000008003434                VL53L0X_decode_vcsel_period
 .text.VL53L0X_encode_vcsel_period
                0x000000000800345a       0x26 ./Drivers/BSP/Components/vl53l0x/vl53l0x_api_core.o
                0x000000000800345a                VL53L0X_encode_vcsel_period
 .text.VL53L0X_isqrt
                0x0000000008003480       0x68 ./Drivers/BSP/Components/vl53l0x/vl53l0x_api_core.o
                0x0000000008003480                VL53L0X_isqrt
 .text.VL53L0X_device_read_strobe
                0x00000000080034e8       0x86 ./Drivers/BSP/Components/vl53l0x/vl53l0x_api_core.o
                0x00000000080034e8                VL53L0X_device_read_strobe
 .text.VL53L0X_get_info_from_device
                0x000000000800356e      0x99a ./Drivers/BSP/Components/vl53l0x/vl53l0x_api_core.o
                0x000000000800356e                VL53L0X_get_info_from_device
 .text.VL53L0X_calc_macro_period_ps
                0x0000000008003f08       0x3c ./Drivers/BSP/Components/vl53l0x/vl53l0x_api_core.o
                0x0000000008003f08                VL53L0X_calc_macro_period_ps
 .text.VL53L0X_encode_timeout
                0x0000000008003f44       0x58 ./Drivers/BSP/Components/vl53l0x/vl53l0x_api_core.o
                0x0000000008003f44                VL53L0X_encode_timeout
 .text.VL53L0X_decode_timeout
                0x0000000008003f9c       0x2c ./Drivers/BSP/Components/vl53l0x/vl53l0x_api_core.o
                0x0000000008003f9c                VL53L0X_decode_timeout
 .text.VL53L0X_calc_timeout_mclks
                0x0000000008003fc8       0x54 ./Drivers/BSP/Components/vl53l0x/vl53l0x_api_core.o
                0x0000000008003fc8                VL53L0X_calc_timeout_mclks
 .text.VL53L0X_calc_timeout_us
                0x000000000800401c       0x54 ./Drivers/BSP/Components/vl53l0x/vl53l0x_api_core.o
                0x000000000800401c                VL53L0X_calc_timeout_us
 .text.get_sequence_step_timeout
                0x0000000008004070      0x1c2 ./Drivers/BSP/Components/vl53l0x/vl53l0x_api_core.o
                0x0000000008004070                get_sequence_step_timeout
 .text.set_sequence_step_timeout
                0x0000000008004232      0x1e4 ./Drivers/BSP/Components/vl53l0x/vl53l0x_api_core.o
                0x0000000008004232                set_sequence_step_timeout
 .text.VL53L0X_set_vcsel_pulse_period
                0x0000000008004416      0x512 ./Drivers/BSP/Components/vl53l0x/vl53l0x_api_core.o
                0x0000000008004416                VL53L0X_set_vcsel_pulse_period
 .text.VL53L0X_get_vcsel_pulse_period
                0x0000000008004928       0x6e ./Drivers/BSP/Components/vl53l0x/vl53l0x_api_core.o
                0x0000000008004928                VL53L0X_get_vcsel_pulse_period
 .text.VL53L0X_set_measurement_timing_budget_micro_seconds
                0x0000000008004996      0x1c0 ./Drivers/BSP/Components/vl53l0x/vl53l0x_api_core.o
                0x0000000008004996                VL53L0X_set_measurement_timing_budget_micro_seconds
 .text.VL53L0X_get_measurement_timing_budget_micro_seconds
                0x0000000008004b56      0x162 ./Drivers/BSP/Components/vl53l0x/vl53l0x_api_core.o
                0x0000000008004b56                VL53L0X_get_measurement_timing_budget_micro_seconds
 .text.VL53L0X_load_tuning_settings
                0x0000000008004cb8      0x1c4 ./Drivers/BSP/Components/vl53l0x/vl53l0x_api_core.o
                0x0000000008004cb8                VL53L0X_load_tuning_settings
 .text.VL53L0X_get_total_xtalk_rate
                0x0000000008004e7c       0x5e ./Drivers/BSP/Components/vl53l0x/vl53l0x_api_core.o
                0x0000000008004e7c                VL53L0X_get_total_xtalk_rate
 .text.VL53L0X_get_total_signal_rate
                0x0000000008004eda       0x4a ./Drivers/BSP/Components/vl53l0x/vl53l0x_api_core.o
                0x0000000008004eda                VL53L0X_get_total_signal_rate
 .text.VL53L0X_calc_dmax
                0x0000000008004f24      0x238 ./Drivers/BSP/Components/vl53l0x/vl53l0x_api_core.o
                0x0000000008004f24                VL53L0X_calc_dmax
 .text.VL53L0X_calc_sigma_estimate
                0x000000000800515c      0x498 ./Drivers/BSP/Components/vl53l0x/vl53l0x_api_core.o
                0x000000000800515c                VL53L0X_calc_sigma_estimate
 .text.VL53L0X_get_pal_range_status
                0x00000000080055f4      0x3b6 ./Drivers/BSP/Components/vl53l0x/vl53l0x_api_core.o
                0x00000000080055f4                VL53L0X_get_pal_range_status
 .text._I2CWrite
                0x00000000080059aa       0x3e ./Drivers/BSP/NUCLEO-F411RE/vl53l0x_platform.o
                0x00000000080059aa                _I2CWrite
 .text._I2CRead
                0x00000000080059e8       0x44 ./Drivers/BSP/NUCLEO-F411RE/vl53l0x_platform.o
                0x00000000080059e8                _I2CRead
 .text.VL53L0X_WriteMulti
                0x0000000008005a2c       0x60 ./Drivers/BSP/NUCLEO-F411RE/vl53l0x_platform.o
                0x0000000008005a2c                VL53L0X_WriteMulti
 .text.VL53L0X_ReadMulti
                0x0000000008005a8c       0x56 ./Drivers/BSP/NUCLEO-F411RE/vl53l0x_platform.o
                0x0000000008005a8c                VL53L0X_ReadMulti
 *fill*         0x0000000008005ae2        0x2 
 .text.VL53L0X_WrByte
                0x0000000008005ae4       0x48 ./Drivers/BSP/NUCLEO-F411RE/vl53l0x_platform.o
                0x0000000008005ae4                VL53L0X_WrByte
 .text.VL53L0X_WrWord
                0x0000000008005b2c       0x54 ./Drivers/BSP/NUCLEO-F411RE/vl53l0x_platform.o
                0x0000000008005b2c                VL53L0X_WrWord
 .text.VL53L0X_UpdateByte
                0x0000000008005b80       0x68 ./Drivers/BSP/NUCLEO-F411RE/vl53l0x_platform.o
                0x0000000008005b80                VL53L0X_UpdateByte
 .text.VL53L0X_RdByte
                0x0000000008005be8       0x54 ./Drivers/BSP/NUCLEO-F411RE/vl53l0x_platform.o
                0x0000000008005be8                VL53L0X_RdByte
 .text.VL53L0X_RdWord
                0x0000000008005c3c       0x70 ./Drivers/BSP/NUCLEO-F411RE/vl53l0x_platform.o
                0x0000000008005c3c                VL53L0X_RdWord
 .text.VL53L0X_RdDWord
                0x0000000008005cac       0x78 ./Drivers/BSP/NUCLEO-F411RE/vl53l0x_platform.o
                0x0000000008005cac                VL53L0X_RdDWord
 .text.VL53L0X_PollingDelay
                0x0000000008005d24       0x1e ./Drivers/BSP/NUCLEO-F411RE/vl53l0x_platform.o
                0x0000000008005d24                VL53L0X_PollingDelay
 *fill*         0x0000000008005d42        0x2 
 .text.HandleError
                0x0000000008005d44       0x28 ./Drivers/BSP/NUCLEO-F411RE/vl53l0x_platform.o
                0x0000000008005d44                HandleError
 .text.VL53L0X_ResetId
                0x0000000008005d6c       0x40 ./Drivers/BSP/NUCLEO-F411RE/vl53l0x_platform.o
                0x0000000008005d6c                VL53L0X_ResetId
 .text.F411_SetDisplayString
                0x0000000008005dac       0x30 ./Drivers/BSP/NUCLEO-F411RE/vl53l0x_platform.o
                0x0000000008005dac                F411_SetDisplayString
 .text.DetectSensors
                0x0000000008005ddc      0x148 ./Drivers/BSP/NUCLEO-F411RE/vl53l0x_platform.o
                0x0000000008005ddc                DetectSensors
 .text.SetupSingleShot
                0x0000000008005f24      0x238 ./Drivers/BSP/NUCLEO-F411RE/vl53l0x_platform.o
                0x0000000008005f24                SetupSingleShot
 .text.ResetAndDetectSensor
                0x000000000800615c       0x3c ./Drivers/BSP/NUCLEO-F411RE/vl53l0x_platform.o
                0x000000000800615c                ResetAndDetectSensor
 .text.HAL_Init
                0x0000000008006198       0x44 ./Drivers/STM32F4xx_HAL_Driver/Src/stm32f4xx_hal.o
                0x0000000008006198                HAL_Init
 .text.HAL_InitTick
                0x00000000080061dc       0x60 ./Drivers/STM32F4xx_HAL_Driver/Src/stm32f4xx_hal.o
                0x00000000080061dc                HAL_InitTick
 .text.HAL_IncTick
                0x000000000800623c       0x28 ./Drivers/STM32F4xx_HAL_Driver/Src/stm32f4xx_hal.o
                0x000000000800623c                HAL_IncTick
 .text.HAL_GetTick
                0x0000000008006264       0x18 ./Drivers/STM32F4xx_HAL_Driver/Src/stm32f4xx_hal.o
                0x0000000008006264                HAL_GetTick
 .text.HAL_Delay
                0x000000000800627c       0x48 ./Drivers/STM32F4xx_HAL_Driver/Src/stm32f4xx_hal.o
                0x000000000800627c                HAL_Delay
 .text.__NVIC_SetPriorityGrouping
                0x00000000080062c4       0x48 ./Drivers/STM32F4xx_HAL_Driver/Src/stm32f4xx_hal_cortex.o
 .text.__NVIC_GetPriorityGrouping
                0x000000000800630c       0x1c ./Drivers/STM32F4xx_HAL_Driver/Src/stm32f4xx_hal_cortex.o
 .text.__NVIC_SetPriority
                0x0000000008006328       0x54 ./Drivers/STM32F4xx_HAL_Driver/Src/stm32f4xx_hal_cortex.o
 .text.NVIC_EncodePriority
                0x000000000800637c       0x66 ./Drivers/STM32F4xx_HAL_Driver/Src/stm32f4xx_hal_cortex.o
 *fill*         0x00000000080063e2        0x2 
 .text.SysTick_Config
                0x00000000080063e4       0x44 ./Drivers/STM32F4xx_HAL_Driver/Src/stm32f4xx_hal_cortex.o
 .text.HAL_NVIC_SetPriorityGrouping
                0x0000000008006428       0x16 ./Drivers/STM32F4xx_HAL_Driver/Src/stm32f4xx_hal_cortex.o
                0x0000000008006428                HAL_NVIC_SetPriorityGrouping
 .text.HAL_NVIC_SetPriority
                0x000000000800643e       0x38 ./Drivers/STM32F4xx_HAL_Driver/Src/stm32f4xx_hal_cortex.o
                0x000000000800643e                HAL_NVIC_SetPriority
 .text.HAL_SYSTICK_Config
                0x0000000008006476       0x18 ./Drivers/STM32F4xx_HAL_Driver/Src/stm32f4xx_hal_cortex.o
                0x0000000008006476                HAL_SYSTICK_Config
 *fill*         0x000000000800648e        0x2 
 .text.HAL_GPIO_Init
                0x0000000008006490      0x308 ./Drivers/STM32F4xx_HAL_Driver/Src/stm32f4xx_hal_gpio.o
                0x0000000008006490                HAL_GPIO_Init
 .text.HAL_GPIO_WritePin
                0x0000000008006798       0x32 ./Drivers/STM32F4xx_HAL_Driver/Src/stm32f4xx_hal_gpio.o
                0x0000000008006798                HAL_GPIO_WritePin
 *fill*         0x00000000080067ca        0x2 
 .text.HAL_I2C_Init
                0x00000000080067cc      0x288 ./Drivers/STM32F4xx_HAL_Driver/Src/stm32f4xx_hal_i2c.o
                0x00000000080067cc                HAL_I2C_Init
 .text.HAL_I2C_Master_Transmit
                0x0000000008006a54      0x1fc ./Drivers/STM32F4xx_HAL_Driver/Src/stm32f4xx_hal_i2c.o
                0x0000000008006a54                HAL_I2C_Master_Transmit
 .text.HAL_I2C_Master_Receive
                0x0000000008006c50      0x44c ./Drivers/STM32F4xx_HAL_Driver/Src/stm32f4xx_hal_i2c.o
                0x0000000008006c50                HAL_I2C_Master_Receive
 .text.I2C_MasterRequestWrite
                0x000000000800709c      0x104 ./Drivers/STM32F4xx_HAL_Driver/Src/stm32f4xx_hal_i2c.o
 .text.I2C_MasterRequestRead
                0x00000000080071a0      0x19c ./Drivers/STM32F4xx_HAL_Driver/Src/stm32f4xx_hal_i2c.o
 .text.I2C_WaitOnFlagUntilTimeout
                0x000000000800733c       0xae ./Drivers/STM32F4xx_HAL_Driver/Src/stm32f4xx_hal_i2c.o
 .text.I2C_WaitOnMasterAddressFlagUntilTimeout
                0x00000000080073ea       0xfe ./Drivers/STM32F4xx_HAL_Driver/Src/stm32f4xx_hal_i2c.o
 .text.I2C_WaitOnTXEFlagUntilTimeout
                0x00000000080074e8       0x82 ./Drivers/STM32F4xx_HAL_Driver/Src/stm32f4xx_hal_i2c.o
 .text.I2C_WaitOnBTFFlagUntilTimeout
                0x000000000800756a       0x82 ./Drivers/STM32F4xx_HAL_Driver/Src/stm32f4xx_hal_i2c.o
 .text.I2C_WaitOnRXNEFlagUntilTimeout
                0x00000000080075ec       0xac ./Drivers/STM32F4xx_HAL_Driver/Src/stm32f4xx_hal_i2c.o
 .text.I2C_IsAcknowledgeFailed
                0x0000000008007698       0x5e ./Drivers/STM32F4xx_HAL_Driver/Src/stm32f4xx_hal_i2c.o
 *fill*         0x00000000080076f6        0x2 
 .text.HAL_RCC_OscConfig
                0x00000000080076f8      0x4f0 ./Drivers/STM32F4xx_HAL_Driver/Src/stm32f4xx_hal_rcc.o
                0x00000000080076f8                HAL_RCC_OscConfig
 .text.HAL_RCC_ClockConfig
                0x0000000008007be8      0x1cc ./Drivers/STM32F4xx_HAL_Driver/Src/stm32f4xx_hal_rcc.o
                0x0000000008007be8                HAL_RCC_ClockConfig
 .text.HAL_RCC_GetSysClockFreq
                0x0000000008007db4      0x1c4 ./Drivers/STM32F4xx_HAL_Driver/Src/stm32f4xx_hal_rcc.o
                0x0000000008007db4                HAL_RCC_GetSysClockFreq
 .text.HAL_RCC_GetHCLKFreq
                0x0000000008007f78       0x18 ./Drivers/STM32F4xx_HAL_Driver/Src/stm32f4xx_hal_rcc.o
                0x0000000008007f78                HAL_RCC_GetHCLKFreq
 .text.HAL_RCC_GetPCLK1Freq
                0x0000000008007f90       0x28 ./Drivers/STM32F4xx_HAL_Driver/Src/stm32f4xx_hal_rcc.o
                0x0000000008007f90                HAL_RCC_GetPCLK1Freq
 .text.HAL_RCC_GetPCLK2Freq
                0x0000000008007fb8       0x28 ./Drivers/STM32F4xx_HAL_Driver/Src/stm32f4xx_hal_rcc.o
                0x0000000008007fb8                HAL_RCC_GetPCLK2Freq
 .text.HAL_TIM_Base_Init
                0x0000000008007fe0       0x9e ./Drivers/STM32F4xx_HAL_Driver/Src/stm32f4xx_hal_tim.o
                0x0000000008007fe0                HAL_TIM_Base_Init
 .text.HAL_TIM_PWM_Init
                0x000000000800807e       0x9e ./Drivers/STM32F4xx_HAL_Driver/Src/stm32f4xx_hal_tim.o
                0x000000000800807e                HAL_TIM_PWM_Init
 .text.HAL_TIM_PWM_MspInit
                0x000000000800811c       0x14 ./Drivers/STM32F4xx_HAL_Driver/Src/stm32f4xx_hal_tim.o
                0x000000000800811c                HAL_TIM_PWM_MspInit
 .text.HAL_TIM_PWM_Start
                0x0000000008008130      0x160 ./Drivers/STM32F4xx_HAL_Driver/Src/stm32f4xx_hal_tim.o
                0x0000000008008130                HAL_TIM_PWM_Start
 .text.HAL_TIM_PWM_ConfigChannel
                0x0000000008008290      0x184 ./Drivers/STM32F4xx_HAL_Driver/Src/stm32f4xx_hal_tim.o
                0x0000000008008290                HAL_TIM_PWM_ConfigChannel
 .text.HAL_TIM_ConfigClockSource
                0x0000000008008414      0x18e ./Drivers/STM32F4xx_HAL_Driver/Src/stm32f4xx_hal_tim.o
                0x0000000008008414                HAL_TIM_ConfigClockSource
 *fill*         0x00000000080085a2        0x2 
 .text.TIM_Base_SetConfig
                0x00000000080085a4      0x100 ./Drivers/STM32F4xx_HAL_Driver/Src/stm32f4xx_hal_tim.o
                0x00000000080085a4                TIM_Base_SetConfig
 .text.TIM_OC1_SetConfig
                0x00000000080086a4       0xcc ./Drivers/STM32F4xx_HAL_Driver/Src/stm32f4xx_hal_tim.o
 .text.TIM_OC2_SetConfig
                0x0000000008008770       0xd8 ./Drivers/STM32F4xx_HAL_Driver/Src/stm32f4xx_hal_tim.o
                0x0000000008008770                TIM_OC2_SetConfig
 .text.TIM_OC3_SetConfig
                0x0000000008008848       0xd4 ./Drivers/STM32F4xx_HAL_Driver/Src/stm32f4xx_hal_tim.o
 .text.TIM_OC4_SetConfig
                0x000000000800891c       0xa0 ./Drivers/STM32F4xx_HAL_Driver/Src/stm32f4xx_hal_tim.o
 .text.TIM_TI1_ConfigInputStage
                0x00000000080089bc       0x5e ./Drivers/STM32F4xx_HAL_Driver/Src/stm32f4xx_hal_tim.o
 .text.TIM_TI2_ConfigInputStage
                0x0000000008008a1a       0x60 ./Drivers/STM32F4xx_HAL_Driver/Src/stm32f4xx_hal_tim.o
 .text.TIM_ITRx_SetConfig
                0x0000000008008a7a       0x36 ./Drivers/STM32F4xx_HAL_Driver/Src/stm32f4xx_hal_tim.o
 .text.TIM_ETR_SetConfig
                0x0000000008008ab0       0x40 ./Drivers/STM32F4xx_HAL_Driver/Src/stm32f4xx_hal_tim.o
                0x0000000008008ab0                TIM_ETR_SetConfig
 .text.TIM_CCxChannelCmd
                0x0000000008008af0       0x4a ./Drivers/STM32F4xx_HAL_Driver/Src/stm32f4xx_hal_tim.o
                0x0000000008008af0                TIM_CCxChannelCmd
 *fill*         0x0000000008008b3a        0x2 
 .text.HAL_TIMEx_MasterConfigSynchronization
                0x0000000008008b3c       0xdc ./Drivers/STM32F4xx_HAL_Driver/Src/stm32f4xx_hal_tim_ex.o
                0x0000000008008b3c                HAL_TIMEx_MasterConfigSynchronization
 .text.HAL_UART_Init
                0x0000000008008c18       0x9a ./Drivers/STM32F4xx_HAL_Driver/Src/stm32f4xx_hal_uart.o
                0x0000000008008c18                HAL_UART_Init
 .text.HAL_UART_Transmit
                0x0000000008008cb2      0x124 ./Drivers/STM32F4xx_HAL_Driver/Src/stm32f4xx_hal_uart.o
                0x0000000008008cb2                HAL_UART_Transmit
 .text.UART_WaitOnFlagUntilTimeout
                0x0000000008008dd6       0xdc ./Drivers/STM32F4xx_HAL_Driver/Src/stm32f4xx_hal_uart.o
 *fill*         0x0000000008008eb2        0x2 
 .text.UART_SetConfig
                0x0000000008008eb4      0x390 ./Drivers/STM32F4xx_HAL_Driver/Src/stm32f4xx_hal_uart.o
 .text.__errno  0x0000000008009244        0xc c:/st/stm32cubeide_1.8.0/stm32cubeide/plugins/com.st.stm32cube.ide.mcu.externaltools.gnu-tools-for-stm32.9-2020-q2-update.win32_2.0.0.202105311346/tools/bin/../lib/gcc/arm-none-eabi/9.3.1/../../../../arm-none-eabi/lib/thumb/v7e-m+fp/hard\libc_nano.a(lib_a-errno.o)
                0x0000000008009244                __errno
 .text.__libc_init_array
                0x0000000008009250       0x48 c:/st/stm32cubeide_1.8.0/stm32cubeide/plugins/com.st.stm32cube.ide.mcu.externaltools.gnu-tools-for-stm32.9-2020-q2-update.win32_2.0.0.202105311346/tools/bin/../lib/gcc/arm-none-eabi/9.3.1/../../../../arm-none-eabi/lib/thumb/v7e-m+fp/hard\libc_nano.a(lib_a-init.o)
                0x0000000008009250                __libc_init_array
 .text.memcpy   0x0000000008009298       0x1c c:/st/stm32cubeide_1.8.0/stm32cubeide/plugins/com.st.stm32cube.ide.mcu.externaltools.gnu-tools-for-stm32.9-2020-q2-update.win32_2.0.0.202105311346/tools/bin/../lib/gcc/arm-none-eabi/9.3.1/../../../../arm-none-eabi/lib/thumb/v7e-m+fp/hard\libc_nano.a(lib_a-memcpy-stub.o)
                0x0000000008009298                memcpy
 .text.memset   0x00000000080092b4       0x10 c:/st/stm32cubeide_1.8.0/stm32cubeide/plugins/com.st.stm32cube.ide.mcu.externaltools.gnu-tools-for-stm32.9-2020-q2-update.win32_2.0.0.202105311346/tools/bin/../lib/gcc/arm-none-eabi/9.3.1/../../../../arm-none-eabi/lib/thumb/v7e-m+fp/hard\libc_nano.a(lib_a-memset.o)
                0x00000000080092b4                memset
 .text.sprintf  0x00000000080092c4       0x40 c:/st/stm32cubeide_1.8.0/stm32cubeide/plugins/com.st.stm32cube.ide.mcu.externaltools.gnu-tools-for-stm32.9-2020-q2-update.win32_2.0.0.202105311346/tools/bin/../lib/gcc/arm-none-eabi/9.3.1/../../../../arm-none-eabi/lib/thumb/v7e-m+fp/hard\libc_nano.a(lib_a-sprintf.o)
                0x00000000080092c4                siprintf
                0x00000000080092c4                sprintf
 .text.strcpy   0x0000000008009304       0x10 c:/st/stm32cubeide_1.8.0/stm32cubeide/plugins/com.st.stm32cube.ide.mcu.externaltools.gnu-tools-for-stm32.9-2020-q2-update.win32_2.0.0.202105311346/tools/bin/../lib/gcc/arm-none-eabi/9.3.1/../../../../arm-none-eabi/lib/thumb/v7e-m+fp/hard\libc_nano.a(lib_a-strcpy.o)
                0x0000000008009304                strcpy
 .text.__ssputs_r
                0x0000000008009314       0xb6 c:/st/stm32cubeide_1.8.0/stm32cubeide/plugins/com.st.stm32cube.ide.mcu.externaltools.gnu-tools-for-stm32.9-2020-q2-update.win32_2.0.0.202105311346/tools/bin/../lib/gcc/arm-none-eabi/9.3.1/../../../../arm-none-eabi/lib/thumb/v7e-m+fp/hard\libc_nano.a(lib_a-nano-svfprintf.o)
                0x0000000008009314                __ssputs_r
 *fill*         0x00000000080093ca        0x2 
 .text._svfprintf_r
                0x00000000080093cc      0x200 c:/st/stm32cubeide_1.8.0/stm32cubeide/plugins/com.st.stm32cube.ide.mcu.externaltools.gnu-tools-for-stm32.9-2020-q2-update.win32_2.0.0.202105311346/tools/bin/../lib/gcc/arm-none-eabi/9.3.1/../../../../arm-none-eabi/lib/thumb/v7e-m+fp/hard\libc_nano.a(lib_a-nano-svfprintf.o)
                0x00000000080093cc                _svfiprintf_r
                0x00000000080093cc                _svfprintf_r
 .text._printf_common
                0x00000000080095cc       0xda c:/st/stm32cubeide_1.8.0/stm32cubeide/plugins/com.st.stm32cube.ide.mcu.externaltools.gnu-tools-for-stm32.9-2020-q2-update.win32_2.0.0.202105311346/tools/bin/../lib/gcc/arm-none-eabi/9.3.1/../../../../arm-none-eabi/lib/thumb/v7e-m+fp/hard\libc_nano.a(lib_a-nano-vfprintf_i.o)
                0x00000000080095cc                _printf_common
 *fill*         0x00000000080096a6        0x2 
 .text._printf_i
                0x00000000080096a8      0x24c c:/st/stm32cubeide_1.8.0/stm32cubeide/plugins/com.st.stm32cube.ide.mcu.externaltools.gnu-tools-for-stm32.9-2020-q2-update.win32_2.0.0.202105311346/tools/bin/../lib/gcc/arm-none-eabi/9.3.1/../../../../arm-none-eabi/lib/thumb/v7e-m+fp/hard\libc_nano.a(lib_a-nano-vfprintf_i.o)
                0x00000000080096a8                _printf_i
 .text.memmove  0x00000000080098f4       0x34 c:/st/stm32cubeide_1.8.0/stm32cubeide/plugins/com.st.stm32cube.ide.mcu.externaltools.gnu-tools-for-stm32.9-2020-q2-update.win32_2.0.0.202105311346/tools/bin/../lib/gcc/arm-none-eabi/9.3.1/../../../../arm-none-eabi/lib/thumb/v7e-m+fp/hard\libc_nano.a(lib_a-memmove.o)
                0x00000000080098f4                memmove
 .text._free_r  0x0000000008009928       0xa0 c:/st/stm32cubeide_1.8.0/stm32cubeide/plugins/com.st.stm32cube.ide.mcu.externaltools.gnu-tools-for-stm32.9-2020-q2-update.win32_2.0.0.202105311346/tools/bin/../lib/gcc/arm-none-eabi/9.3.1/../../../../arm-none-eabi/lib/thumb/v7e-m+fp/hard\libc_nano.a(lib_a-nano-freer.o)
                0x0000000008009928                _free_r
 .text._malloc_r
                0x00000000080099c8       0xb4 c:/st/stm32cubeide_1.8.0/stm32cubeide/plugins/com.st.stm32cube.ide.mcu.externaltools.gnu-tools-for-stm32.9-2020-q2-update.win32_2.0.0.202105311346/tools/bin/../lib/gcc/arm-none-eabi/9.3.1/../../../../arm-none-eabi/lib/thumb/v7e-m+fp/hard\libc_nano.a(lib_a-nano-mallocr.o)
                0x00000000080099c8                _malloc_r
 .text._realloc_r
                0x0000000008009a7c       0x4c c:/st/stm32cubeide_1.8.0/stm32cubeide/plugins/com.st.stm32cube.ide.mcu.externaltools.gnu-tools-for-stm32.9-2020-q2-update.win32_2.0.0.202105311346/tools/bin/../lib/gcc/arm-none-eabi/9.3.1/../../../../arm-none-eabi/lib/thumb/v7e-m+fp/hard\libc_nano.a(lib_a-nano-reallocr.o)
                0x0000000008009a7c                _realloc_r
 .text._sbrk_r  0x0000000008009ac8       0x20 c:/st/stm32cubeide_1.8.0/stm32cubeide/plugins/com.st.stm32cube.ide.mcu.externaltools.gnu-tools-for-stm32.9-2020-q2-update.win32_2.0.0.202105311346/tools/bin/../lib/gcc/arm-none-eabi/9.3.1/../../../../arm-none-eabi/lib/thumb/v7e-m+fp/hard\libc_nano.a(lib_a-sbrkr.o)
                0x0000000008009ac8                _sbrk_r
 .text.__malloc_lock
                0x0000000008009ae8        0xc c:/st/stm32cubeide_1.8.0/stm32cubeide/plugins/com.st.stm32cube.ide.mcu.externaltools.gnu-tools-for-stm32.9-2020-q2-update.win32_2.0.0.202105311346/tools/bin/../lib/gcc/arm-none-eabi/9.3.1/../../../../arm-none-eabi/lib/thumb/v7e-m+fp/hard\libc_nano.a(lib_a-mlock.o)
                0x0000000008009ae8                __malloc_lock
 .text.__malloc_unlock
                0x0000000008009af4        0xc c:/st/stm32cubeide_1.8.0/stm32cubeide/plugins/com.st.stm32cube.ide.mcu.externaltools.gnu-tools-for-stm32.9-2020-q2-update.win32_2.0.0.202105311346/tools/bin/../lib/gcc/arm-none-eabi/9.3.1/../../../../arm-none-eabi/lib/thumb/v7e-m+fp/hard\libc_nano.a(lib_a-mlock.o)
                0x0000000008009af4                __malloc_unlock
 .text._malloc_usable_size_r
                0x0000000008009b00       0x10 c:/st/stm32cubeide_1.8.0/stm32cubeide/plugins/com.st.stm32cube.ide.mcu.externaltools.gnu-tools-for-stm32.9-2020-q2-update.win32_2.0.0.202105311346/tools/bin/../lib/gcc/arm-none-eabi/9.3.1/../../../../arm-none-eabi/lib/thumb/v7e-m+fp/hard\libc_nano.a(lib_a-nano-msizer.o)
                0x0000000008009b00                _malloc_usable_size_r
 .text.__retarget_lock_acquire_recursive
                0x0000000008009b10        0x2 c:/st/stm32cubeide_1.8.0/stm32cubeide/plugins/com.st.stm32cube.ide.mcu.externaltools.gnu-tools-for-stm32.9-2020-q2-update.win32_2.0.0.202105311346/tools/bin/../lib/gcc/arm-none-eabi/9.3.1/../../../../arm-none-eabi/lib/thumb/v7e-m+fp/hard\libc_nano.a(lib_a-lock.o)
                0x0000000008009b10                __retarget_lock_acquire_recursive
 .text.__retarget_lock_release_recursive
                0x0000000008009b12        0x2 c:/st/stm32cubeide_1.8.0/stm32cubeide/plugins/com.st.stm32cube.ide.mcu.externaltools.gnu-tools-for-stm32.9-2020-q2-update.win32_2.0.0.202105311346/tools/bin/../lib/gcc/arm-none-eabi/9.3.1/../../../../arm-none-eabi/lib/thumb/v7e-m+fp/hard\libc_nano.a(lib_a-lock.o)
                0x0000000008009b12                __retarget_lock_release_recursive
 *(.glue_7)
 .glue_7        0x0000000008009b14        0x0 linker stubs
 *(.glue_7t)
 .glue_7t       0x0000000008009b14        0x0 linker stubs
 *(.eh_frame)
 .eh_frame      0x0000000008009b14        0x0 c:/st/stm32cubeide_1.8.0/stm32cubeide/plugins/com.st.stm32cube.ide.mcu.externaltools.gnu-tools-for-stm32.9-2020-q2-update.win32_2.0.0.202105311346/tools/bin/../lib/gcc/arm-none-eabi/9.3.1/thumb/v7e-m+fp/hard/crtbegin.o
 *(.init)
 .init          0x0000000008009b14        0x4 c:/st/stm32cubeide_1.8.0/stm32cubeide/plugins/com.st.stm32cube.ide.mcu.externaltools.gnu-tools-for-stm32.9-2020-q2-update.win32_2.0.0.202105311346/tools/bin/../lib/gcc/arm-none-eabi/9.3.1/thumb/v7e-m+fp/hard/crti.o
                0x0000000008009b14                _init
 .init          0x0000000008009b18        0x8 c:/st/stm32cubeide_1.8.0/stm32cubeide/plugins/com.st.stm32cube.ide.mcu.externaltools.gnu-tools-for-stm32.9-2020-q2-update.win32_2.0.0.202105311346/tools/bin/../lib/gcc/arm-none-eabi/9.3.1/thumb/v7e-m+fp/hard/crtn.o
 *(.fini)
 .fini          0x0000000008009b20        0x4 c:/st/stm32cubeide_1.8.0/stm32cubeide/plugins/com.st.stm32cube.ide.mcu.externaltools.gnu-tools-for-stm32.9-2020-q2-update.win32_2.0.0.202105311346/tools/bin/../lib/gcc/arm-none-eabi/9.3.1/thumb/v7e-m+fp/hard/crti.o
                0x0000000008009b20                _fini
 .fini          0x0000000008009b24        0x8 c:/st/stm32cubeide_1.8.0/stm32cubeide/plugins/com.st.stm32cube.ide.mcu.externaltools.gnu-tools-for-stm32.9-2020-q2-update.win32_2.0.0.202105311346/tools/bin/../lib/gcc/arm-none-eabi/9.3.1/thumb/v7e-m+fp/hard/crtn.o
                0x0000000008009b2c                . = ALIGN (0x4)
                0x0000000008009b2c                _etext = .

.vfp11_veneer   0x0000000008009b2c        0x0
 .vfp11_veneer  0x0000000008009b2c        0x0 linker stubs

.v4_bx          0x0000000008009b2c        0x0
 .v4_bx         0x0000000008009b2c        0x0 linker stubs

.iplt           0x0000000008009b2c        0x0
 .iplt          0x0000000008009b2c        0x0 c:/st/stm32cubeide_1.8.0/stm32cubeide/plugins/com.st.stm32cube.ide.mcu.externaltools.gnu-tools-for-stm32.9-2020-q2-update.win32_2.0.0.202105311346/tools/bin/../lib/gcc/arm-none-eabi/9.3.1/thumb/v7e-m+fp/hard/crtbegin.o

.rodata         0x0000000008009b2c       0x70
                0x0000000008009b2c                . = ALIGN (0x4)
 *(.rodata)
 .rodata        0x0000000008009b2c        0x6 ./Core/Src/main.o
 *fill*         0x0000000008009b32        0x2 
 .rodata        0x0000000008009b34       0x1c ./Drivers/BSP/NUCLEO-F411RE/vl53l0x_platform.o
 *(.rodata*)
 .rodata.AHBPrescTable
                0x0000000008009b50       0x10 ./Core/Src/system_stm32f4xx.o
                0x0000000008009b50                AHBPrescTable
 .rodata.APBPrescTable
                0x0000000008009b60        0x8 ./Core/Src/system_stm32f4xx.o
                0x0000000008009b60                APBPrescTable
 .rodata._svfprintf_r.str1.1
                0x0000000008009b68       0x11 c:/st/stm32cubeide_1.8.0/stm32cubeide/plugins/com.st.stm32cube.ide.mcu.externaltools.gnu-tools-for-stm32.9-2020-q2-update.win32_2.0.0.202105311346/tools/bin/../lib/gcc/arm-none-eabi/9.3.1/../../../../arm-none-eabi/lib/thumb/v7e-m+fp/hard\libc_nano.a(lib_a-nano-svfprintf.o)
 .rodata._printf_i.str1.1
                0x0000000008009b79       0x22 c:/st/stm32cubeide_1.8.0/stm32cubeide/plugins/com.st.stm32cube.ide.mcu.externaltools.gnu-tools-for-stm32.9-2020-q2-update.win32_2.0.0.202105311346/tools/bin/../lib/gcc/arm-none-eabi/9.3.1/../../../../arm-none-eabi/lib/thumb/v7e-m+fp/hard\libc_nano.a(lib_a-nano-vfprintf_i.o)
                0x0000000008009b9c                . = ALIGN (0x4)
 *fill*         0x0000000008009b9b        0x1 

.ARM.extab      0x0000000008009b9c        0x0
                0x0000000008009b9c                . = ALIGN (0x4)
 *(.ARM.extab* .gnu.linkonce.armextab.*)
                0x0000000008009b9c                . = ALIGN (0x4)

.ARM            0x0000000008009b9c        0x8
                0x0000000008009b9c                . = ALIGN (0x4)
                0x0000000008009b9c                __exidx_start = .
 *(.ARM.exidx*)
 .ARM.exidx     0x0000000008009b9c        0x8 c:/st/stm32cubeide_1.8.0/stm32cubeide/plugins/com.st.stm32cube.ide.mcu.externaltools.gnu-tools-for-stm32.9-2020-q2-update.win32_2.0.0.202105311346/tools/bin/../lib/gcc/arm-none-eabi/9.3.1/thumb/v7e-m+fp/hard\libgcc.a(_udivmoddi4.o)
                0x0000000008009ba4                __exidx_end = .
                0x0000000008009ba4                . = ALIGN (0x4)

.rel.dyn        0x0000000008009ba4        0x0
 .rel.iplt      0x0000000008009ba4        0x0 c:/st/stm32cubeide_1.8.0/stm32cubeide/plugins/com.st.stm32cube.ide.mcu.externaltools.gnu-tools-for-stm32.9-2020-q2-update.win32_2.0.0.202105311346/tools/bin/../lib/gcc/arm-none-eabi/9.3.1/thumb/v7e-m+fp/hard/crtbegin.o

.preinit_array  0x0000000008009ba4        0x0
                0x0000000008009ba4                . = ALIGN (0x4)
                0x0000000008009ba4                PROVIDE (__preinit_array_start = .)
 *(.preinit_array*)
                0x0000000008009ba4                PROVIDE (__preinit_array_end = .)
                0x0000000008009ba4                . = ALIGN (0x4)

.init_array     0x0000000008009ba4        0x4
                0x0000000008009ba4                . = ALIGN (0x4)
                0x0000000008009ba4                PROVIDE (__init_array_start = .)
 *(SORT_BY_NAME(.init_array.*))
 *(.init_array*)
 .init_array    0x0000000008009ba4        0x4 c:/st/stm32cubeide_1.8.0/stm32cubeide/plugins/com.st.stm32cube.ide.mcu.externaltools.gnu-tools-for-stm32.9-2020-q2-update.win32_2.0.0.202105311346/tools/bin/../lib/gcc/arm-none-eabi/9.3.1/thumb/v7e-m+fp/hard/crtbegin.o
                0x0000000008009ba8                PROVIDE (__init_array_end = .)
                0x0000000008009ba8                . = ALIGN (0x4)

.fini_array     0x0000000008009ba8        0x4
                0x0000000008009ba8                . = ALIGN (0x4)
                [!provide]                        PROVIDE (__fini_array_start = .)
 *(SORT_BY_NAME(.fini_array.*))
 *(.fini_array*)
 .fini_array    0x0000000008009ba8        0x4 c:/st/stm32cubeide_1.8.0/stm32cubeide/plugins/com.st.stm32cube.ide.mcu.externaltools.gnu-tools-for-stm32.9-2020-q2-update.win32_2.0.0.202105311346/tools/bin/../lib/gcc/arm-none-eabi/9.3.1/thumb/v7e-m+fp/hard/crtbegin.o
                [!provide]                        PROVIDE (__fini_array_end = .)
                0x0000000008009bac                . = ALIGN (0x4)
                0x0000000008009bac                _sidata = LOADADDR (.data)

.data           0x0000000020000000      0x4bc load address 0x0000000008009bac
                0x0000000020000000                . = ALIGN (0x4)
                0x0000000020000000                _sdata = .
 *(.data)
 *(.data*)
 .data.SystemCoreClock
                0x0000000020000000        0x4 ./Core/Src/system_stm32f4xx.o
                0x0000000020000000                SystemCoreClock
 .data.DefaultTuningSettings
                0x0000000020000004       0xf3 ./Drivers/BSP/Components/vl53l0x/vl53l0x_api.o
                0x0000000020000004                DefaultTuningSettings
 *fill*         0x00000000200000f7        0x1 
 .data.InterruptThresholdSettings
                0x00000000200000f8      0x1b6 ./Drivers/BSP/Components/vl53l0x/vl53l0x_api.o
                0x00000000200000f8                InterruptThresholdSettings
 *fill*         0x00000000200002ae        0x2 
 .data.refArrayQuadrants
                0x00000000200002b0       0x10 ./Drivers/BSP/Components/vl53l0x/vl53l0x_api_calibration.o
                0x00000000200002b0                refArrayQuadrants
 .data.VL53L0XDevs
                0x00000000200002c0      0x190 ./Drivers/BSP/NUCLEO-F411RE/vl53l0x_platform.o
                0x00000000200002c0                VL53L0XDevs
 .data.uwTickPrio
                0x0000000020000450        0x4 ./Drivers/STM32F4xx_HAL_Driver/Src/stm32f4xx_hal.o
                0x0000000020000450                uwTickPrio
 .data.uwTickFreq
                0x0000000020000454        0x1 ./Drivers/STM32F4xx_HAL_Driver/Src/stm32f4xx_hal.o
                0x0000000020000454                uwTickFreq
 *fill*         0x0000000020000455        0x3 
 .data._impure_ptr
                0x0000000020000458        0x4 c:/st/stm32cubeide_1.8.0/stm32cubeide/plugins/com.st.stm32cube.ide.mcu.externaltools.gnu-tools-for-stm32.9-2020-q2-update.win32_2.0.0.202105311346/tools/bin/../lib/gcc/arm-none-eabi/9.3.1/../../../../arm-none-eabi/lib/thumb/v7e-m+fp/hard\libc_nano.a(lib_a-impure.o)
                0x0000000020000458                _impure_ptr
 .data.impure_data
                0x000000002000045c       0x60 c:/st/stm32cubeide_1.8.0/stm32cubeide/plugins/com.st.stm32cube.ide.mcu.externaltools.gnu-tools-for-stm32.9-2020-q2-update.win32_2.0.0.202105311346/tools/bin/../lib/gcc/arm-none-eabi/9.3.1/../../../../arm-none-eabi/lib/thumb/v7e-m+fp/hard\libc_nano.a(lib_a-impure.o)
 *(.RamFunc)
 *(.RamFunc*)
                0x00000000200004bc                . = ALIGN (0x4)
                0x00000000200004bc                _edata = .

.igot.plt       0x00000000200004bc        0x0 load address 0x000000000800a068
 .igot.plt      0x00000000200004bc        0x0 c:/st/stm32cubeide_1.8.0/stm32cubeide/plugins/com.st.stm32cube.ide.mcu.externaltools.gnu-tools-for-stm32.9-2020-q2-update.win32_2.0.0.202105311346/tools/bin/../lib/gcc/arm-none-eabi/9.3.1/thumb/v7e-m+fp/hard/crtbegin.o
                0x00000000200004bc                . = ALIGN (0x4)

.bss            0x00000000200004bc      0x1e4 load address 0x000000000800a068
                0x00000000200004bc                _sbss = .
                0x00000000200004bc                __bss_start__ = _sbss
 *(.bss)
 .bss           0x00000000200004bc       0x1c c:/st/stm32cubeide_1.8.0/stm32cubeide/plugins/com.st.stm32cube.ide.mcu.externaltools.gnu-tools-for-stm32.9-2020-q2-update.win32_2.0.0.202105311346/tools/bin/../lib/gcc/arm-none-eabi/9.3.1/thumb/v7e-m+fp/hard/crtbegin.o
 *(.bss*)
 .bss.status    0x00000000200004d8        0x4 ./Core/Src/main.o
                0x00000000200004d8                status
 .bss.position_courante
                0x00000000200004dc        0x2 ./Core/Src/main.o
                0x00000000200004dc                position_courante
 *fill*         0x00000000200004de        0x2 
 .bss.CH1_DC    0x00000000200004e0        0x4 ./Core/Src/main.o
                0x00000000200004e0                CH1_DC
 .bss.__sbrk_heap_end
                0x00000000200004e4        0x4 ./Core/Src/sysmem.o
 .bss.nDevPresent
                0x00000000200004e8        0x4 ./Drivers/BSP/NUCLEO-F411RE/vl53l0x_platform.o
                0x00000000200004e8                nDevPresent
 .bss.__malloc_free_list
                0x00000000200004ec        0x4 c:/st/stm32cubeide_1.8.0/stm32cubeide/plugins/com.st.stm32cube.ide.mcu.externaltools.gnu-tools-for-stm32.9-2020-q2-update.win32_2.0.0.202105311346/tools/bin/../lib/gcc/arm-none-eabi/9.3.1/../../../../arm-none-eabi/lib/thumb/v7e-m+fp/hard\libc_nano.a(lib_a-nano-mallocr.o)
                0x00000000200004ec                __malloc_free_list
 .bss.__malloc_sbrk_start
                0x00000000200004f0        0x4 c:/st/stm32cubeide_1.8.0/stm32cubeide/plugins/com.st.stm32cube.ide.mcu.externaltools.gnu-tools-for-stm32.9-2020-q2-update.win32_2.0.0.202105311346/tools/bin/../lib/gcc/arm-none-eabi/9.3.1/../../../../arm-none-eabi/lib/thumb/v7e-m+fp/hard\libc_nano.a(lib_a-nano-mallocr.o)
                0x00000000200004f0                __malloc_sbrk_start
 *(COMMON)
 COMMON         0x00000000200004f4       0xe4 ./Core/Src/main.o
                0x00000000200004f4                msg3
                0x00000000200004f8                hi2c1
                0x000000002000054c                htim2
                0x0000000020000594                huart2
 COMMON         0x00000000200005d8       0xb4 ./Drivers/BSP/NUCLEO-F411RE/vl53l0x_platform.o
                0x00000000200005d8                nDevMask
                0x00000000200005dc                _I2CBuffer
                0x000000002000061c                XNUCLEO53L0A1_hi2c
                0x0000000020000670                RangingMeasurementData
 COMMON         0x000000002000068c        0x4 ./Drivers/STM32F4xx_HAL_Driver/Src/stm32f4xx_hal.o
                0x000000002000068c                uwTick
 COMMON         0x0000000020000690        0x4 c:/st/stm32cubeide_1.8.0/stm32cubeide/plugins/com.st.stm32cube.ide.mcu.externaltools.gnu-tools-for-stm32.9-2020-q2-update.win32_2.0.0.202105311346/tools/bin/../lib/gcc/arm-none-eabi/9.3.1/../../../../arm-none-eabi/lib/thumb/v7e-m+fp/hard\libc_nano.a(lib_a-reent.o)
                0x0000000020000690                errno
 COMMON         0x0000000020000694        0x9 c:/st/stm32cubeide_1.8.0/stm32cubeide/plugins/com.st.stm32cube.ide.mcu.externaltools.gnu-tools-for-stm32.9-2020-q2-update.win32_2.0.0.202105311346/tools/bin/../lib/gcc/arm-none-eabi/9.3.1/../../../../arm-none-eabi/lib/thumb/v7e-m+fp/hard\libc_nano.a(lib_a-lock.o)
                0x0000000020000694                __lock___atexit_recursive_mutex
                0x0000000020000695                __lock___arc4random_mutex
                0x0000000020000696                __lock___env_recursive_mutex
                0x0000000020000697                __lock___sinit_recursive_mutex
                0x0000000020000698                __lock___malloc_recursive_mutex
                0x0000000020000699                __lock___at_quick_exit_mutex
                0x000000002000069a                __lock___dd_hash_mutex
                0x000000002000069b                __lock___tz_mutex
                0x000000002000069c                __lock___sfp_recursive_mutex
                0x00000000200006a0                . = ALIGN (0x4)
 *fill*         0x000000002000069d        0x3 
                0x00000000200006a0                _ebss = .
                0x00000000200006a0                __bss_end__ = _ebss

._user_heap_stack
                0x00000000200006a0      0x600 load address 0x000000000800a068
                0x00000000200006a0                . = ALIGN (0x8)
                [!provide]                        PROVIDE (end = .)
                0x00000000200006a0                PROVIDE (_end = .)
                0x00000000200008a0                . = (. + _Min_Heap_Size)
 *fill*         0x00000000200006a0      0x200 
                0x0000000020000ca0                . = (. + _Min_Stack_Size)
 *fill*         0x00000000200008a0      0x400 
                0x0000000020000ca0                . = ALIGN (0x8)

/DISCARD/
 libc.a(*)
 libm.a(*)
 libgcc.a(*)

.ARM.attributes
                0x0000000000000000       0x30
 *(.ARM.attributes)
 .ARM.attributes
                0x0000000000000000       0x1e c:/st/stm32cubeide_1.8.0/stm32cubeide/plugins/com.st.stm32cube.ide.mcu.externaltools.gnu-tools-for-stm32.9-2020-q2-update.win32_2.0.0.202105311346/tools/bin/../lib/gcc/arm-none-eabi/9.3.1/thumb/v7e-m+fp/hard/crti.o
 .ARM.attributes
                0x000000000000001e       0x34 c:/st/stm32cubeide_1.8.0/stm32cubeide/plugins/com.st.stm32cube.ide.mcu.externaltools.gnu-tools-for-stm32.9-2020-q2-update.win32_2.0.0.202105311346/tools/bin/../lib/gcc/arm-none-eabi/9.3.1/thumb/v7e-m+fp/hard/crtbegin.o
 .ARM.attributes
                0x0000000000000052       0x34 ./Core/Src/main.o
 .ARM.attributes
                0x0000000000000086       0x34 ./Core/Src/stm32f4xx_hal_msp.o
 .ARM.attributes
                0x00000000000000ba       0x34 ./Core/Src/stm32f4xx_it.o
 .ARM.attributes
                0x00000000000000ee       0x34 ./Core/Src/sysmem.o
 .ARM.attributes
                0x0000000000000122       0x34 ./Core/Src/system_stm32f4xx.o
 .ARM.attributes
                0x0000000000000156       0x21 ./Core/Startup/startup_stm32f411retx.o
 .ARM.attributes
                0x0000000000000177       0x34 ./Drivers/BSP/Components/vl53l0x/vl53l0x_api.o
 .ARM.attributes
                0x00000000000001ab       0x34 ./Drivers/BSP/Components/vl53l0x/vl53l0x_api_calibration.o
 .ARM.attributes
                0x00000000000001df       0x34 ./Drivers/BSP/Components/vl53l0x/vl53l0x_api_core.o
 .ARM.attributes
                0x0000000000000213       0x34 ./Drivers/BSP/NUCLEO-F411RE/vl53l0x_platform.o
 .ARM.attributes
                0x0000000000000247       0x34 ./Drivers/STM32F4xx_HAL_Driver/Src/stm32f4xx_hal.o
 .ARM.attributes
                0x000000000000027b       0x34 ./Drivers/STM32F4xx_HAL_Driver/Src/stm32f4xx_hal_cortex.o
 .ARM.attributes
                0x00000000000002af       0x34 ./Drivers/STM32F4xx_HAL_Driver/Src/stm32f4xx_hal_gpio.o
 .ARM.attributes
                0x00000000000002e3       0x34 ./Drivers/STM32F4xx_HAL_Driver/Src/stm32f4xx_hal_i2c.o
 .ARM.attributes
                0x0000000000000317       0x34 ./Drivers/STM32F4xx_HAL_Driver/Src/stm32f4xx_hal_rcc.o
 .ARM.attributes
                0x000000000000034b       0x34 ./Drivers/STM32F4xx_HAL_Driver/Src/stm32f4xx_hal_tim.o
 .ARM.attributes
                0x000000000000037f       0x34 ./Drivers/STM32F4xx_HAL_Driver/Src/stm32f4xx_hal_tim_ex.o
 .ARM.attributes
                0x00000000000003b3       0x34 ./Drivers/STM32F4xx_HAL_Driver/Src/stm32f4xx_hal_uart.o
 .ARM.attributes
                0x00000000000003e7       0x34 c:/st/stm32cubeide_1.8.0/stm32cubeide/plugins/com.st.stm32cube.ide.mcu.externaltools.gnu-tools-for-stm32.9-2020-q2-update.win32_2.0.0.202105311346/tools/bin/../lib/gcc/arm-none-eabi/9.3.1/../../../../arm-none-eabi/lib/thumb/v7e-m+fp/hard\libc_nano.a(lib_a-errno.o)
 .ARM.attributes
                0x000000000000041b       0x32 c:/st/stm32cubeide_1.8.0/stm32cubeide/plugins/com.st.stm32cube.ide.mcu.externaltools.gnu-tools-for-stm32.9-2020-q2-update.win32_2.0.0.202105311346/tools/bin/../lib/gcc/arm-none-eabi/9.3.1/../../../../arm-none-eabi/lib/thumb/v7e-m+fp/hard\libc_nano.a(lib_a-impure.o)
 .ARM.attributes
                0x000000000000044d       0x34 c:/st/stm32cubeide_1.8.0/stm32cubeide/plugins/com.st.stm32cube.ide.mcu.externaltools.gnu-tools-for-stm32.9-2020-q2-update.win32_2.0.0.202105311346/tools/bin/../lib/gcc/arm-none-eabi/9.3.1/../../../../arm-none-eabi/lib/thumb/v7e-m+fp/hard\libc_nano.a(lib_a-init.o)
 .ARM.attributes
                0x0000000000000481       0x34 c:/st/stm32cubeide_1.8.0/stm32cubeide/plugins/com.st.stm32cube.ide.mcu.externaltools.gnu-tools-for-stm32.9-2020-q2-update.win32_2.0.0.202105311346/tools/bin/../lib/gcc/arm-none-eabi/9.3.1/../../../../arm-none-eabi/lib/thumb/v7e-m+fp/hard\libc_nano.a(lib_a-memcpy-stub.o)
 .ARM.attributes
                0x00000000000004b5       0x34 c:/st/stm32cubeide_1.8.0/stm32cubeide/plugins/com.st.stm32cube.ide.mcu.externaltools.gnu-tools-for-stm32.9-2020-q2-update.win32_2.0.0.202105311346/tools/bin/../lib/gcc/arm-none-eabi/9.3.1/../../../../arm-none-eabi/lib/thumb/v7e-m+fp/hard\libc_nano.a(lib_a-memset.o)
 .ARM.attributes
                0x00000000000004e9       0x34 c:/st/stm32cubeide_1.8.0/stm32cubeide/plugins/com.st.stm32cube.ide.mcu.externaltools.gnu-tools-for-stm32.9-2020-q2-update.win32_2.0.0.202105311346/tools/bin/../lib/gcc/arm-none-eabi/9.3.1/../../../../arm-none-eabi/lib/thumb/v7e-m+fp/hard\libc_nano.a(lib_a-sprintf.o)
 .ARM.attributes
                0x000000000000051d       0x34 c:/st/stm32cubeide_1.8.0/stm32cubeide/plugins/com.st.stm32cube.ide.mcu.externaltools.gnu-tools-for-stm32.9-2020-q2-update.win32_2.0.0.202105311346/tools/bin/../lib/gcc/arm-none-eabi/9.3.1/../../../../arm-none-eabi/lib/thumb/v7e-m+fp/hard\libc_nano.a(lib_a-strcpy.o)
 .ARM.attributes
                0x0000000000000551       0x17 c:/st/stm32cubeide_1.8.0/stm32cubeide/plugins/com.st.stm32cube.ide.mcu.externaltools.gnu-tools-for-stm32.9-2020-q2-update.win32_2.0.0.202105311346/tools/bin/../lib/gcc/arm-none-eabi/9.3.1/../../../../arm-none-eabi/lib/thumb/v7e-m+fp/hard\libc_nano.a(lib_a-strlen.o)
 .ARM.attributes
                0x0000000000000568       0x34 c:/st/stm32cubeide_1.8.0/stm32cubeide/plugins/com.st.stm32cube.ide.mcu.externaltools.gnu-tools-for-stm32.9-2020-q2-update.win32_2.0.0.202105311346/tools/bin/../lib/gcc/arm-none-eabi/9.3.1/../../../../arm-none-eabi/lib/thumb/v7e-m+fp/hard\libc_nano.a(lib_a-nano-svfprintf.o)
 .ARM.attributes
                0x000000000000059c       0x34 c:/st/stm32cubeide_1.8.0/stm32cubeide/plugins/com.st.stm32cube.ide.mcu.externaltools.gnu-tools-for-stm32.9-2020-q2-update.win32_2.0.0.202105311346/tools/bin/../lib/gcc/arm-none-eabi/9.3.1/../../../../arm-none-eabi/lib/thumb/v7e-m+fp/hard\libc_nano.a(lib_a-nano-vfprintf_i.o)
 .ARM.attributes
                0x00000000000005d0       0x1c c:/st/stm32cubeide_1.8.0/stm32cubeide/plugins/com.st.stm32cube.ide.mcu.externaltools.gnu-tools-for-stm32.9-2020-q2-update.win32_2.0.0.202105311346/tools/bin/../lib/gcc/arm-none-eabi/9.3.1/../../../../arm-none-eabi/lib/thumb/v7e-m+fp/hard\libc_nano.a(lib_a-memchr.o)
 .ARM.attributes
                0x00000000000005ec       0x34 c:/st/stm32cubeide_1.8.0/stm32cubeide/plugins/com.st.stm32cube.ide.mcu.externaltools.gnu-tools-for-stm32.9-2020-q2-update.win32_2.0.0.202105311346/tools/bin/../lib/gcc/arm-none-eabi/9.3.1/../../../../arm-none-eabi/lib/thumb/v7e-m+fp/hard\libc_nano.a(lib_a-memmove.o)
 .ARM.attributes
                0x0000000000000620       0x34 c:/st/stm32cubeide_1.8.0/stm32cubeide/plugins/com.st.stm32cube.ide.mcu.externaltools.gnu-tools-for-stm32.9-2020-q2-update.win32_2.0.0.202105311346/tools/bin/../lib/gcc/arm-none-eabi/9.3.1/../../../../arm-none-eabi/lib/thumb/v7e-m+fp/hard\libc_nano.a(lib_a-nano-freer.o)
 .ARM.attributes
                0x0000000000000654       0x34 c:/st/stm32cubeide_1.8.0/stm32cubeide/plugins/com.st.stm32cube.ide.mcu.externaltools.gnu-tools-for-stm32.9-2020-q2-update.win32_2.0.0.202105311346/tools/bin/../lib/gcc/arm-none-eabi/9.3.1/../../../../arm-none-eabi/lib/thumb/v7e-m+fp/hard\libc_nano.a(lib_a-nano-mallocr.o)
 .ARM.attributes
                0x0000000000000688       0x34 c:/st/stm32cubeide_1.8.0/stm32cubeide/plugins/com.st.stm32cube.ide.mcu.externaltools.gnu-tools-for-stm32.9-2020-q2-update.win32_2.0.0.202105311346/tools/bin/../lib/gcc/arm-none-eabi/9.3.1/../../../../arm-none-eabi/lib/thumb/v7e-m+fp/hard\libc_nano.a(lib_a-nano-reallocr.o)
 .ARM.attributes
                0x00000000000006bc       0x34 c:/st/stm32cubeide_1.8.0/stm32cubeide/plugins/com.st.stm32cube.ide.mcu.externaltools.gnu-tools-for-stm32.9-2020-q2-update.win32_2.0.0.202105311346/tools/bin/../lib/gcc/arm-none-eabi/9.3.1/../../../../arm-none-eabi/lib/thumb/v7e-m+fp/hard\libc_nano.a(lib_a-sbrkr.o)
 .ARM.attributes
                0x00000000000006f0       0x34 c:/st/stm32cubeide_1.8.0/stm32cubeide/plugins/com.st.stm32cube.ide.mcu.externaltools.gnu-tools-for-stm32.9-2020-q2-update.win32_2.0.0.202105311346/tools/bin/../lib/gcc/arm-none-eabi/9.3.1/../../../../arm-none-eabi/lib/thumb/v7e-m+fp/hard\libc_nano.a(lib_a-mlock.o)
 .ARM.attributes
                0x0000000000000724       0x34 c:/st/stm32cubeide_1.8.0/stm32cubeide/plugins/com.st.stm32cube.ide.mcu.externaltools.gnu-tools-for-stm32.9-2020-q2-update.win32_2.0.0.202105311346/tools/bin/../lib/gcc/arm-none-eabi/9.3.1/../../../../arm-none-eabi/lib/thumb/v7e-m+fp/hard\libc_nano.a(lib_a-nano-msizer.o)
 .ARM.attributes
                0x0000000000000758       0x34 c:/st/stm32cubeide_1.8.0/stm32cubeide/plugins/com.st.stm32cube.ide.mcu.externaltools.gnu-tools-for-stm32.9-2020-q2-update.win32_2.0.0.202105311346/tools/bin/../lib/gcc/arm-none-eabi/9.3.1/../../../../arm-none-eabi/lib/thumb/v7e-m+fp/hard\libc_nano.a(lib_a-reent.o)
 .ARM.attributes
                0x000000000000078c       0x34 c:/st/stm32cubeide_1.8.0/stm32cubeide/plugins/com.st.stm32cube.ide.mcu.externaltools.gnu-tools-for-stm32.9-2020-q2-update.win32_2.0.0.202105311346/tools/bin/../lib/gcc/arm-none-eabi/9.3.1/../../../../arm-none-eabi/lib/thumb/v7e-m+fp/hard\libc_nano.a(lib_a-lock.o)
 .ARM.attributes
                0x00000000000007c0       0x1e c:/st/stm32cubeide_1.8.0/stm32cubeide/plugins/com.st.stm32cube.ide.mcu.externaltools.gnu-tools-for-stm32.9-2020-q2-update.win32_2.0.0.202105311346/tools/bin/../lib/gcc/arm-none-eabi/9.3.1/thumb/v7e-m+fp/hard\libgcc.a(_aeabi_uldivmod.o)
 .ARM.attributes
                0x00000000000007de       0x34 c:/st/stm32cubeide_1.8.0/stm32cubeide/plugins/com.st.stm32cube.ide.mcu.externaltools.gnu-tools-for-stm32.9-2020-q2-update.win32_2.0.0.202105311346/tools/bin/../lib/gcc/arm-none-eabi/9.3.1/thumb/v7e-m+fp/hard\libgcc.a(_udivmoddi4.o)
 .ARM.attributes
                0x0000000000000812       0x1e c:/st/stm32cubeide_1.8.0/stm32cubeide/plugins/com.st.stm32cube.ide.mcu.externaltools.gnu-tools-for-stm32.9-2020-q2-update.win32_2.0.0.202105311346/tools/bin/../lib/gcc/arm-none-eabi/9.3.1/thumb/v7e-m+fp/hard\libgcc.a(_dvmd_tls.o)
 .ARM.attributes
                0x0000000000000830       0x1e c:/st/stm32cubeide_1.8.0/stm32cubeide/plugins/com.st.stm32cube.ide.mcu.externaltools.gnu-tools-for-stm32.9-2020-q2-update.win32_2.0.0.202105311346/tools/bin/../lib/gcc/arm-none-eabi/9.3.1/thumb/v7e-m+fp/hard/crtn.o
OUTPUT(PWM.elf elf32-littlearm)
LOAD linker stubs
LOAD c:/st/stm32cubeide_1.8.0/stm32cubeide/plugins/com.st.stm32cube.ide.mcu.externaltools.gnu-tools-for-stm32.9-2020-q2-update.win32_2.0.0.202105311346/tools/bin/../lib/gcc/arm-none-eabi/9.3.1/../../../../arm-none-eabi/lib/thumb/v7e-m+fp/hard\libc.a
LOAD c:/st/stm32cubeide_1.8.0/stm32cubeide/plugins/com.st.stm32cube.ide.mcu.externaltools.gnu-tools-for-stm32.9-2020-q2-update.win32_2.0.0.202105311346/tools/bin/../lib/gcc/arm-none-eabi/9.3.1/../../../../arm-none-eabi/lib/thumb/v7e-m+fp/hard\libm.a
LOAD c:/st/stm32cubeide_1.8.0/stm32cubeide/plugins/com.st.stm32cube.ide.mcu.externaltools.gnu-tools-for-stm32.9-2020-q2-update.win32_2.0.0.202105311346/tools/bin/../lib/gcc/arm-none-eabi/9.3.1/thumb/v7e-m+fp/hard\libgcc.a

.debug_info     0x0000000000000000    0x1bc98
 .debug_info    0x0000000000000000     0x241a ./Core/Src/main.o
 .debug_info    0x000000000000241a     0x1168 ./Core/Src/stm32f4xx_hal_msp.o
 .debug_info    0x0000000000003582      0x222 ./Core/Src/stm32f4xx_it.o
 .debug_info    0x00000000000037a4      0xa25 ./Core/Src/sysmem.o
 .debug_info    0x00000000000041c9      0x5d0 ./Core/Src/system_stm32f4xx.o
 .debug_info    0x0000000000004799       0x22 ./Core/Startup/startup_stm32f411retx.o
 .debug_info    0x00000000000047bb     0x3dd4 ./Drivers/BSP/Components/vl53l0x/vl53l0x_api.o
 .debug_info    0x000000000000858f     0x25fa ./Drivers/BSP/Components/vl53l0x/vl53l0x_api_calibration.o
 .debug_info    0x000000000000ab89     0x2b51 ./Drivers/BSP/Components/vl53l0x/vl53l0x_api_core.o
 .debug_info    0x000000000000d6da     0x2236 ./Drivers/BSP/NUCLEO-F411RE/vl53l0x_platform.o
 .debug_info    0x000000000000f910      0x944 ./Drivers/STM32F4xx_HAL_Driver/Src/stm32f4xx_hal.o
 .debug_info    0x0000000000010254      0xe47 ./Drivers/STM32F4xx_HAL_Driver/Src/stm32f4xx_hal_cortex.o
 .debug_info    0x000000000001109b      0x862 ./Drivers/STM32F4xx_HAL_Driver/Src/stm32f4xx_hal_gpio.o
 .debug_info    0x00000000000118fd     0x2653 ./Drivers/STM32F4xx_HAL_Driver/Src/stm32f4xx_hal_i2c.o
 .debug_info    0x0000000000013f50      0x9be ./Drivers/STM32F4xx_HAL_Driver/Src/stm32f4xx_hal_rcc.o
 .debug_info    0x000000000001490e     0x2c1a ./Drivers/STM32F4xx_HAL_Driver/Src/stm32f4xx_hal_tim.o
 .debug_info    0x0000000000017528     0x159a ./Drivers/STM32F4xx_HAL_Driver/Src/stm32f4xx_hal_tim_ex.o
 .debug_info    0x0000000000018ac2     0x31d6 ./Drivers/STM32F4xx_HAL_Driver/Src/stm32f4xx_hal_uart.o

.debug_abbrev   0x0000000000000000     0x29cd
 .debug_abbrev  0x0000000000000000      0x329 ./Core/Src/main.o
 .debug_abbrev  0x0000000000000329      0x208 ./Core/Src/stm32f4xx_hal_msp.o
 .debug_abbrev  0x0000000000000531       0xd2 ./Core/Src/stm32f4xx_it.o
 .debug_abbrev  0x0000000000000603      0x1bf ./Core/Src/sysmem.o
 .debug_abbrev  0x00000000000007c2      0x145 ./Core/Src/system_stm32f4xx.o
 .debug_abbrev  0x0000000000000907       0x12 ./Core/Startup/startup_stm32f411retx.o
 .debug_abbrev  0x0000000000000919      0x318 ./Drivers/BSP/Components/vl53l0x/vl53l0x_api.o
 .debug_abbrev  0x0000000000000c31      0x2f1 ./Drivers/BSP/Components/vl53l0x/vl53l0x_api_calibration.o
 .debug_abbrev  0x0000000000000f22      0x30d ./Drivers/BSP/Components/vl53l0x/vl53l0x_api_core.o
 .debug_abbrev  0x000000000000122f      0x369 ./Drivers/BSP/NUCLEO-F411RE/vl53l0x_platform.o
 .debug_abbrev  0x0000000000001598      0x21e ./Drivers/STM32F4xx_HAL_Driver/Src/stm32f4xx_hal.o
 .debug_abbrev  0x00000000000017b6      0x33c ./Drivers/STM32F4xx_HAL_Driver/Src/stm32f4xx_hal_cortex.o
 .debug_abbrev  0x0000000000001af2      0x1f1 ./Drivers/STM32F4xx_HAL_Driver/Src/stm32f4xx_hal_gpio.o
 .debug_abbrev  0x0000000000001ce3      0x293 ./Drivers/STM32F4xx_HAL_Driver/Src/stm32f4xx_hal_i2c.o
 .debug_abbrev  0x0000000000001f76      0x275 ./Drivers/STM32F4xx_HAL_Driver/Src/stm32f4xx_hal_rcc.o
 .debug_abbrev  0x00000000000021eb      0x26f ./Drivers/STM32F4xx_HAL_Driver/Src/stm32f4xx_hal_tim.o
 .debug_abbrev  0x000000000000245a      0x277 ./Drivers/STM32F4xx_HAL_Driver/Src/stm32f4xx_hal_tim_ex.o
 .debug_abbrev  0x00000000000026d1      0x2fc ./Drivers/STM32F4xx_HAL_Driver/Src/stm32f4xx_hal_uart.o

.debug_aranges  0x0000000000000000     0x13c8
 .debug_aranges
                0x0000000000000000       0x50 ./Core/Src/main.o
 .debug_aranges
                0x0000000000000050       0x58 ./Core/Src/stm32f4xx_hal_msp.o
 .debug_aranges
                0x00000000000000a8       0x60 ./Core/Src/stm32f4xx_it.o
 .debug_aranges
                0x0000000000000108       0x20 ./Core/Src/sysmem.o
 .debug_aranges
                0x0000000000000128       0x28 ./Core/Src/system_stm32f4xx.o
 .debug_aranges
                0x0000000000000150       0x28 ./Core/Startup/startup_stm32f411retx.o
 .debug_aranges
                0x0000000000000178      0x330 ./Drivers/BSP/Components/vl53l0x/vl53l0x_api.o
 .debug_aranges
                0x00000000000004a8       0xd0 ./Drivers/BSP/Components/vl53l0x/vl53l0x_api_calibration.o
 .debug_aranges
                0x0000000000000578       0xe0 ./Drivers/BSP/Components/vl53l0x/vl53l0x_api_core.o
 .debug_aranges
                0x0000000000000658       0xb0 ./Drivers/BSP/NUCLEO-F411RE/vl53l0x_platform.o
 .debug_aranges
                0x0000000000000708       0xf0 ./Drivers/STM32F4xx_HAL_Driver/Src/stm32f4xx_hal.o
 .debug_aranges
                0x00000000000007f8      0x118 ./Drivers/STM32F4xx_HAL_Driver/Src/stm32f4xx_hal_cortex.o
 .debug_aranges
                0x0000000000000910       0x58 ./Drivers/STM32F4xx_HAL_Driver/Src/stm32f4xx_hal_gpio.o
 .debug_aranges
                0x0000000000000968      0x2a0 ./Drivers/STM32F4xx_HAL_Driver/Src/stm32f4xx_hal_i2c.o
 .debug_aranges
                0x0000000000000c08       0x88 ./Drivers/STM32F4xx_HAL_Driver/Src/stm32f4xx_hal_rcc.o
 .debug_aranges
                0x0000000000000c90      0x3d0 ./Drivers/STM32F4xx_HAL_Driver/Src/stm32f4xx_hal_tim.o
 .debug_aranges
                0x0000000000001060      0x168 ./Drivers/STM32F4xx_HAL_Driver/Src/stm32f4xx_hal_tim_ex.o
 .debug_aranges
                0x00000000000011c8      0x200 ./Drivers/STM32F4xx_HAL_Driver/Src/stm32f4xx_hal_uart.o

.debug_ranges   0x0000000000000000     0x1308
 .debug_ranges  0x0000000000000000       0x40 ./Core/Src/main.o
 .debug_ranges  0x0000000000000040       0x48 ./Core/Src/stm32f4xx_hal_msp.o
 .debug_ranges  0x0000000000000088       0x50 ./Core/Src/stm32f4xx_it.o
 .debug_ranges  0x00000000000000d8       0x10 ./Core/Src/sysmem.o
 .debug_ranges  0x00000000000000e8       0x18 ./Core/Src/system_stm32f4xx.o
 .debug_ranges  0x0000000000000100       0x20 ./Core/Startup/startup_stm32f411retx.o
 .debug_ranges  0x0000000000000120      0x320 ./Drivers/BSP/Components/vl53l0x/vl53l0x_api.o
 .debug_ranges  0x0000000000000440       0xc0 ./Drivers/BSP/Components/vl53l0x/vl53l0x_api_calibration.o
 .debug_ranges  0x0000000000000500       0xd0 ./Drivers/BSP/Components/vl53l0x/vl53l0x_api_core.o
 .debug_ranges  0x00000000000005d0       0xa0 ./Drivers/BSP/NUCLEO-F411RE/vl53l0x_platform.o
 .debug_ranges  0x0000000000000670       0xe0 ./Drivers/STM32F4xx_HAL_Driver/Src/stm32f4xx_hal.o
 .debug_ranges  0x0000000000000750      0x108 ./Drivers/STM32F4xx_HAL_Driver/Src/stm32f4xx_hal_cortex.o
 .debug_ranges  0x0000000000000858       0x48 ./Drivers/STM32F4xx_HAL_Driver/Src/stm32f4xx_hal_gpio.o
 .debug_ranges  0x00000000000008a0      0x2b8 ./Drivers/STM32F4xx_HAL_Driver/Src/stm32f4xx_hal_i2c.o
 .debug_ranges  0x0000000000000b58       0x78 ./Drivers/STM32F4xx_HAL_Driver/Src/stm32f4xx_hal_rcc.o
 .debug_ranges  0x0000000000000bd0      0x3c0 ./Drivers/STM32F4xx_HAL_Driver/Src/stm32f4xx_hal_tim.o
 .debug_ranges  0x0000000000000f90      0x158 ./Drivers/STM32F4xx_HAL_Driver/Src/stm32f4xx_hal_tim_ex.o
 .debug_ranges  0x00000000000010e8      0x220 ./Drivers/STM32F4xx_HAL_Driver/Src/stm32f4xx_hal_uart.o

.debug_macro    0x0000000000000000    0x18749
 .debug_macro   0x0000000000000000      0x447 ./Core/Src/main.o
 .debug_macro   0x0000000000000447      0xaa8 ./Core/Src/main.o
 .debug_macro   0x0000000000000eef      0x2a1 ./Core/Src/main.o
 .debug_macro   0x0000000000001190       0x2e ./Core/Src/main.o
 .debug_macro   0x00000000000011be       0x28 ./Core/Src/main.o
 .debug_macro   0x00000000000011e6       0x22 ./Core/Src/main.o
 .debug_macro   0x0000000000001208       0x8e ./Core/Src/main.o
 .debug_macro   0x0000000000001296       0x51 ./Core/Src/main.o
 .debug_macro   0x00000000000012e7      0x103 ./Core/Src/main.o
 .debug_macro   0x00000000000013ea       0x6a ./Core/Src/main.o
 .debug_macro   0x0000000000001454      0x1df ./Core/Src/main.o
 .debug_macro   0x0000000000001633       0x1c ./Core/Src/main.o
 .debug_macro   0x000000000000164f       0x22 ./Core/Src/main.o
 .debug_macro   0x0000000000001671       0xdf ./Core/Src/main.o
 .debug_macro   0x0000000000001750     0x102d ./Core/Src/main.o
 .debug_macro   0x000000000000277d      0x11f ./Core/Src/main.o
 .debug_macro   0x000000000000289c     0xb953 ./Core/Src/main.o
 .debug_macro   0x000000000000e1ef       0x6d ./Core/Src/main.o
 .debug_macro   0x000000000000e25c     0x3666 ./Core/Src/main.o
 .debug_macro   0x00000000000118c2      0x174 ./Core/Src/main.o
 .debug_macro   0x0000000000011a36       0x5c ./Core/Src/main.o
 .debug_macro   0x0000000000011a92      0x447 ./Core/Src/main.o
 .debug_macro   0x0000000000011ed9      0x9fe ./Core/Src/main.o
 .debug_macro   0x00000000000128d7      0x116 ./Core/Src/main.o
 .debug_macro   0x00000000000129ed      0x11b ./Core/Src/main.o
 .debug_macro   0x0000000000012b08       0xa5 ./Core/Src/main.o
 .debug_macro   0x0000000000012bad      0x15f ./Core/Src/main.o
 .debug_macro   0x0000000000012d0c      0x287 ./Core/Src/main.o
 .debug_macro   0x0000000000012f93       0x5f ./Core/Src/main.o
 .debug_macro   0x0000000000012ff2      0x236 ./Core/Src/main.o
 .debug_macro   0x0000000000013228      0x132 ./Core/Src/main.o
 .debug_macro   0x000000000001335a      0x264 ./Core/Src/main.o
 .debug_macro   0x00000000000135be       0x2e ./Core/Src/main.o
 .debug_macro   0x00000000000135ec      0x1b5 ./Core/Src/main.o
 .debug_macro   0x00000000000137a1       0x22 ./Core/Src/main.o
 .debug_macro   0x00000000000137c3       0xd6 ./Core/Src/main.o
 .debug_macro   0x0000000000013899      0x11a ./Core/Src/main.o
 .debug_macro   0x00000000000139b3       0x85 ./Core/Src/main.o
 .debug_macro   0x0000000000013a38       0x89 ./Core/Src/main.o
 .debug_macro   0x0000000000013ac1      0x8d1 ./Core/Src/main.o
 .debug_macro   0x0000000000014392       0x47 ./Core/Src/main.o
 .debug_macro   0x00000000000143d9      0x295 ./Core/Src/main.o
 .debug_macro   0x000000000001466e      0x126 ./Core/Src/main.o
 .debug_macro   0x0000000000014794       0x58 ./Core/Src/main.o
 .debug_macro   0x00000000000147ec       0x18 ./Core/Src/main.o
 .debug_macro   0x0000000000014804       0x52 ./Core/Src/main.o
 .debug_macro   0x0000000000014856       0x3c ./Core/Src/main.o
 .debug_macro   0x0000000000014892       0x34 ./Core/Src/main.o
 .debug_macro   0x00000000000148c6       0x16 ./Core/Src/main.o
 .debug_macro   0x00000000000148dc       0x35 ./Core/Src/main.o
 .debug_macro   0x0000000000014911       0x16 ./Core/Src/main.o
 .debug_macro   0x0000000000014927       0x43 ./Core/Src/main.o
 .debug_macro   0x000000000001496a       0x34 ./Core/Src/main.o
 .debug_macro   0x000000000001499e       0x10 ./Core/Src/main.o
 .debug_macro   0x00000000000149ae       0x58 ./Core/Src/main.o
 .debug_macro   0x0000000000014a06       0x71 ./Core/Src/main.o
 .debug_macro   0x0000000000014a77       0x1c ./Core/Src/main.o
 .debug_macro   0x0000000000014a93      0x12a ./Core/Src/main.o
 .debug_macro   0x0000000000014bbd      0x333 ./Core/Src/main.o
 .debug_macro   0x0000000000014ef0       0x16 ./Core/Src/main.o
 .debug_macro   0x0000000000014f06       0x29 ./Core/Src/main.o
 .debug_macro   0x0000000000014f2f       0x1c ./Core/Src/main.o
 .debug_macro   0x0000000000014f4b       0x10 ./Core/Src/main.o
 .debug_macro   0x0000000000014f5b       0x10 ./Core/Src/main.o
 .debug_macro   0x0000000000014f6b       0x1c ./Core/Src/main.o
 .debug_macro   0x0000000000014f87       0x52 ./Core/Src/main.o
 .debug_macro   0x0000000000014fd9       0x22 ./Core/Src/main.o
 .debug_macro   0x0000000000014ffb       0x10 ./Core/Src/main.o
 .debug_macro   0x000000000001500b       0x40 ./Core/Src/main.o
 .debug_macro   0x000000000001504b       0xd5 ./Core/Src/main.o
 .debug_macro   0x0000000000015120       0x1c ./Core/Src/main.o
 .debug_macro   0x000000000001513c       0x3d ./Core/Src/main.o
 .debug_macro   0x0000000000015179       0x16 ./Core/Src/main.o
 .debug_macro   0x000000000001518f      0x145 ./Core/Src/main.o
 .debug_macro   0x00000000000152d4       0x16 ./Core/Src/main.o
 .debug_macro   0x00000000000152ea       0x20 ./Core/Src/main.o
 .debug_macro   0x000000000001530a       0x5e ./Core/Src/main.o
 .debug_macro   0x0000000000015368       0x16 ./Core/Src/main.o
 .debug_macro   0x000000000001537e       0x4c ./Core/Src/main.o
 .debug_macro   0x00000000000153ca       0x16 ./Core/Src/main.o
 .debug_macro   0x00000000000153e0       0x76 ./Core/Src/main.o
 .debug_macro   0x0000000000015456      0x29c ./Core/Src/main.o
 .debug_macro   0x00000000000156f2      0x203 ./Core/Src/main.o
 .debug_macro   0x00000000000158f5       0x3a ./Core/Src/main.o
 .debug_macro   0x000000000001592f       0x41 ./Core/Src/main.o
 .debug_macro   0x0000000000015970      0x1d2 ./Core/Src/main.o
 .debug_macro   0x0000000000015b42      0x1f6 ./Core/Src/stm32f4xx_hal_msp.o
 .debug_macro   0x0000000000015d38      0x200 ./Core/Src/stm32f4xx_it.o
 .debug_macro   0x0000000000015f38       0xff ./Core/Src/sysmem.o
 .debug_macro   0x0000000000016037      0x23b ./Core/Src/sysmem.o
 .debug_macro   0x0000000000016272      0x1e7 ./Core/Src/system_stm32f4xx.o
 .debug_macro   0x0000000000016459      0x47a ./Drivers/BSP/Components/vl53l0x/vl53l0x_api.o
 .debug_macro   0x00000000000168d3       0x16 ./Drivers/BSP/Components/vl53l0x/vl53l0x_api.o
 .debug_macro   0x00000000000168e9       0x34 ./Drivers/BSP/Components/vl53l0x/vl53l0x_api.o
 .debug_macro   0x000000000001691d       0xd9 ./Drivers/BSP/Components/vl53l0x/vl53l0x_api.o
 .debug_macro   0x00000000000169f6       0x56 ./Drivers/BSP/Components/vl53l0x/vl53l0x_api.o
 .debug_macro   0x0000000000016a4c      0x472 ./Drivers/BSP/Components/vl53l0x/vl53l0x_api_calibration.o
 .debug_macro   0x0000000000016ebe      0x460 ./Drivers/BSP/Components/vl53l0x/vl53l0x_api_core.o
 .debug_macro   0x000000000001731e      0x420 ./Drivers/BSP/NUCLEO-F411RE/vl53l0x_platform.o
 .debug_macro   0x000000000001773e      0x247 ./Drivers/STM32F4xx_HAL_Driver/Src/stm32f4xx_hal.o
 .debug_macro   0x0000000000017985      0x1e7 ./Drivers/STM32F4xx_HAL_Driver/Src/stm32f4xx_hal_cortex.o
 .debug_macro   0x0000000000017b6c      0x1ed ./Drivers/STM32F4xx_HAL_Driver/Src/stm32f4xx_hal_gpio.o
 .debug_macro   0x0000000000017d59      0x22e ./Drivers/STM32F4xx_HAL_Driver/Src/stm32f4xx_hal_i2c.o
 .debug_macro   0x0000000000017f87      0x20b ./Drivers/STM32F4xx_HAL_Driver/Src/stm32f4xx_hal_rcc.o
 .debug_macro   0x0000000000018192      0x1e8 ./Drivers/STM32F4xx_HAL_Driver/Src/stm32f4xx_hal_tim.o
 .debug_macro   0x000000000001837a      0x1e7 ./Drivers/STM32F4xx_HAL_Driver/Src/stm32f4xx_hal_tim_ex.o
 .debug_macro   0x0000000000018561      0x1e8 ./Drivers/STM32F4xx_HAL_Driver/Src/stm32f4xx_hal_uart.o

.debug_line     0x0000000000000000    0x167a0
 .debug_line    0x0000000000000000      0xc55 ./Core/Src/main.o
 .debug_line    0x0000000000000c55      0x7fb ./Core/Src/stm32f4xx_hal_msp.o
 .debug_line    0x0000000000001450      0x7ba ./Core/Src/stm32f4xx_it.o
 .debug_line    0x0000000000001c0a      0x4f8 ./Core/Src/sysmem.o
 .debug_line    0x0000000000002102      0x779 ./Core/Src/system_stm32f4xx.o
 .debug_line    0x000000000000287b       0x88 ./Core/Startup/startup_stm32f411retx.o
 .debug_line    0x0000000000002903     0x2009 ./Drivers/BSP/Components/vl53l0x/vl53l0x_api.o
 .debug_line    0x000000000000490c     0x13fe ./Drivers/BSP/Components/vl53l0x/vl53l0x_api_calibration.o
 .debug_line    0x0000000000005d0a     0x1af5 ./Drivers/BSP/Components/vl53l0x/vl53l0x_api_core.o
 .debug_line    0x00000000000077ff      0xeab ./Drivers/BSP/NUCLEO-F411RE/vl53l0x_platform.o
 .debug_line    0x00000000000086aa      0x9df ./Drivers/STM32F4xx_HAL_Driver/Src/stm32f4xx_hal.o
 .debug_line    0x0000000000009089      0xc8e ./Drivers/STM32F4xx_HAL_Driver/Src/stm32f4xx_hal_cortex.o
 .debug_line    0x0000000000009d17      0xb19 ./Drivers/STM32F4xx_HAL_Driver/Src/stm32f4xx_hal_gpio.o
 .debug_line    0x000000000000a830     0x398b ./Drivers/STM32F4xx_HAL_Driver/Src/stm32f4xx_hal_i2c.o
 .debug_line    0x000000000000e1bb      0xd5b ./Drivers/STM32F4xx_HAL_Driver/Src/stm32f4xx_hal_rcc.o
 .debug_line    0x000000000000ef16     0x34ad ./Drivers/STM32F4xx_HAL_Driver/Src/stm32f4xx_hal_tim.o
 .debug_line    0x00000000000123c3     0x1977 ./Drivers/STM32F4xx_HAL_Driver/Src/stm32f4xx_hal_tim_ex.o
 .debug_line    0x0000000000013d3a     0x2a66 ./Drivers/STM32F4xx_HAL_Driver/Src/stm32f4xx_hal_uart.o

.debug_str      0x0000000000000000    0x979e6
 .debug_str     0x0000000000000000    0x9110d ./Core/Src/main.o
                                      0x916ff (size before relaxing)
 .debug_str     0x000000000009110d       0xc7 ./Core/Src/stm32f4xx_hal_msp.o
                                      0x88fc3 (size before relaxing)
 .debug_str     0x00000000000911d4       0xbd ./Core/Src/stm32f4xx_it.o