Archive member included to satisfy reference by file (symbol)

c:/st/stm32cubeide_1.8.0/stm32cubeide/plugins/com.st.stm32cube.ide.mcu.externaltools.gnu-tools-for-stm32.9-2020-q2-update.win32_2.0.0.202105311346/tools/bin/../lib/gcc/arm-none-eabi/9.3.1/../../../../arm-none-eabi/lib/thumb/v7e-m+fp/hard\libc_nano.a(lib_a-errno.o)
                              ./Core/Src/syscalls.o (__errno)
c:/st/stm32cubeide_1.8.0/stm32cubeide/plugins/com.st.stm32cube.ide.mcu.externaltools.gnu-tools-for-stm32.9-2020-q2-update.win32_2.0.0.202105311346/tools/bin/../lib/gcc/arm-none-eabi/9.3.1/../../../../arm-none-eabi/lib/thumb/v7e-m+fp/hard\libc_nano.a(lib_a-exit.o)
                              c:/st/stm32cubeide_1.8.0/stm32cubeide/plugins/com.st.stm32cube.ide.mcu.externaltools.gnu-tools-for-stm32.9-2020-q2-update.win32_2.0.0.202105311346/tools/bin/../lib/gcc/arm-none-eabi/9.3.1/../../../../arm-none-eabi/lib/thumb/v7e-m+fp/hard/crt0.o (exit)
c:/st/stm32cubeide_1.8.0/stm32cubeide/plugins/com.st.stm32cube.ide.mcu.externaltools.gnu-tools-for-stm32.9-2020-q2-update.win32_2.0.0.202105311346/tools/bin/../lib/gcc/arm-none-eabi/9.3.1/../../../../arm-none-eabi/lib/thumb/v7e-m+fp/hard\libc_nano.a(lib_a-impure.o)
                              c:/st/stm32cubeide_1.8.0/stm32cubeide/plugins/com.st.stm32cube.ide.mcu.externaltools.gnu-tools-for-stm32.9-2020-q2-update.win32_2.0.0.202105311346/tools/bin/../lib/gcc/arm-none-eabi/9.3.1/../../../../arm-none-eabi/lib/thumb/v7e-m+fp/hard\libc_nano.a(lib_a-exit.o) (_global_impure_ptr)
c:/st/stm32cubeide_1.8.0/stm32cubeide/plugins/com.st.stm32cube.ide.mcu.externaltools.gnu-tools-for-stm32.9-2020-q2-update.win32_2.0.0.202105311346/tools/bin/../lib/gcc/arm-none-eabi/9.3.1/../../../../arm-none-eabi/lib/thumb/v7e-m+fp/hard\libc_nano.a(lib_a-init.o)
                              c:/st/stm32cubeide_1.8.0/stm32cubeide/plugins/com.st.stm32cube.ide.mcu.externaltools.gnu-tools-for-stm32.9-2020-q2-update.win32_2.0.0.202105311346/tools/bin/../lib/gcc/arm-none-eabi/9.3.1/../../../../arm-none-eabi/lib/thumb/v7e-m+fp/hard/crt0.o (__libc_init_array)
c:/st/stm32cubeide_1.8.0/stm32cubeide/plugins/com.st.stm32cube.ide.mcu.externaltools.gnu-tools-for-stm32.9-2020-q2-update.win32_2.0.0.202105311346/tools/bin/../lib/gcc/arm-none-eabi/9.3.1/../../../../arm-none-eabi/lib/thumb/v7e-m+fp/hard\libc_nano.a(lib_a-memcpy-stub.o)
                              ./Core/Src/main.o (memcpy)
c:/st/stm32cubeide_1.8.0/stm32cubeide/plugins/com.st.stm32cube.ide.mcu.externaltools.gnu-tools-for-stm32.9-2020-q2-update.win32_2.0.0.202105311346/tools/bin/../lib/gcc/arm-none-eabi/9.3.1/../../../../arm-none-eabi/lib/thumb/v7e-m+fp/hard\libc_nano.a(lib_a-memset.o)
                              c:/st/stm32cubeide_1.8.0/stm32cubeide/plugins/com.st.stm32cube.ide.mcu.externaltools.gnu-tools-for-stm32.9-2020-q2-update.win32_2.0.0.202105311346/tools/bin/../lib/gcc/arm-none-eabi/9.3.1/../../../../arm-none-eabi/lib/thumb/v7e-m+fp/hard/crt0.o (memset)
c:/st/stm32cubeide_1.8.0/stm32cubeide/plugins/com.st.stm32cube.ide.mcu.externaltools.gnu-tools-for-stm32.9-2020-q2-update.win32_2.0.0.202105311346/tools/bin/../lib/gcc/arm-none-eabi/9.3.1/../../../../arm-none-eabi/lib/thumb/v7e-m+fp/hard\libc_nano.a(lib_a-sprintf.o)
                              ./Core/Src/main.o (sprintf)
c:/st/stm32cubeide_1.8.0/stm32cubeide/plugins/com.st.stm32cube.ide.mcu.externaltools.gnu-tools-for-stm32.9-2020-q2-update.win32_2.0.0.202105311346/tools/bin/../lib/gcc/arm-none-eabi/9.3.1/../../../../arm-none-eabi/lib/thumb/v7e-m+fp/hard\libc_nano.a(lib_a-strcpy.o)
                              ./Drivers/BSP/Components/vl53l0x/vl53l0x_api_core.o (strcpy)
c:/st/stm32cubeide_1.8.0/stm32cubeide/plugins/com.st.stm32cube.ide.mcu.externaltools.gnu-tools-for-stm32.9-2020-q2-update.win32_2.0.0.202105311346/tools/bin/../lib/gcc/arm-none-eabi/9.3.1/../../../../arm-none-eabi/lib/thumb/v7e-m+fp/hard\libc_nano.a(lib_a-strlen.o)
                              ./Drivers/BSP/NUCLEO-F411RE/vl53l0x_platform.o (strlen)
c:/st/stm32cubeide_1.8.0/stm32cubeide/plugins/com.st.stm32cube.ide.mcu.externaltools.gnu-tools-for-stm32.9-2020-q2-update.win32_2.0.0.202105311346/tools/bin/../lib/gcc/arm-none-eabi/9.3.1/../../../../arm-none-eabi/lib/thumb/v7e-m+fp/hard\libc_nano.a(lib_a-nano-svfprintf.o)
                              c:/st/stm32cubeide_1.8.0/stm32cubeide/plugins/com.st.stm32cube.ide.mcu.externaltools.gnu-tools-for-stm32.9-2020-q2-update.win32_2.0.0.202105311346/tools/bin/../lib/gcc/arm-none-eabi/9.3.1/../../../../arm-none-eabi/lib/thumb/v7e-m+fp/hard\libc_nano.a(lib_a-sprintf.o) (_svfprintf_r)
c:/st/stm32cubeide_1.8.0/stm32cubeide/plugins/com.st.stm32cube.ide.mcu.externaltools.gnu-tools-for-stm32.9-2020-q2-update.win32_2.0.0.202105311346/tools/bin/../lib/gcc/arm-none-eabi/9.3.1/../../../../arm-none-eabi/lib/thumb/v7e-m+fp/hard\libc_nano.a(lib_a-nano-vfprintf_i.o)
[...]
Memory Configuration

Name             Origin             Length             Attributes
RAM              0x0000000020000000 0x0000000000020000 xrw
FLASH            0x0000000008000000 0x0000000000080000 xr
*default*        0x0000000000000000 0xffffffffffffffff

Linker script and memory map

LOAD c:/st/stm32cubeide_1.8.0/stm32cubeide/plugins/com.st.stm32cube.ide.mcu.externaltools.gnu-tools-for-stm32.9-2020-q2-update.win32_2.0.0.202105311346/tools/bin/../lib/gcc/arm-none-eabi/9.3.1/thumb/v7e-m+fp/hard/crti.o
LOAD c:/st/stm32cubeide_1.8.0/stm32cubeide/plugins/com.st.stm32cube.ide.mcu.externaltools.gnu-tools-for-stm32.9-2020-q2-update.win32_2.0.0.202105311346/tools/bin/../lib/gcc/arm-none-eabi/9.3.1/thumb/v7e-m+fp/hard/crtbegin.o
LOAD c:/st/stm32cubeide_1.8.0/stm32cubeide/plugins/com.st.stm32cube.ide.mcu.externaltools.gnu-tools-for-stm32.9-2020-q2-update.win32_2.0.0.202105311346/tools/bin/../lib/gcc/arm-none-eabi/9.3.1/../../../../arm-none-eabi/lib/thumb/v7e-m+fp/hard/crt0.o
LOAD ./Core/Src/main.o
LOAD ./Core/Src/stm32f4xx_hal_msp.o
LOAD ./Core/Src/stm32f4xx_it.o
LOAD ./Core/Src/syscalls.o
LOAD ./Core/Src/sysmem.o
LOAD ./Core/Src/system_stm32f4xx.o
LOAD ./Core/Startup/startup_stm32f411retx.o
LOAD ./Drivers/BSP/Components/vl53l0x/vl53l0x_api.o
LOAD ./Drivers/BSP/Components/vl53l0x/vl53l0x_api_calibration.o
LOAD ./Drivers/BSP/Components/vl53l0x/vl53l0x_api_core.o
LOAD ./Drivers/BSP/Components/vl53l0x/vl53l0x_api_ranging.o
LOAD ./Drivers/BSP/Components/vl53l0x/vl53l0x_api_strings.o
LOAD ./Drivers/BSP/Components/vl53l0x/vl53l0x_platform_log.o
LOAD ./Drivers/BSP/NUCLEO-F411RE/uart_trace.o
LOAD ./Drivers/BSP/NUCLEO-F411RE/vl53l0x_platform.o
LOAD ./Drivers/STM32F4xx_HAL_Driver/Src/stm32f4xx_hal.o
LOAD ./Drivers/STM32F4xx_HAL_Driver/Src/stm32f4xx_hal_adc.o
LOAD ./Drivers/STM32F4xx_HAL_Driver/Src/stm32f4xx_hal_adc_ex.o
LOAD ./Drivers/STM32F4xx_HAL_Driver/Src/stm32f4xx_hal_cortex.o
LOAD ./Drivers/STM32F4xx_HAL_Driver/Src/stm32f4xx_hal_dma.o
LOAD ./Drivers/STM32F4xx_HAL_Driver/Src/stm32f4xx_hal_dma_ex.o
LOAD ./Drivers/STM32F4xx_HAL_Driver/Src/stm32f4xx_hal_exti.o
LOAD ./Drivers/STM32F4xx_HAL_Driver/Src/stm32f4xx_hal_flash.o
LOAD ./Drivers/STM32F4xx_HAL_Driver/Src/stm32f4xx_hal_flash_ex.o
LOAD ./Drivers/STM32F4xx_HAL_Driver/Src/stm32f4xx_hal_flash_ramfunc.o
LOAD ./Drivers/STM32F4xx_HAL_Driver/Src/stm32f4xx_hal_gpio.o
LOAD ./Drivers/STM32F4xx_HAL_Driver/Src/stm32f4xx_hal_i2c.o
LOAD ./Drivers/STM32F4xx_HAL_Driver/Src/stm32f4xx_hal_i2c_ex.o
LOAD ./Drivers/STM32F4xx_HAL_Driver/Src/stm32f4xx_hal_pwr.o
LOAD ./Drivers/STM32F4xx_HAL_Driver/Src/stm32f4xx_hal_pwr_ex.o
LOAD ./Drivers/STM32F4xx_HAL_Driver/Src/stm32f4xx_hal_rcc.o
LOAD ./Drivers/STM32F4xx_HAL_Driver/Src/stm32f4xx_hal_rcc_ex.o
LOAD ./Drivers/STM32F4xx_HAL_Driver/Src/stm32f4xx_hal_tim.o
LOAD ./Drivers/STM32F4xx_HAL_Driver/Src/stm32f4xx_hal_tim_ex.o
LOAD ./Drivers/STM32F4xx_HAL_Driver/Src/stm32f4xx_hal_uart.o
LOAD ./Drivers/STM32F4xx_HAL_Driver/Src/stm32f4xx_ll_adc.o
START GROUP
LOAD c:/st/stm32cubeide_1.8.0/stm32cubeide/plugins/com.st.stm32cube.ide.mcu.externaltools.gnu-tools-for-stm32.9-2020-q2-update.win32_2.0.0.202105311346/tools/bin/../lib/gcc/arm-none-eabi/9.3.1/../../../../arm-none-eabi/lib/thumb/v7e-m+fp/hard\libc_nano.a
LOAD c:/st/stm32cubeide_1.8.0/stm32cubeide/plugins/com.st.stm32cube.ide.mcu.externaltools.gnu-tools-for-stm32.9-2020-q2-update.win32_2.0.0.202105311346/tools/bin/../lib/gcc/arm-none-eabi/9.3.1/../../../../arm-none-eabi/lib/thumb/v7e-m+fp/hard\libm.a
END GROUP
START GROUP
LOAD c:/st/stm32cubeide_1.8.0/stm32cubeide/plugins/com.st.stm32cube.ide.mcu.externaltools.gnu-tools-for-stm32.9-2020-q2-update.win32_2.0.0.202105311346/tools/bin/../lib/gcc/arm-none-eabi/9.3.1/thumb/v7e-m+fp/hard\libgcc.a
LOAD c:/st/stm32cubeide_1.8.0/stm32cubeide/plugins/com.st.stm32cube.ide.mcu.externaltools.gnu-tools-for-stm32.9-2020-q2-update.win32_2.0.0.202105311346/tools/bin/../lib/gcc/arm-none-eabi/9.3.1/../../../../arm-none-eabi/lib/thumb/v7e-m+fp/hard\libc_nano.a
END GROUP
START GROUP
LOAD c:/st/stm32cubeide_1.8.0/stm32cubeide/plugins/com.st.stm32cube.ide.mcu.externaltools.gnu-tools-for-stm32.9-2020-q2-update.win32_2.0.0.202105311346/tools/bin/../lib/gcc/arm-none-eabi/9.3.1/thumb/v7e-m+fp/hard\libgcc.a
LOAD c:/st/stm32cubeide_1.8.0/stm32cubeide/plugins/com.st.stm32cube.ide.mcu.externaltools.gnu-tools-for-stm32.9-2020-q2-update.win32_2.0.0.202105311346/tools/bin/../lib/gcc/arm-none-eabi/9.3.1/../../../../arm-none-eabi/lib/thumb/v7e-m+fp/hard\libc_nano.a
LOAD c:/st/stm32cubeide_1.8.0/stm32cubeide/plugins/com.st.stm32cube.ide.mcu.externaltools.gnu-tools-for-stm32.9-2020-q2-update.win32_2.0.0.202105311346/tools/bin/../lib/gcc/arm-none-eabi/9.3.1/../../../../arm-none-eabi/lib/thumb/v7e-m+fp/hard\libnosys.a
END GROUP
START GROUP
LOAD c:/st/stm32cubeide_1.8.0/stm32cubeide/plugins/com.st.stm32cube.ide.mcu.externaltools.gnu-tools-for-stm32.9-2020-q2-update.win32_2.0.0.202105311346/tools/bin/../lib/gcc/arm-none-eabi/9.3.1/thumb/v7e-m+fp/hard\libgcc.a
LOAD c:/st/stm32cubeide_1.8.0/stm32cubeide/plugins/com.st.stm32cube.ide.mcu.externaltools.gnu-tools-for-stm32.9-2020-q2-update.win32_2.0.0.202105311346/tools/bin/../lib/gcc/arm-none-eabi/9.3.1/../../../../arm-none-eabi/lib/thumb/v7e-m+fp/hard\libc_nano.a
LOAD c:/st/stm32cubeide_1.8.0/stm32cubeide/plugins/com.st.stm32cube.ide.mcu.externaltools.gnu-tools-for-stm32.9-2020-q2-update.win32_2.0.0.202105311346/tools/bin/../lib/gcc/arm-none-eabi/9.3.1/../../../../arm-none-eabi/lib/thumb/v7e-m+fp/hard\libnosys.a
END GROUP
LOAD c:/st/stm32cubeide_1.8.0/stm32cubeide/plugins/com.st.stm32cube.ide.mcu.externaltools.gnu-tools-for-stm32.9-2020-q2-update.win32_2.0.0.202105311346/tools/bin/../lib/gcc/arm-none-eabi/9.3.1/thumb/v7e-m+fp/hard/crtend.o
LOAD c:/st/stm32cubeide_1.8.0/stm32cubeide/plugins/com.st.stm32cube.ide.mcu.externaltools.gnu-tools-for-stm32.9-2020-q2-update.win32_2.0.0.202105311346/tools/bin/../lib/gcc/arm-none-eabi/9.3.1/thumb/v7e-m+fp/hard/crtn.o
                0x0000000020020000                _estack = (ORIGIN (RAM) + LENGTH (RAM))
                0x0000000000000200                _Min_Heap_Size = 0x200
                0x0000000000000400                _Min_Stack_Size = 0x400

.isr_vector     0x0000000008000000      0x198
                0x0000000008000000                . = ALIGN (0x4)
 *(.isr_vector)
 .isr_vector    0x0000000008000000      0x198 ./Core/Startup/startup_stm32f411retx.o
                0x0000000008000000                g_pfnVectors
                0x0000000008000198                . = ALIGN (0x4)

.text           0x00000000080001a0     0xd0bc
                0x00000000080001a0                . = ALIGN (0x4)
 *(.text)
 .text          0x00000000080001a0       0x40 c:/st/stm32cubeide_1.8.0/stm32cubeide/plugins/com.st.stm32cube.ide.mcu.externaltools.gnu-tools-for-stm32.9-2020-q2-update.win32_2.0.0.202105311346/tools/bin/../lib/gcc/arm-none-eabi/9.3.1/thumb/v7e-m+fp/hard/crtbegin.o
 .text          0x00000000080001e0       0x10 c:/st/stm32cubeide_1.8.0/stm32cubeide/plugins/com.st.stm32cube.ide.mcu.externaltools.gnu-tools-for-stm32.9-2020-q2-update.win32_2.0.0.202105311346/tools/bin/../lib/gcc/arm-none-eabi/9.3.1/../../../../arm-none-eabi/lib/thumb/v7e-m+fp/hard\libc_nano.a(lib_a-strlen.o)
                0x00000000080001e0                strlen
 .text          0x00000000080001f0       0xa0 c:/st/stm32cubeide_1.8.0/stm32cubeide/plugins/com.st.stm32cube.ide.mcu.externaltools.gnu-tools-for-stm32.9-2020-q2-update.win32_2.0.0.202105311346/tools/bin/../lib/gcc/arm-none-eabi/9.3.1/../../../../arm-none-eabi/lib/thumb/v7e-m+fp/hard\libc_nano.a(lib_a-memchr.o)
                0x00000000080001f0                memchr
 .text          0x0000000008000290      0x378 c:/st/stm32cubeide_1.8.0/stm32cubeide/plugins/com.st.stm32cube.ide.mcu.externaltools.gnu-tools-for-stm32.9-2020-q2-update.win32_2.0.0.202105311346/tools/bin/../lib/gcc/arm-none-eabi/9.3.1/thumb/v7e-m+fp/hard\libgcc.a(_arm_addsubdf3.o)
                0x0000000008000290                __aeabi_drsub
                0x0000000008000298                __aeabi_dsub
                0x0000000008000298                __subdf3
                0x000000000800029c                __aeabi_dadd
                0x000000000800029c                __adddf3
                0x0000000008000514                __floatunsidf
                0x0000000008000514                __aeabi_ui2d
                0x0000000008000534                __floatsidf
                0x0000000008000534                __aeabi_i2d
                0x0000000008000558                __aeabi_f2d
                0x0000000008000558                __extendsfdf2
                0x000000000800059c                __floatundidf
                0x000000000800059c                __aeabi_ul2d
                0x00000000080005ac                __floatdidf
                0x00000000080005ac                __aeabi_l2d
 .text          0x0000000008000608      0x424 c:/st/stm32cubeide_1.8.0/stm32cubeide/plugins/com.st.stm32cube.ide.mcu.externaltools.gnu-tools-for-stm32.9-2020-q2-update.win32_2.0.0.202105311346/tools/bin/../lib/gcc/arm-none-eabi/9.3.1/thumb/v7e-m+fp/hard\libgcc.a(_arm_muldivdf3.o)
                0x0000000008000608                __aeabi_dmul
                0x0000000008000608                __muldf3
                0x000000000800085c                __divdf3
                0x000000000800085c                __aeabi_ddiv
 .text          0x0000000008000a2c      0x110 c:/st/stm32cubeide_1.8.0/stm32cubeide/plugins/com.st.stm32cube.ide.mcu.externaltools.gnu-tools-for-stm32.9-2020-q2-update.win32_2.0.0.202105311346/tools/bin/../lib/gcc/arm-none-eabi/9.3.1/thumb/v7e-m+fp/hard\libgcc.a(_arm_cmpdf2.o)
                0x0000000008000a2c                __gtdf2
                0x0000000008000a2c                __gedf2
                0x0000000008000a34                __ltdf2
                0x0000000008000a34                __ledf2
                0x0000000008000a3c                __nedf2
                0x0000000008000a3c                __eqdf2
                0x0000000008000a3c                __cmpdf2
                0x0000000008000ab8                __aeabi_cdrcmple
                0x0000000008000ac8                __aeabi_cdcmpeq
                0x0000000008000ac8                __aeabi_cdcmple
                0x0000000008000ad8                __aeabi_dcmpeq
                0x0000000008000aec                __aeabi_dcmplt
                0x0000000008000b00                __aeabi_dcmple
                0x0000000008000b14                __aeabi_dcmpge
                0x0000000008000b28                __aeabi_dcmpgt
 .text          0x0000000008000b3c       0x2c c:/st/stm32cubeide_1.8.0/stm32cubeide/plugins/com.st.stm32cube.ide.mcu.externaltools.gnu-tools-for-stm32.9-2020-q2-update.win32_2.0.0.202105311346/tools/bin/../lib/gcc/arm-none-eabi/9.3.1/thumb/v7e-m+fp/hard\libgcc.a(_arm_unorddf2.o)
                0x0000000008000b3c                __unorddf2
                0x0000000008000b3c                __aeabi_dcmpun
 .text          0x0000000008000b68       0x50 c:/st/stm32cubeide_1.8.0/stm32cubeide/plugins/com.st.stm32cube.ide.mcu.externaltools.gnu-tools-for-stm32.9-2020-q2-update.win32_2.0.0.202105311346/tools/bin/../lib/gcc/arm-none-eabi/9.3.1/thumb/v7e-m+fp/hard\libgcc.a(_arm_fixdfsi.o)
                0x0000000008000b68                __aeabi_d2iz
                0x0000000008000b68                __fixdfsi
 .text          0x0000000008000bb8       0x40 c:/st/stm32cubeide_1.8.0/stm32cubeide/plugins/com.st.stm32cube.ide.mcu.externaltools.gnu-tools-for-stm32.9-2020-q2-update.win32_2.0.0.202105311346/tools/bin/../lib/gcc/arm-none-eabi/9.3.1/thumb/v7e-m+fp/hard\libgcc.a(_arm_fixunsdfsi.o)
                0x0000000008000bb8                __aeabi_d2uiz
                0x0000000008000bb8                __fixunsdfsi
 .text          0x0000000008000bf8       0xa0 c:/st/stm32cubeide_1.8.0/stm32cubeide/plugins/com.st.stm32cube.ide.mcu.externaltools.gnu-tools-for-stm32.9-2020-q2-update.win32_2.0.0.202105311346/tools/bin/../lib/gcc/arm-none-eabi/9.3.1/thumb/v7e-m+fp/hard\libgcc.a(_arm_truncdfsf2.o)
                0x0000000008000bf8                __truncdfsf2
                0x0000000008000bf8                __aeabi_d2f
 .text          0x0000000008000c98       0x30 c:/st/stm32cubeide_1.8.0/stm32cubeide/plugins/com.st.stm32cube.ide.mcu.externaltools.gnu-tools-for-stm32.9-2020-q2-update.win32_2.0.0.202105311346/tools/bin/../lib/gcc/arm-none-eabi/9.3.1/thumb/v7e-m+fp/hard\libgcc.a(_aeabi_uldivmod.o)
                0x0000000008000c98                __aeabi_uldivmod
 .text          0x0000000008000cc8      0x2c4 c:/st/stm32cubeide_1.8.0/stm32cubeide/plugins/com.st.stm32cube.ide.mcu.externaltools.gnu-tools-for-stm32.9-2020-q2-update.win32_2.0.0.202105311346/tools/bin/../lib/gcc/arm-none-eabi/9.3.1/thumb/v7e-m+fp/hard\libgcc.a(_udivmoddi4.o)
                0x0000000008000cc8                __udivmoddi4
 .text          0x0000000008000f8c        0x4 c:/st/stm32cubeide_1.8.0/stm32cubeide/plugins/com.st.stm32cube.ide.mcu.externaltools.gnu-tools-for-stm32.9-2020-q2-update.win32_2.0.0.202105311346/tools/bin/../lib/gcc/arm-none-eabi/9.3.1/thumb/v7e-m+fp/hard\libgcc.a(_dvmd_tls.o)
                0x0000000008000f8c                __aeabi_idiv0
                0x0000000008000f8c                __aeabi_ldiv0
 *(.text*)
 .text.PID_init
                0x0000000008000f90       0x38 ./Core/Src/main.o
                0x0000000008000f90                PID_init
 .text.ADC_Select_CH0
                0x0000000008000fc8       0x40 ./Core/Src/main.o
                0x0000000008000fc8                ADC_Select_CH0
 .text.ADC_Select_CH1
                0x0000000008001008       0x40 ./Core/Src/main.o
                0x0000000008001008                ADC_Select_CH1
 .text.main     0x0000000008001048      0x268 ./Core/Src/main.o
                0x0000000008001048                main
 .text.HAL_UART_RxCpltCallback
                0x00000000080012b0      0x188 ./Core/Src/main.o
                0x00000000080012b0                HAL_UART_RxCpltCallback
 .text.SystemClock_Config
                0x0000000008001438       0xd0 ./Core/Src/main.o
                0x0000000008001438                SystemClock_Config
 .text.MX_ADC1_Init
                0x0000000008001508       0x84 ./Core/Src/main.o
 .text.MX_I2C1_Init
                0x000000000800158c       0x5c ./Core/Src/main.o
 .text.MX_TIM2_Init
                0x00000000080015e8       0xec ./Core/Src/main.o
 .text.MX_USART2_UART_Init
                0x00000000080016d4       0x54 ./Core/Src/main.o
 .text.MX_GPIO_Init
                0x0000000008001728       0xe0 ./Core/Src/main.o
 .text.Error_Handler
                0x0000000008001808        0xa ./Core/Src/main.o
                0x0000000008001808                Error_Handler
 *fill*         0x0000000008001812        0x2 
 .text.HAL_MspInit
                0x0000000008001814       0x50 ./Core/Src/stm32f4xx_hal_msp.o
                0x0000000008001814                HAL_MspInit
 .text.HAL_ADC_MspInit
                0x0000000008001864       0x88 ./Core/Src/stm32f4xx_hal_msp.o
                0x0000000008001864                HAL_ADC_MspInit
 .text.HAL_I2C_MspInit
                0x00000000080018ec       0x90 ./Core/Src/stm32f4xx_hal_msp.o
                0x00000000080018ec                HAL_I2C_MspInit
 .text.HAL_TIM_Base_MspInit
                0x000000000800197c       0x40 ./Core/Src/stm32f4xx_hal_msp.o
                0x000000000800197c                HAL_TIM_Base_MspInit
 .text.HAL_TIM_MspPostInit
                0x00000000080019bc       0x70 ./Core/Src/stm32f4xx_hal_msp.o
                0x00000000080019bc                HAL_TIM_MspPostInit
 .text.HAL_UART_MspInit
                0x0000000008001a2c       0xa0 ./Core/Src/stm32f4xx_hal_msp.o
                0x0000000008001a2c                HAL_UART_MspInit
 .text.NMI_Handler
                0x0000000008001acc        0x6 ./Core/Src/stm32f4xx_it.o
                0x0000000008001acc                NMI_Handler
 .text.HardFault_Handler
                0x0000000008001ad2        0x6 ./Core/Src/stm32f4xx_it.o
                0x0000000008001ad2                HardFault_Handler
 .text.MemManage_Handler
                0x0000000008001ad8        0x6 ./Core/Src/stm32f4xx_it.o
                0x0000000008001ad8                MemManage_Handler
 .text.BusFault_Handler
                0x0000000008001ade        0x6 ./Core/Src/stm32f4xx_it.o
                0x0000000008001ade                BusFault_Handler
 .text.UsageFault_Handler
                0x0000000008001ae4        0x6 ./Core/Src/stm32f4xx_it.o
                0x0000000008001ae4                UsageFault_Handler
 .text.SVC_Handler
                0x0000000008001aea        0xe ./Core/Src/stm32f4xx_it.o
                0x0000000008001aea                SVC_Handler
 .text.DebugMon_Handler
                0x0000000008001af8        0xe ./Core/Src/stm32f4xx_it.o
                0x0000000008001af8                DebugMon_Handler
 .text.PendSV_Handler
                0x0000000008001b06        0xe ./Core/Src/stm32f4xx_it.o
                0x0000000008001b06                PendSV_Handler
 .text.SysTick_Handler
                0x0000000008001b14        0xc ./Core/Src/stm32f4xx_it.o
                0x0000000008001b14                SysTick_Handler
 .text.USART2_IRQHandler
                0x0000000008001b20       0x14 ./Core/Src/stm32f4xx_it.o
                0x0000000008001b20                USART2_IRQHandler
 .text._sbrk    0x0000000008001b34       0x6c ./Core/Src/sysmem.o
                0x0000000008001b34                _sbrk
 .text.SystemInit
                0x0000000008001ba0       0x24 ./Core/Src/system_stm32f4xx.o
                0x0000000008001ba0                SystemInit
 .text.Reset_Handler
                0x0000000008001bc4       0x50 ./Core/Startup/startup_stm32f411retx.o
                0x0000000008001bc4                Reset_Handler
 .text.Default_Handler
                0x0000000008001c14        0x2 ./Core/Startup/startup_stm32f411retx.o
                0x0000000008001c14                RTC_Alarm_IRQHandler
                0x0000000008001c14                EXTI2_IRQHandler
                0x0000000008001c14                SPI4_IRQHandler
                0x0000000008001c14                TIM1_CC_IRQHandler
                0x0000000008001c14                DMA2_Stream5_IRQHandler
                0x0000000008001c14                DMA1_Stream5_IRQHandler
                0x0000000008001c14                PVD_IRQHandler
                0x0000000008001c14                SDIO_IRQHandler
                0x0000000008001c14                TAMP_STAMP_IRQHandler
                0x0000000008001c14                EXTI3_IRQHandler
                0x0000000008001c14                TIM1_UP_TIM10_IRQHandler
                0x0000000008001c14                I2C3_ER_IRQHandler
                0x0000000008001c14                EXTI0_IRQHandler
                0x0000000008001c14                I2C2_EV_IRQHandler
                0x0000000008001c14                DMA1_Stream2_IRQHandler
                0x0000000008001c14                FPU_IRQHandler
                0x0000000008001c14                DMA2_Stream2_IRQHandler
                0x0000000008001c14                SPI1_IRQHandler
                0x0000000008001c14                TIM1_BRK_TIM9_IRQHandler
                0x0000000008001c14                DMA2_Stream3_IRQHandler
                0x0000000008001c14                USART6_IRQHandler
                0x0000000008001c14                DMA2_Stream0_IRQHandler
                0x0000000008001c14                TIM4_IRQHandler
                0x0000000008001c14                I2C1_EV_IRQHandler
                0x0000000008001c14                DMA1_Stream6_IRQHandler
                0x0000000008001c14                DMA1_Stream1_IRQHandler
                0x0000000008001c14                TIM3_IRQHandler
                0x0000000008001c14                RCC_IRQHandler
                0x0000000008001c14                Default_Handler
                0x0000000008001c14                EXTI15_10_IRQHandler
                0x0000000008001c14                ADC_IRQHandler
                0x0000000008001c14                DMA1_Stream7_IRQHandler
                0x0000000008001c14                SPI5_IRQHandler
                0x0000000008001c14                TIM5_IRQHandler
                0x0000000008001c14                DMA2_Stream7_IRQHandler
                0x0000000008001c14                I2C3_EV_IRQHandler
                0x0000000008001c14                EXTI9_5_IRQHandler
                0x0000000008001c14                RTC_WKUP_IRQHandler
                0x0000000008001c14                SPI2_IRQHandler
                0x0000000008001c14                DMA1_Stream0_IRQHandler
                0x0000000008001c14                EXTI4_IRQHandler
                0x0000000008001c14                WWDG_IRQHandler
                0x0000000008001c14                TIM2_IRQHandler
                0x0000000008001c14                OTG_FS_WKUP_IRQHandler
                0x0000000008001c14                TIM1_TRG_COM_TIM11_IRQHandler
                0x0000000008001c14                EXTI1_IRQHandler
                0x0000000008001c14                I2C2_ER_IRQHandler
                0x0000000008001c14                DMA2_Stream1_IRQHandler
                0x0000000008001c14                FLASH_IRQHandler
                0x0000000008001c14                DMA2_Stream4_IRQHandler
                0x0000000008001c14                USART1_IRQHandler
                0x0000000008001c14                OTG_FS_IRQHandler
                0x0000000008001c14                SPI3_IRQHandler
                0x0000000008001c14                DMA1_Stream4_IRQHandler
                0x0000000008001c14                I2C1_ER_IRQHandler
                0x0000000008001c14                DMA2_Stream6_IRQHandler
                0x0000000008001c14                DMA1_Stream3_IRQHandler
 .text.VL53L0X_GetOffsetCalibrationDataMicroMeter
                0x0000000008001c16       0x26 ./Drivers/BSP/Components/vl53l0x/vl53l0x_api.o
                0x0000000008001c16                VL53L0X_GetOffsetCalibrationDataMicroMeter
 .text.VL53L0X_SetDeviceAddress
                0x0000000008001c3c       0x30 ./Drivers/BSP/Components/vl53l0x/vl53l0x_api.o
                0x0000000008001c3c                VL53L0X_SetDeviceAddress
 .text.VL53L0X_DataInit
                0x0000000008001c6c      0x2c8 ./Drivers/BSP/Components/vl53l0x/vl53l0x_api.o
                0x0000000008001c6c                VL53L0X_DataInit
 .text.VL53L0X_StaticInit
                0x0000000008001f34      0x304 ./Drivers/BSP/Components/vl53l0x/vl53l0x_api.o
                0x0000000008001f34                VL53L0X_StaticInit
 .text.VL53L0X_GetDeviceParameters
                0x0000000008002238      0x120 ./Drivers/BSP/Components/vl53l0x/vl53l0x_api.o
                0x0000000008002238                VL53L0X_GetDeviceParameters
 .text.VL53L0X_SetDeviceMode
                0x0000000008002358       0x58 ./Drivers/BSP/Components/vl53l0x/vl53l0x_api.o
                0x0000000008002358                VL53L0X_SetDeviceMode
 .text.VL53L0X_GetDeviceMode
                0x00000000080023b0       0x26 ./Drivers/BSP/Components/vl53l0x/vl53l0x_api.o
                0x00000000080023b0                VL53L0X_GetDeviceMode
 .text.VL53L0X_GetFractionEnable
                0x00000000080023d6       0x3e ./Drivers/BSP/Components/vl53l0x/vl53l0x_api.o
                0x00000000080023d6                VL53L0X_GetFractionEnable
 .text.VL53L0X_SetMeasurementTimingBudgetMicroSeconds
                0x0000000008002414       0x26 ./Drivers/BSP/Components/vl53l0x/vl53l0x_api.o
                0x0000000008002414                VL53L0X_SetMeasurementTimingBudgetMicroSeconds
 .text.VL53L0X_GetMeasurementTimingBudgetMicroSeconds
                0x000000000800243a       0x26 ./Drivers/BSP/Components/vl53l0x/vl53l0x_api.o
                0x000000000800243a                VL53L0X_GetMeasurementTimingBudgetMicroSeconds
 .text.VL53L0X_SetVcselPulsePeriod
                0x0000000008002460       0x30 ./Drivers/BSP/Components/vl53l0x/vl53l0x_api.o
                0x0000000008002460                VL53L0X_SetVcselPulsePeriod
 .text.VL53L0X_GetVcselPulsePeriod
                0x0000000008002490       0x2e ./Drivers/BSP/Components/vl53l0x/vl53l0x_api.o
                0x0000000008002490                VL53L0X_GetVcselPulsePeriod
 *fill*         0x00000000080024be        0x2 
 .text.VL53L0X_SetSequenceStepEnable
                0x00000000080024c0      0x144 ./Drivers/BSP/Components/vl53l0x/vl53l0x_api.o
                0x00000000080024c0                VL53L0X_SetSequenceStepEnable
 .text.sequence_step_enabled
                0x0000000008002604       0xa4 ./Drivers/BSP/Components/vl53l0x/vl53l0x_api.o
                0x0000000008002604                sequence_step_enabled
 .text.VL53L0X_GetSequenceStepEnables
                0x00000000080026a8       0xb0 ./Drivers/BSP/Components/vl53l0x/vl53l0x_api.o
                0x00000000080026a8                VL53L0X_GetSequenceStepEnables
 .text.VL53L0X_GetInterMeasurementPeriodMilliSeconds
                0x0000000008002758       0x68 ./Drivers/BSP/Components/vl53l0x/vl53l0x_api.o
                0x0000000008002758                VL53L0X_GetInterMeasurementPeriodMilliSeconds
 .text.VL53L0X_GetXTalkCompensationEnable
                0x00000000080027c0       0x2a ./Drivers/BSP/Components/vl53l0x/vl53l0x_api.o
                0x00000000080027c0                VL53L0X_GetXTalkCompensationEnable
 .text.VL53L0X_GetXTalkCompensationRateMegaCps
                0x00000000080027ea       0x66 ./Drivers/BSP/Components/vl53l0x/vl53l0x_api.o
                0x00000000080027ea                VL53L0X_GetXTalkCompensationRateMegaCps
 .text.VL53L0X_SetLimitCheckEnable
                0x0000000008002850      0x118 ./Drivers/BSP/Components/vl53l0x/vl53l0x_api.o
                0x0000000008002850                VL53L0X_SetLimitCheckEnable
 .text.VL53L0X_GetLimitCheckEnable
                0x0000000008002968       0x46 ./Drivers/BSP/Components/vl53l0x/vl53l0x_api.o
                0x0000000008002968                VL53L0X_GetLimitCheckEnable
 *fill*         0x00000000080029ae        0x2 
 .text.VL53L0X_SetLimitCheckValue
                0x00000000080029b0       0xc4 ./Drivers/BSP/Components/vl53l0x/vl53l0x_api.o
                0x00000000080029b0                VL53L0X_SetLimitCheckValue
 .text.VL53L0X_GetLimitCheckValue
                0x0000000008002a74      0x11c ./Drivers/BSP/Components/vl53l0x/vl53l0x_api.o
                0x0000000008002a74                VL53L0X_GetLimitCheckValue
 .text.VL53L0X_GetWrapAroundCheckEnable
                0x0000000008002b90       0x64 ./Drivers/BSP/Components/vl53l0x/vl53l0x_api.o
                0x0000000008002b90                VL53L0X_GetWrapAroundCheckEnable
 .text.VL53L0X_PerformSingleMeasurement
                0x0000000008002bf4       0x68 ./Drivers/BSP/Components/vl53l0x/vl53l0x_api.o
                0x0000000008002bf4                VL53L0X_PerformSingleMeasurement
 .text.VL53L0X_PerformRefCalibration
                0x0000000008002c5c       0x2c ./Drivers/BSP/Components/vl53l0x/vl53l0x_api.o
                0x0000000008002c5c                VL53L0X_PerformRefCalibration
 .text.VL53L0X_CheckAndLoadInterruptSettings
                0x0000000008002c88       0xcc ./Drivers/BSP/Components/vl53l0x/vl53l0x_api.o
                0x0000000008002c88                VL53L0X_CheckAndLoadInterruptSettings
 .text.VL53L0X_StartMeasurement
                0x0000000008002d54      0x184 ./Drivers/BSP/Components/vl53l0x/vl53l0x_api.o
                0x0000000008002d54                VL53L0X_StartMeasurement
 .text.VL53L0X_GetMeasurementDataReady
                0x0000000008002ed8       0x80 ./Drivers/BSP/Components/vl53l0x/vl53l0x_api.o
                0x0000000008002ed8                VL53L0X_GetMeasurementDataReady
 .text.VL53L0X_GetRangingMeasurementData
                0x0000000008002f58      0x248 ./Drivers/BSP/Components/vl53l0x/vl53l0x_api.o
                0x0000000008002f58                VL53L0X_GetRangingMeasurementData
 .text.VL53L0X_PerformSingleRangingMeasurement
                0x00000000080031a0       0x60 ./Drivers/BSP/Components/vl53l0x/vl53l0x_api.o
                0x00000000080031a0                VL53L0X_PerformSingleRangingMeasurement
 .text.VL53L0X_SetGpioConfig
                0x0000000008003200      0x248 ./Drivers/BSP/Components/vl53l0x/vl53l0x_api.o
                0x0000000008003200                VL53L0X_SetGpioConfig
 .text.VL53L0X_GetInterruptThresholds
                0x0000000008003448       0x6c ./Drivers/BSP/Components/vl53l0x/vl53l0x_api.o
                0x0000000008003448                VL53L0X_GetInterruptThresholds
 .text.VL53L0X_ClearInterruptMask
                0x00000000080034b4       0x80 ./Drivers/BSP/Components/vl53l0x/vl53l0x_api.o
                0x00000000080034b4                VL53L0X_ClearInterruptMask
 .text.VL53L0X_GetInterruptMaskStatus
                0x0000000008003534       0x44 ./Drivers/BSP/Components/vl53l0x/vl53l0x_api.o
                0x0000000008003534                VL53L0X_GetInterruptMaskStatus
 .text.VL53L0X_PerformRefSpadManagement
                0x0000000008003578       0x2a ./Drivers/BSP/Components/vl53l0x/vl53l0x_api.o
                0x0000000008003578                VL53L0X_PerformRefSpadManagement
 .text.VL53L0X_get_offset_calibration_data_micro_meter
                0x00000000080035a2       0x7e ./Drivers/BSP/Components/vl53l0x/vl53l0x_api_calibration.o
                0x00000000080035a2                VL53L0X_get_offset_calibration_data_micro_meter
 .text.get_next_good_spad
                0x0000000008003620       0xbc ./Drivers/BSP/Components/vl53l0x/vl53l0x_api_calibration.o
                0x0000000008003620                get_next_good_spad
 .text.is_aperture
                0x00000000080036dc       0x34 ./Drivers/BSP/Components/vl53l0x/vl53l0x_api_calibration.o
                0x00000000080036dc                is_aperture
 .text.enable_spad_bit
                0x0000000008003710       0x70 ./Drivers/BSP/Components/vl53l0x/vl53l0x_api_calibration.o
                0x0000000008003710                enable_spad_bit
 .text.set_ref_spad_map
                0x0000000008003780       0x26 ./Drivers/BSP/Components/vl53l0x/vl53l0x_api_calibration.o
                0x0000000008003780                set_ref_spad_map
 .text.get_ref_spad_map
                0x00000000080037a6       0x26 ./Drivers/BSP/Components/vl53l0x/vl53l0x_api_calibration.o
                0x00000000080037a6                get_ref_spad_map
 .text.enable_ref_spads
                0x00000000080037cc       0xf8 ./Drivers/BSP/Components/vl53l0x/vl53l0x_api_calibration.o
                0x00000000080037cc                enable_ref_spads
 .text.perform_ref_signal_measurement
                0x00000000080038c4       0xd4 ./Drivers/BSP/Components/vl53l0x/vl53l0x_api_calibration.o
                0x00000000080038c4                perform_ref_signal_measurement
 .text.VL53L0X_perform_ref_spad_management
                0x0000000008003998      0x418 ./Drivers/BSP/Components/vl53l0x/vl53l0x_api_calibration.o
                0x0000000008003998                VL53L0X_perform_ref_spad_management
 .text.VL53L0X_set_reference_spads
                0x0000000008003db0      0x14a ./Drivers/BSP/Components/vl53l0x/vl53l0x_api_calibration.o
                0x0000000008003db0                VL53L0X_set_reference_spads
 .text.VL53L0X_perform_single_ref_calibration
                0x0000000008003efa       0x76 ./Drivers/BSP/Components/vl53l0x/vl53l0x_api_calibration.o
                0x0000000008003efa                VL53L0X_perform_single_ref_calibration
 .text.VL53L0X_ref_calibration_io
                0x0000000008003f70      0x132 ./Drivers/BSP/Components/vl53l0x/vl53l0x_api_calibration.o
                0x0000000008003f70                VL53L0X_ref_calibration_io
 .text.VL53L0X_perform_vhv_calibration
                0x00000000080040a2       0xce ./Drivers/BSP/Components/vl53l0x/vl53l0x_api_calibration.o
                0x00000000080040a2                VL53L0X_perform_vhv_calibration
 .text.VL53L0X_perform_phase_calibration
                0x0000000008004170       0xca ./Drivers/BSP/Components/vl53l0x/vl53l0x_api_calibration.o
                0x0000000008004170                VL53L0X_perform_phase_calibration
 .text.VL53L0X_perform_ref_calibration
                0x000000000800423a       0x7a ./Drivers/BSP/Components/vl53l0x/vl53l0x_api_calibration.o
                0x000000000800423a                VL53L0X_perform_ref_calibration
 .text.VL53L0X_measurement_poll_for_completion
                0x00000000080042b4       0x60 ./Drivers/BSP/Components/vl53l0x/vl53l0x_api_core.o
                0x00000000080042b4                VL53L0X_measurement_poll_for_completion
 .text.VL53L0X_decode_vcsel_period
                0x0000000008004314       0x26 ./Drivers/BSP/Components/vl53l0x/vl53l0x_api_core.o
                0x0000000008004314                VL53L0X_decode_vcsel_period
 .text.VL53L0X_encode_vcsel_period
                0x000000000800433a       0x26 ./Drivers/BSP/Components/vl53l0x/vl53l0x_api_core.o
                0x000000000800433a                VL53L0X_encode_vcsel_period
 .text.VL53L0X_isqrt
                0x0000000008004360       0x68 ./Drivers/BSP/Components/vl53l0x/vl53l0x_api_core.o
                0x0000000008004360                VL53L0X_isqrt
 .text.VL53L0X_device_read_strobe
                0x00000000080043c8       0x86 ./Drivers/BSP/Components/vl53l0x/vl53l0x_api_core.o
                0x00000000080043c8                VL53L0X_device_read_strobe
 .text.VL53L0X_get_info_from_device
                0x000000000800444e      0x99a ./Drivers/BSP/Components/vl53l0x/vl53l0x_api_core.o
                0x000000000800444e                VL53L0X_get_info_from_device
 .text.VL53L0X_calc_macro_period_ps
                0x0000000008004de8       0x3c ./Drivers/BSP/Components/vl53l0x/vl53l0x_api_core.o
                0x0000000008004de8                VL53L0X_calc_macro_period_ps
 .text.VL53L0X_encode_timeout
                0x0000000008004e24       0x58 ./Drivers/BSP/Components/vl53l0x/vl53l0x_api_core.o
                0x0000000008004e24                VL53L0X_encode_timeout
 .text.VL53L0X_decode_timeout
                0x0000000008004e7c       0x2c ./Drivers/BSP/Components/vl53l0x/vl53l0x_api_core.o
                0x0000000008004e7c                VL53L0X_decode_timeout
 .text.VL53L0X_calc_timeout_mclks
                0x0000000008004ea8       0x54 ./Drivers/BSP/Components/vl53l0x/vl53l0x_api_core.o
                0x0000000008004ea8                VL53L0X_calc_timeout_mclks
 .text.VL53L0X_calc_timeout_us
                0x0000000008004efc       0x54 ./Drivers/BSP/Components/vl53l0x/vl53l0x_api_core.o
                0x0000000008004efc                VL53L0X_calc_timeout_us
 .text.get_sequence_step_timeout
                0x0000000008004f50      0x1c2 ./Drivers/BSP/Components/vl53l0x/vl53l0x_api_core.o
                0x0000000008004f50                get_sequence_step_timeout
 .text.set_sequence_step_timeout
                0x0000000008005112      0x1e4 ./Drivers/BSP/Components/vl53l0x/vl53l0x_api_core.o
                0x0000000008005112                set_sequence_step_timeout
 .text.VL53L0X_set_vcsel_pulse_period
                0x00000000080052f6      0x512 ./Drivers/BSP/Components/vl53l0x/vl53l0x_api_core.o
                0x00000000080052f6                VL53L0X_set_vcsel_pulse_period
 .text.VL53L0X_get_vcsel_pulse_period
                0x0000000008005808       0x6e ./Drivers/BSP/Components/vl53l0x/vl53l0x_api_core.o
                0x0000000008005808                VL53L0X_get_vcsel_pulse_period
 .text.VL53L0X_set_measurement_timing_budget_micro_seconds
                0x0000000008005876      0x1c0 ./Drivers/BSP/Components/vl53l0x/vl53l0x_api_core.o
                0x0000000008005876                VL53L0X_set_measurement_timing_budget_micro_seconds
 .text.VL53L0X_get_measurement_timing_budget_micro_seconds
                0x0000000008005a36      0x162 ./Drivers/BSP/Components/vl53l0x/vl53l0x_api_core.o
                0x0000000008005a36                VL53L0X_get_measurement_timing_budget_micro_seconds
 .text.VL53L0X_load_tuning_settings
                0x0000000008005b98      0x1c4 ./Drivers/BSP/Components/vl53l0x/vl53l0x_api_core.o
                0x0000000008005b98                VL53L0X_load_tuning_settings
 .text.VL53L0X_get_total_xtalk_rate
                0x0000000008005d5c       0x5e ./Drivers/BSP/Components/vl53l0x/vl53l0x_api_core.o
                0x0000000008005d5c                VL53L0X_get_total_xtalk_rate
 .text.VL53L0X_get_total_signal_rate
                0x0000000008005dba       0x4a ./Drivers/BSP/Components/vl53l0x/vl53l0x_api_core.o
                0x0000000008005dba                VL53L0X_get_total_signal_rate
 .text.VL53L0X_calc_dmax
                0x0000000008005e04      0x238 ./Drivers/BSP/Components/vl53l0x/vl53l0x_api_core.o
                0x0000000008005e04                VL53L0X_calc_dmax
 .text.VL53L0X_calc_sigma_estimate
                0x000000000800603c      0x498 ./Drivers/BSP/Components/vl53l0x/vl53l0x_api_core.o
                0x000000000800603c                VL53L0X_calc_sigma_estimate
 .text.VL53L0X_get_pal_range_status
                0x00000000080064d4      0x3b6 ./Drivers/BSP/Components/vl53l0x/vl53l0x_api_core.o
                0x00000000080064d4                VL53L0X_get_pal_range_status
 .text._I2CWrite
                0x000000000800688a       0x3e ./Drivers/BSP/NUCLEO-F411RE/vl53l0x_platform.o
                0x000000000800688a                _I2CWrite
 .text._I2CRead
                0x00000000080068c8       0x44 ./Drivers/BSP/NUCLEO-F411RE/vl53l0x_platform.o
                0x00000000080068c8                _I2CRead
 .text.VL53L0X_WriteMulti
                0x000000000800690c       0x60 ./Drivers/BSP/NUCLEO-F411RE/vl53l0x_platform.o
                0x000000000800690c                VL53L0X_WriteMulti
 .text.VL53L0X_ReadMulti
                0x000000000800696c       0x56 ./Drivers/BSP/NUCLEO-F411RE/vl53l0x_platform.o
                0x000000000800696c                VL53L0X_ReadMulti
 *fill*         0x00000000080069c2        0x2 
 .text.VL53L0X_WrByte
                0x00000000080069c4       0x48 ./Drivers/BSP/NUCLEO-F411RE/vl53l0x_platform.o
                0x00000000080069c4                VL53L0X_WrByte
 .text.VL53L0X_WrWord
                0x0000000008006a0c       0x54 ./Drivers/BSP/NUCLEO-F411RE/vl53l0x_platform.o
                0x0000000008006a0c                VL53L0X_WrWord
 .text.VL53L0X_UpdateByte
                0x0000000008006a60       0x68 ./Drivers/BSP/NUCLEO-F411RE/vl53l0x_platform.o
                0x0000000008006a60                VL53L0X_UpdateByte
 .text.VL53L0X_RdByte
                0x0000000008006ac8       0x54 ./Drivers/BSP/NUCLEO-F411RE/vl53l0x_platform.o
                0x0000000008006ac8                VL53L0X_RdByte
 .text.VL53L0X_RdWord
                0x0000000008006b1c       0x70 ./Drivers/BSP/NUCLEO-F411RE/vl53l0x_platform.o
                0x0000000008006b1c                VL53L0X_RdWord
 .text.VL53L0X_RdDWord
                0x0000000008006b8c       0x78 ./Drivers/BSP/NUCLEO-F411RE/vl53l0x_platform.o
                0x0000000008006b8c                VL53L0X_RdDWord
 .text.VL53L0X_PollingDelay
                0x0000000008006c04       0x1e ./Drivers/BSP/NUCLEO-F411RE/vl53l0x_platform.o
                0x0000000008006c04                VL53L0X_PollingDelay
 *fill*         0x0000000008006c22        0x2 
 .text.HandleError
                0x0000000008006c24       0x28 ./Drivers/BSP/NUCLEO-F411RE/vl53l0x_platform.o
                0x0000000008006c24                HandleError
 .text.VL53L0X_ResetId
                0x0000000008006c4c       0x40 ./Drivers/BSP/NUCLEO-F411RE/vl53l0x_platform.o
                0x0000000008006c4c                VL53L0X_ResetId
 .text.F411_SetDisplayString
                0x0000000008006c8c       0x30 ./Drivers/BSP/NUCLEO-F411RE/vl53l0x_platform.o
                0x0000000008006c8c                F411_SetDisplayString
 .text.DetectSensors
                0x0000000008006cbc      0x148 ./Drivers/BSP/NUCLEO-F411RE/vl53l0x_platform.o
                0x0000000008006cbc                DetectSensors
 .text.SetupSingleShot
                0x0000000008006e04      0x238 ./Drivers/BSP/NUCLEO-F411RE/vl53l0x_platform.o
                0x0000000008006e04                SetupSingleShot
 .text.ResetAndDetectSensor
                0x000000000800703c       0x3c ./Drivers/BSP/NUCLEO-F411RE/vl53l0x_platform.o
                0x000000000800703c                ResetAndDetectSensor
 .text.HAL_Init
                0x0000000008007078       0x44 ./Drivers/STM32F4xx_HAL_Driver/Src/stm32f4xx_hal.o
                0x0000000008007078                HAL_Init
 .text.HAL_InitTick
                0x00000000080070bc       0x60 ./Drivers/STM32F4xx_HAL_Driver/Src/stm32f4xx_hal.o
                0x00000000080070bc                HAL_InitTick
 .text.HAL_IncTick
                0x000000000800711c       0x28 ./Drivers/STM32F4xx_HAL_Driver/Src/stm32f4xx_hal.o
                0x000000000800711c                HAL_IncTick
 .text.HAL_GetTick
                0x0000000008007144       0x18 ./Drivers/STM32F4xx_HAL_Driver/Src/stm32f4xx_hal.o
                0x0000000008007144                HAL_GetTick
 .text.HAL_Delay
                0x000000000800715c       0x48 ./Drivers/STM32F4xx_HAL_Driver/Src/stm32f4xx_hal.o
                0x000000000800715c                HAL_Delay
 .text.HAL_ADC_Init
                0x00000000080071a4       0x86 ./Drivers/STM32F4xx_HAL_Driver/Src/stm32f4xx_hal_adc.o
                0x00000000080071a4                HAL_ADC_Init
 *fill*         0x000000000800722a        0x2 
 .text.HAL_ADC_Start
                0x000000000800722c      0x168 ./Drivers/STM32F4xx_HAL_Driver/Src/stm32f4xx_hal_adc.o
                0x000000000800722c                HAL_ADC_Start
 .text.HAL_ADC_Stop
                0x0000000008007394       0x66 ./Drivers/STM32F4xx_HAL_Driver/Src/stm32f4xx_hal_adc.o
                0x0000000008007394                HAL_ADC_Stop
 .text.HAL_ADC_PollForConversion
                0x00000000080073fa      0x116 ./Drivers/STM32F4xx_HAL_Driver/Src/stm32f4xx_hal_adc.o
                0x00000000080073fa                HAL_ADC_PollForConversion
 .text.HAL_ADC_GetValue
                0x0000000008007510       0x1a ./Drivers/STM32F4xx_HAL_Driver/Src/stm32f4xx_hal_adc.o
                0x0000000008007510                HAL_ADC_GetValue
 *fill*         0x000000000800752a        0x2 
 .text.HAL_ADC_ConfigChannel
                0x000000000800752c      0x264 ./Drivers/STM32F4xx_HAL_Driver/Src/stm32f4xx_hal_adc.o
                0x000000000800752c                HAL_ADC_ConfigChannel
 .text.ADC_Init
                0x0000000008007790      0x1f8 ./Drivers/STM32F4xx_HAL_Driver/Src/stm32f4xx_hal_adc.o
 .text.__NVIC_SetPriorityGrouping
                0x0000000008007988       0x48 ./Drivers/STM32F4xx_HAL_Driver/Src/stm32f4xx_hal_cortex.o
 .text.__NVIC_GetPriorityGrouping
                0x00000000080079d0       0x1c ./Drivers/STM32F4xx_HAL_Driver/Src/stm32f4xx_hal_cortex.o
 .text.__NVIC_EnableIRQ
                0x00000000080079ec       0x3c ./Drivers/STM32F4xx_HAL_Driver/Src/stm32f4xx_hal_cortex.o
 .text.__NVIC_SetPriority
                0x0000000008007a28       0x54 ./Drivers/STM32F4xx_HAL_Driver/Src/stm32f4xx_hal_cortex.o
 .text.NVIC_EncodePriority
                0x0000000008007a7c       0x66 ./Drivers/STM32F4xx_HAL_Driver/Src/stm32f4xx_hal_cortex.o
 *fill*         0x0000000008007ae2        0x2 
 .text.SysTick_Config
                0x0000000008007ae4       0x44 ./Drivers/STM32F4xx_HAL_Driver/Src/stm32f4xx_hal_cortex.o
 .text.HAL_NVIC_SetPriorityGrouping
                0x0000000008007b28       0x16 ./Drivers/STM32F4xx_HAL_Driver/Src/stm32f4xx_hal_cortex.o
                0x0000000008007b28                HAL_NVIC_SetPriorityGrouping
 .text.HAL_NVIC_SetPriority
                0x0000000008007b3e       0x38 ./Drivers/STM32F4xx_HAL_Driver/Src/stm32f4xx_hal_cortex.o
                0x0000000008007b3e                HAL_NVIC_SetPriority
 .text.HAL_NVIC_EnableIRQ
                0x0000000008007b76       0x1c ./Drivers/STM32F4xx_HAL_Driver/Src/stm32f4xx_hal_cortex.o
                0x0000000008007b76                HAL_NVIC_EnableIRQ
 .text.HAL_SYSTICK_Config
                0x0000000008007b92       0x18 ./Drivers/STM32F4xx_HAL_Driver/Src/stm32f4xx_hal_cortex.o
                0x0000000008007b92                HAL_SYSTICK_Config
 .text.HAL_DMA_Abort
                0x0000000008007baa       0xe0 ./Drivers/STM32F4xx_HAL_Driver/Src/stm32f4xx_hal_dma.o
                0x0000000008007baa                HAL_DMA_Abort
 .text.HAL_DMA_Abort_IT
                0x0000000008007c8a       0x44 ./Drivers/STM32F4xx_HAL_Driver/Src/stm32f4xx_hal_dma.o
                0x0000000008007c8a                HAL_DMA_Abort_IT
 *fill*         0x0000000008007cce        0x2 
 .text.HAL_GPIO_Init
                0x0000000008007cd0      0x308 ./Drivers/STM32F4xx_HAL_Driver/Src/stm32f4xx_hal_gpio.o
                0x0000000008007cd0                HAL_GPIO_Init
 .text.HAL_GPIO_WritePin
                0x0000000008007fd8       0x32 ./Drivers/STM32F4xx_HAL_Driver/Src/stm32f4xx_hal_gpio.o
                0x0000000008007fd8                HAL_GPIO_WritePin
 *fill*         0x000000000800800a        0x2 
 .text.HAL_I2C_Init
                0x000000000800800c      0x288 ./Drivers/STM32F4xx_HAL_Driver/Src/stm32f4xx_hal_i2c.o
                0x000000000800800c                HAL_I2C_Init
 .text.HAL_I2C_Master_Transmit
                0x0000000008008294      0x1fc ./Drivers/STM32F4xx_HAL_Driver/Src/stm32f4xx_hal_i2c.o
                0x0000000008008294                HAL_I2C_Master_Transmit
 .text.HAL_I2C_Master_Receive
                0x0000000008008490      0x44c ./Drivers/STM32F4xx_HAL_Driver/Src/stm32f4xx_hal_i2c.o
                0x0000000008008490                HAL_I2C_Master_Receive
 .text.I2C_MasterRequestWrite
                0x00000000080088dc      0x104 ./Drivers/STM32F4xx_HAL_Driver/Src/stm32f4xx_hal_i2c.o
 .text.I2C_MasterRequestRead
                0x00000000080089e0      0x19c ./Drivers/STM32F4xx_HAL_Driver/Src/stm32f4xx_hal_i2c.o
 .text.I2C_WaitOnFlagUntilTimeout
                0x0000000008008b7c       0xae ./Drivers/STM32F4xx_HAL_Driver/Src/stm32f4xx_hal_i2c.o
 .text.I2C_WaitOnMasterAddressFlagUntilTimeout
                0x0000000008008c2a       0xfe ./Drivers/STM32F4xx_HAL_Driver/Src/stm32f4xx_hal_i2c.o
 .text.I2C_WaitOnTXEFlagUntilTimeout
                0x0000000008008d28       0x82 ./Drivers/STM32F4xx_HAL_Driver/Src/stm32f4xx_hal_i2c.o
 .text.I2C_WaitOnBTFFlagUntilTimeout
                0x0000000008008daa       0x82 ./Drivers/STM32F4xx_HAL_Driver/Src/stm32f4xx_hal_i2c.o
 .text.I2C_WaitOnRXNEFlagUntilTimeout
                0x0000000008008e2c       0xac ./Drivers/STM32F4xx_HAL_Driver/Src/stm32f4xx_hal_i2c.o
 .text.I2C_IsAcknowledgeFailed
                0x0000000008008ed8       0x5e ./Drivers/STM32F4xx_HAL_Driver/Src/stm32f4xx_hal_i2c.o
 *fill*         0x0000000008008f36        0x2 
 .text.HAL_RCC_OscConfig
                0x0000000008008f38      0x4f0 ./Drivers/STM32F4xx_HAL_Driver/Src/stm32f4xx_hal_rcc.o
                0x0000000008008f38                HAL_RCC_OscConfig
 .text.HAL_RCC_ClockConfig
                0x0000000008009428      0x1cc ./Drivers/STM32F4xx_HAL_Driver/Src/stm32f4xx_hal_rcc.o
                0x0000000008009428                HAL_RCC_ClockConfig
 .text.HAL_RCC_GetSysClockFreq
                0x00000000080095f4      0x1c4 ./Drivers/STM32F4xx_HAL_Driver/Src/stm32f4xx_hal_rcc.o
                0x00000000080095f4                HAL_RCC_GetSysClockFreq
 .text.HAL_RCC_GetHCLKFreq
                0x00000000080097b8       0x18 ./Drivers/STM32F4xx_HAL_Driver/Src/stm32f4xx_hal_rcc.o
                0x00000000080097b8                HAL_RCC_GetHCLKFreq
 .text.HAL_RCC_GetPCLK1Freq
                0x00000000080097d0       0x28 ./Drivers/STM32F4xx_HAL_Driver/Src/stm32f4xx_hal_rcc.o
                0x00000000080097d0                HAL_RCC_GetPCLK1Freq
 .text.HAL_RCC_GetPCLK2Freq
                0x00000000080097f8       0x28 ./Drivers/STM32F4xx_HAL_Driver/Src/stm32f4xx_hal_rcc.o
                0x00000000080097f8                HAL_RCC_GetPCLK2Freq
 .text.HAL_TIM_Base_Init
                0x0000000008009820       0x9e ./Drivers/STM32F4xx_HAL_Driver/Src/stm32f4xx_hal_tim.o
                0x0000000008009820                HAL_TIM_Base_Init
 .text.HAL_TIM_PWM_Init
                0x00000000080098be       0x9e ./Drivers/STM32F4xx_HAL_Driver/Src/stm32f4xx_hal_tim.o
                0x00000000080098be                HAL_TIM_PWM_Init
 .text.HAL_TIM_PWM_MspInit
                0x000000000800995c       0x14 ./Drivers/STM32F4xx_HAL_Driver/Src/stm32f4xx_hal_tim.o
                0x000000000800995c                HAL_TIM_PWM_MspInit
 .text.HAL_TIM_PWM_Start
                0x0000000008009970      0x160 ./Drivers/STM32F4xx_HAL_Driver/Src/stm32f4xx_hal_tim.o
                0x0000000008009970                HAL_TIM_PWM_Start
 .text.HAL_TIM_PWM_ConfigChannel
                0x0000000008009ad0      0x184 ./Drivers/STM32F4xx_HAL_Driver/Src/stm32f4xx_hal_tim.o
                0x0000000008009ad0                HAL_TIM_PWM_ConfigChannel
 .text.HAL_TIM_ConfigClockSource
                0x0000000008009c54      0x18e ./Drivers/STM32F4xx_HAL_Driver/Src/stm32f4xx_hal_tim.o
                0x0000000008009c54                HAL_TIM_ConfigClockSource
 *fill*         0x0000000008009de2        0x2 
 .text.TIM_Base_SetConfig
                0x0000000008009de4      0x100 ./Drivers/STM32F4xx_HAL_Driver/Src/stm32f4xx_hal_tim.o
                0x0000000008009de4                TIM_Base_SetConfig
 .text.TIM_OC1_SetConfig
                0x0000000008009ee4       0xcc ./Drivers/STM32F4xx_HAL_Driver/Src/stm32f4xx_hal_tim.o
 .text.TIM_OC2_SetConfig
                0x0000000008009fb0       0xd8 ./Drivers/STM32F4xx_HAL_Driver/Src/stm32f4xx_hal_tim.o
                0x0000000008009fb0                TIM_OC2_SetConfig
 .text.TIM_OC3_SetConfig
                0x000000000800a088       0xd4 ./Drivers/STM32F4xx_HAL_Driver/Src/stm32f4xx_hal_tim.o
 .text.TIM_OC4_SetConfig
                0x000000000800a15c       0xa0 ./Drivers/STM32F4xx_HAL_Driver/Src/stm32f4xx_hal_tim.o
 .text.TIM_TI1_ConfigInputStage
                0x000000000800a1fc       0x5e ./Drivers/STM32F4xx_HAL_Driver/Src/stm32f4xx_hal_tim.o
 .text.TIM_TI2_ConfigInputStage
                0x000000000800a25a       0x60 ./Drivers/STM32F4xx_HAL_Driver/Src/stm32f4xx_hal_tim.o
 .text.TIM_ITRx_SetConfig
                0x000000000800a2ba       0x36 ./Drivers/STM32F4xx_HAL_Driver/Src/stm32f4xx_hal_tim.o
 .text.TIM_ETR_SetConfig
                0x000000000800a2f0       0x40 ./Drivers/STM32F4xx_HAL_Driver/Src/stm32f4xx_hal_tim.o
                0x000000000800a2f0                TIM_ETR_SetConfig
 .text.TIM_CCxChannelCmd
                0x000000000800a330       0x4a ./Drivers/STM32F4xx_HAL_Driver/Src/stm32f4xx_hal_tim.o
                0x000000000800a330                TIM_CCxChannelCmd
 *fill*         0x000000000800a37a        0x2 
 .text.HAL_TIMEx_MasterConfigSynchronization
                0x000000000800a37c       0xdc ./Drivers/STM32F4xx_HAL_Driver/Src/stm32f4xx_hal_tim_ex.o
                0x000000000800a37c                HAL_TIMEx_MasterConfigSynchronization
 .text.HAL_UART_Init
                0x000000000800a458       0x9a ./Drivers/STM32F4xx_HAL_Driver/Src/stm32f4xx_hal_uart.o
                0x000000000800a458                HAL_UART_Init
 .text.HAL_UART_Transmit
                0x000000000800a4f2      0x124 ./Drivers/STM32F4xx_HAL_Driver/Src/stm32f4xx_hal_uart.o
                0x000000000800a4f2                HAL_UART_Transmit
 .text.HAL_UART_Receive_IT
                0x000000000800a616       0x60 ./Drivers/STM32F4xx_HAL_Driver/Src/stm32f4xx_hal_uart.o
                0x000000000800a616                HAL_UART_Receive_IT
 *fill*         0x000000000800a676        0x2 
 .text.HAL_UART_IRQHandler
                0x000000000800a678      0x51c ./Drivers/STM32F4xx_HAL_Driver/Src/stm32f4xx_hal_uart.o
                0x000000000800a678                HAL_UART_IRQHandler
 .text.HAL_UART_TxCpltCallback
                0x000000000800ab94       0x14 ./Drivers/STM32F4xx_HAL_Driver/Src/stm32f4xx_hal_uart.o
                0x000000000800ab94                HAL_UART_TxCpltCallback
 .text.HAL_UART_ErrorCallback
                0x000000000800aba8       0x14 ./Drivers/STM32F4xx_HAL_Driver/Src/stm32f4xx_hal_uart.o
                0x000000000800aba8                HAL_UART_ErrorCallback
 .text.HAL_UARTEx_RxEventCallback
                0x000000000800abbc       0x18 ./Drivers/STM32F4xx_HAL_Driver/Src/stm32f4xx_hal_uart.o
                0x000000000800abbc                HAL_UARTEx_RxEventCallback
 .text.UART_WaitOnFlagUntilTimeout
                0x000000000800abd4       0xdc ./Drivers/STM32F4xx_HAL_Driver/Src/stm32f4xx_hal_uart.o
 .text.UART_Start_Receive_IT
                0x000000000800acb0       0x74 ./Drivers/STM32F4xx_HAL_Driver/Src/stm32f4xx_hal_uart.o
                0x000000000800acb0                UART_Start_Receive_IT
 .text.UART_EndRxTransfer
                0x000000000800ad24       0xc6 ./Drivers/STM32F4xx_HAL_Driver/Src/stm32f4xx_hal_uart.o
 .text.UART_DMAAbortOnError
                0x000000000800adea       0x28 ./Drivers/STM32F4xx_HAL_Driver/Src/stm32f4xx_hal_uart.o
 .text.UART_Transmit_IT
                0x000000000800ae12       0xa0 ./Drivers/STM32F4xx_HAL_Driver/Src/stm32f4xx_hal_uart.o
 .text.UART_EndTransmit_IT
                0x000000000800aeb2       0x30 ./Drivers/STM32F4xx_HAL_Driver/Src/stm32f4xx_hal_uart.o
 .text.UART_Receive_IT
                0x000000000800aee2      0x176 ./Drivers/STM32F4xx_HAL_Driver/Src/stm32f4xx_hal_uart.o
 .text.UART_SetConfig
                0x000000000800b058      0x390 ./Drivers/STM32F4xx_HAL_Driver/Src/stm32f4xx_hal_uart.o
 .text.__errno  0x000000000800b3e8        0xc c:/st/stm32cubeide_1.8.0/stm32cubeide/plugins/com.st.stm32cube.ide.mcu.externaltools.gnu-tools-for-stm32.9-2020-q2-update.win32_2.0.0.202105311346/tools/bin/../lib/gcc/arm-none-eabi/9.3.1/../../../../arm-none-eabi/lib/thumb/v7e-m+fp/hard\libc_nano.a(lib_a-errno.o)
                0x000000000800b3e8                __errno
 .text.__libc_init_array
                0x000000000800b3f4       0x48 c:/st/stm32cubeide_1.8.0/stm32cubeide/plugins/com.st.stm32cube.ide.mcu.externaltools.gnu-tools-for-stm32.9-2020-q2-update.win32_2.0.0.202105311346/tools/bin/../lib/gcc/arm-none-eabi/9.3.1/../../../../arm-none-eabi/lib/thumb/v7e-m+fp/hard\libc_nano.a(lib_a-init.o)
                0x000000000800b3f4                __libc_init_array
 .text.memcpy   0x000000000800b43c       0x1c c:/st/stm32cubeide_1.8.0/stm32cubeide/plugins/com.st.stm32cube.ide.mcu.externaltools.gnu-tools-for-stm32.9-2020-q2-update.win32_2.0.0.202105311346/tools/bin/../lib/gcc/arm-none-eabi/9.3.1/../../../../arm-none-eabi/lib/thumb/v7e-m+fp/hard\libc_nano.a(lib_a-memcpy-stub.o)
                0x000000000800b43c                memcpy
 .text.memset   0x000000000800b458       0x10 c:/st/stm32cubeide_1.8.0/stm32cubeide/plugins/com.st.stm32cube.ide.mcu.externaltools.gnu-tools-for-stm32.9-2020-q2-update.win32_2.0.0.202105311346/tools/bin/../lib/gcc/arm-none-eabi/9.3.1/../../../../arm-none-eabi/lib/thumb/v7e-m+fp/hard\libc_nano.a(lib_a-memset.o)
                0x000000000800b458                memset
 .text.sprintf  0x000000000800b468       0x40 c:/st/stm32cubeide_1.8.0/stm32cubeide/plugins/com.st.stm32cube.ide.mcu.externaltools.gnu-tools-for-stm32.9-2020-q2-update.win32_2.0.0.202105311346/tools/bin/../lib/gcc/arm-none-eabi/9.3.1/../../../../arm-none-eabi/lib/thumb/v7e-m+fp/hard\libc_nano.a(lib_a-sprintf.o)
                0x000000000800b468                siprintf
                0x000000000800b468                sprintf
 .text.strcpy   0x000000000800b4a8       0x10 c:/st/stm32cubeide_1.8.0/stm32cubeide/plugins/com.st.stm32cube.ide.mcu.externaltools.gnu-tools-for-stm32.9-2020-q2-update.win32_2.0.0.202105311346/tools/bin/../lib/gcc/arm-none-eabi/9.3.1/../../../../arm-none-eabi/lib/thumb/v7e-m+fp/hard\libc_nano.a(lib_a-strcpy.o)
                0x000000000800b4a8                strcpy
 .text.__ssputs_r
                0x000000000800b4b8       0xb6 c:/st/stm32cubeide_1.8.0/stm32cubeide/plugins/com.st.stm32cube.ide.mcu.externaltools.gnu-tools-for-stm32.9-2020-q2-update.win32_2.0.0.202105311346/tools/bin/../lib/gcc/arm-none-eabi/9.3.1/../../../../arm-none-eabi/lib/thumb/v7e-m+fp/hard\libc_nano.a(lib_a-nano-svfprintf.o)
                0x000000000800b4b8                __ssputs_r
 *fill*         0x000000000800b56e        0x2 
 .text._svfprintf_r
                0x000000000800b570      0x200 c:/st/stm32cubeide_1.8.0/stm32cubeide/plugins/com.st.stm32cube.ide.mcu.externaltools.gnu-tools-for-stm32.9-2020-q2-update.win32_2.0.0.202105311346/tools/bin/../lib/gcc/arm-none-eabi/9.3.1/../../../../arm-none-eabi/lib/thumb/v7e-m+fp/hard\libc_nano.a(lib_a-nano-svfprintf.o)
                0x000000000800b570                _svfiprintf_r
                0x000000000800b570                _svfprintf_r
 .text._printf_common
                0x000000000800b770       0xda c:/st/stm32cubeide_1.8.0/stm32cubeide/plugins/com.st.stm32cube.ide.mcu.externaltools.gnu-tools-for-stm32.9-2020-q2-update.win32_2.0.0.202105311346/tools/bin/../lib/gcc/arm-none-eabi/9.3.1/../../../../arm-none-eabi/lib/thumb/v7e-m+fp/hard\libc_nano.a(lib_a-nano-vfprintf_i.o)
                0x000000000800b770                _printf_common
 *fill*         0x000000000800b84a        0x2 
 .text._printf_i
                0x000000000800b84c      0x24c c:/st/stm32cubeide_1.8.0/stm32cubeide/plugins/com.st.stm32cube.ide.mcu.externaltools.gnu-tools-for-stm32.9-2020-q2-update.win32_2.0.0.202105311346/tools/bin/../lib/gcc/arm-none-eabi/9.3.1/../../../../arm-none-eabi/lib/thumb/v7e-m+fp/hard\libc_nano.a(lib_a-nano-vfprintf_i.o)
                0x000000000800b84c                _printf_i
 .text.memmove  0x000000000800ba98       0x34 c:/st/stm32cubeide_1.8.0/stm32cubeide/plugins/com.st.stm32cube.ide.mcu.externaltools.gnu-tools-for-stm32.9-2020-q2-update.win32_2.0.0.202105311346/tools/bin/../lib/gcc/arm-none-eabi/9.3.1/../../../../arm-none-eabi/lib/thumb/v7e-m+fp/hard\libc_nano.a(lib_a-memmove.o)
                0x000000000800ba98                memmove
 .text._free_r  0x000000000800bacc       0xa0 c:/st/stm32cubeide_1.8.0/stm32cubeide/plugins/com.st.stm32cube.ide.mcu.externaltools.gnu-tools-for-stm32.9-2020-q2-update.win32_2.0.0.202105311346/tools/bin/../lib/gcc/arm-none-eabi/9.3.1/../../../../arm-none-eabi/lib/thumb/v7e-m+fp/hard\libc_nano.a(lib_a-nano-freer.o)
                0x000000000800bacc                _free_r
 .text._malloc_r
                0x000000000800bb6c       0xb4 c:/st/stm32cubeide_1.8.0/stm32cubeide/plugins/com.st.stm32cube.ide.mcu.externaltools.gnu-tools-for-stm32.9-2020-q2-update.win32_2.0.0.202105311346/tools/bin/../lib/gcc/arm-none-eabi/9.3.1/../../../../arm-none-eabi/lib/thumb/v7e-m+fp/hard\libc_nano.a(lib_a-nano-mallocr.o)
                0x000000000800bb6c                _malloc_r
 .text._realloc_r
                0x000000000800bc20       0x4c c:/st/stm32cubeide_1.8.0/stm32cubeide/plugins/com.st.stm32cube.ide.mcu.externaltools.gnu-tools-for-stm32.9-2020-q2-update.win32_2.0.0.202105311346/tools/bin/../lib/gcc/arm-none-eabi/9.3.1/../../../../arm-none-eabi/lib/thumb/v7e-m+fp/hard\libc_nano.a(lib_a-nano-reallocr.o)
                0x000000000800bc20                _realloc_r
 .text._sbrk_r  0x000000000800bc6c       0x20 c:/st/stm32cubeide_1.8.0/stm32cubeide/plugins/com.st.stm32cube.ide.mcu.externaltools.gnu-tools-for-stm32.9-2020-q2-update.win32_2.0.0.202105311346/tools/bin/../lib/gcc/arm-none-eabi/9.3.1/../../../../arm-none-eabi/lib/thumb/v7e-m+fp/hard\libc_nano.a(lib_a-sbrkr.o)
                0x000000000800bc6c                _sbrk_r
 .text.__malloc_lock
                0x000000000800bc8c        0xc c:/st/stm32cubeide_1.8.0/stm32cubeide/plugins/com.st.stm32cube.ide.mcu.externaltools.gnu-tools-for-stm32.9-2020-q2-update.win32_2.0.0.202105311346/tools/bin/../lib/gcc/arm-none-eabi/9.3.1/../../../../arm-none-eabi/lib/thumb/v7e-m+fp/hard\libc_nano.a(lib_a-mlock.o)
                0x000000000800bc8c                __malloc_lock
 .text.__malloc_unlock
                0x000000000800bc98        0xc c:/st/stm32cubeide_1.8.0/stm32cubeide/plugins/com.st.stm32cube.ide.mcu.externaltools.gnu-tools-for-stm32.9-2020-q2-update.win32_2.0.0.202105311346/tools/bin/../lib/gcc/arm-none-eabi/9.3.1/../../../../arm-none-eabi/lib/thumb/v7e-m+fp/hard\libc_nano.a(lib_a-mlock.o)
                0x000000000800bc98                __malloc_unlock
 .text._malloc_usable_size_r
                0x000000000800bca4       0x10 c:/st/stm32cubeide_1.8.0/stm32cubeide/plugins/com.st.stm32cube.ide.mcu.externaltools.gnu-tools-for-stm32.9-2020-q2-update.win32_2.0.0.202105311346/tools/bin/../lib/gcc/arm-none-eabi/9.3.1/../../../../arm-none-eabi/lib/thumb/v7e-m+fp/hard\libc_nano.a(lib_a-nano-msizer.o)
                0x000000000800bca4                _malloc_usable_size_r
 .text.__retarget_lock_acquire_recursive
                0x000000000800bcb4        0x2 c:/st/stm32cubeide_1.8.0/stm32cubeide/plugins/com.st.stm32cube.ide.mcu.externaltools.gnu-tools-for-stm32.9-2020-q2-update.win32_2.0.0.202105311346/tools/bin/../lib/gcc/arm-none-eabi/9.3.1/../../../../arm-none-eabi/lib/thumb/v7e-m+fp/hard\libc_nano.a(lib_a-lock.o)
                0x000000000800bcb4                __retarget_lock_acquire_recursive
 .text.__retarget_lock_release_recursive
                0x000000000800bcb6        0x2 c:/st/stm32cubeide_1.8.0/stm32cubeide/plugins/com.st.stm32cube.ide.mcu.externaltools.gnu-tools-for-stm32.9-2020-q2-update.win32_2.0.0.202105311346/tools/bin/../lib/gcc/arm-none-eabi/9.3.1/../../../../arm-none-eabi/lib/thumb/v7e-m+fp/hard\libc_nano.a(lib_a-lock.o)
                0x000000000800bcb6                __retarget_lock_release_recursive
 .text.floor    0x000000000800bcb8      0x100 c:/st/stm32cubeide_1.8.0/stm32cubeide/plugins/com.st.stm32cube.ide.mcu.externaltools.gnu-tools-for-stm32.9-2020-q2-update.win32_2.0.0.202105311346/tools/bin/../lib/gcc/arm-none-eabi/9.3.1/../../../../arm-none-eabi/lib/thumb/v7e-m+fp/hard\libm.a(lib_a-s_floor.o)
                0x000000000800bcb8                floor
 .text.log10    0x000000000800bdb8       0x90 c:/st/stm32cubeide_1.8.0/stm32cubeide/plugins/com.st.stm32cube.ide.mcu.externaltools.gnu-tools-for-stm32.9-2020-q2-update.win32_2.0.0.202105311346/tools/bin/../lib/gcc/arm-none-eabi/9.3.1/../../../../arm-none-eabi/lib/thumb/v7e-m+fp/hard\libm.a(lib_a-w_log10.o)
                0x000000000800bdb8                log10
 .text.pow      0x000000000800be48      0x15c c:/st/stm32cubeide_1.8.0/stm32cubeide/plugins/com.st.stm32cube.ide.mcu.externaltools.gnu-tools-for-stm32.9-2020-q2-update.win32_2.0.0.202105311346/tools/bin/../lib/gcc/arm-none-eabi/9.3.1/../../../../arm-none-eabi/lib/thumb/v7e-m+fp/hard\libm.a(lib_a-w_pow.o)
                0x000000000800be48                pow
 *fill*         0x000000000800bfa4        0x4 
 .text.__ieee754_log10
                0x000000000800bfa8      0x114 c:/st/stm32cubeide_1.8.0/stm32cubeide/plugins/com.st.stm32cube.ide.mcu.externaltools.gnu-tools-for-stm32.9-2020-q2-update.win32_2.0.0.202105311346/tools/bin/../lib/gcc/arm-none-eabi/9.3.1/../../../../arm-none-eabi/lib/thumb/v7e-m+fp/hard\libm.a(lib_a-e_log10.o)
                0x000000000800bfa8                __ieee754_log10
 *fill*         0x000000000800c0bc        0x4 
 .text.__ieee754_pow
                0x000000000800c0c0      0xa44 c:/st/stm32cubeide_1.8.0/stm32cubeide/plugins/com.st.stm32cube.ide.mcu.externaltools.gnu-tools-for-stm32.9-2020-q2-update.win32_2.0.0.202105311346/tools/bin/../lib/gcc/arm-none-eabi/9.3.1/../../../../arm-none-eabi/lib/thumb/v7e-m+fp/hard\libm.a(lib_a-e_pow.o)
                0x000000000800c0c0                __ieee754_pow
 .text.__ieee754_sqrt
                0x000000000800cb04      0x168 c:/st/stm32cubeide_1.8.0/stm32cubeide/plugins/com.st.stm32cube.ide.mcu.externaltools.gnu-tools-for-stm32.9-2020-q2-update.win32_2.0.0.202105311346/tools/bin/../lib/gcc/arm-none-eabi/9.3.1/../../../../arm-none-eabi/lib/thumb/v7e-m+fp/hard\libm.a(lib_a-e_sqrt.o)
                0x000000000800cb04                __ieee754_sqrt
 .text.fabs     0x000000000800cc6c       0x12 c:/st/stm32cubeide_1.8.0/stm32cubeide/plugins/com.st.stm32cube.ide.mcu.externaltools.gnu-tools-for-stm32.9-2020-q2-update.win32_2.0.0.202105311346/tools/bin/../lib/gcc/arm-none-eabi/9.3.1/../../../../arm-none-eabi/lib/thumb/v7e-m+fp/hard\libm.a(lib_a-s_fabs.o)
                0x000000000800cc6c                fabs
 .text.finite   0x000000000800cc7e       0x16 c:/st/stm32cubeide_1.8.0/stm32cubeide/plugins/com.st.stm32cube.ide.mcu.externaltools.gnu-tools-for-stm32.9-2020-q2-update.win32_2.0.0.202105311346/tools/bin/../lib/gcc/arm-none-eabi/9.3.1/../../../../arm-none-eabi/lib/thumb/v7e-m+fp/hard\libm.a(lib_a-s_finite.o)
                0x000000000800cc7e                finite
 *fill*         0x000000000800cc94        0x4 
 .text.nan      0x000000000800cc98       0x10 c:/st/stm32cubeide_1.8.0/stm32cubeide/plugins/com.st.stm32cube.ide.mcu.externaltools.gnu-tools-for-stm32.9-2020-q2-update.win32_2.0.0.202105311346/tools/bin/../lib/gcc/arm-none-eabi/9.3.1/../../../../arm-none-eabi/lib/thumb/v7e-m+fp/hard\libm.a(lib_a-s_nan.o)
                0x000000000800cc98                nan
 .text.rint     0x000000000800cca8      0x114 c:/st/stm32cubeide_1.8.0/stm32cubeide/plugins/com.st.stm32cube.ide.mcu.externaltools.gnu-tools-for-stm32.9-2020-q2-update.win32_2.0.0.202105311346/tools/bin/../lib/gcc/arm-none-eabi/9.3.1/../../../../arm-none-eabi/lib/thumb/v7e-m+fp/hard\libm.a(lib_a-s_rint.o)
                0x000000000800cca8                rint
 *fill*         0x000000000800cdbc        0x4 
 .text.scalbn   0x000000000800cdc0      0x10c c:/st/stm32cubeide_1.8.0/stm32cubeide/plugins/com.st.stm32cube.ide.mcu.externaltools.gnu-tools-for-stm32.9-2020-q2-update.win32_2.0.0.202105311346/tools/bin/../lib/gcc/arm-none-eabi/9.3.1/../../../../arm-none-eabi/lib/thumb/v7e-m+fp/hard\libm.a(lib_a-s_scalbn.o)
                0x000000000800cdc0                scalbn
 *fill*         0x000000000800cecc        0x4 
 .text.__ieee754_log
                0x000000000800ced0      0x374 c:/st/stm32cubeide_1.8.0/stm32cubeide/plugins/com.st.stm32cube.ide.mcu.externaltools.gnu-tools-for-stm32.9-2020-q2-update.win32_2.0.0.202105311346/tools/bin/../lib/gcc/arm-none-eabi/9.3.1/../../../../arm-none-eabi/lib/thumb/v7e-m+fp/hard\libm.a(lib_a-e_log.o)
                0x000000000800ced0                __ieee754_log
 *(.glue_7)
 .glue_7        0x000000000800d244        0x0 linker stubs
 *(.glue_7t)
 .glue_7t       0x000000000800d244        0x0 linker stubs
 *(.eh_frame)
 .eh_frame      0x000000000800d244        0x0 c:/st/stm32cubeide_1.8.0/stm32cubeide/plugins/com.st.stm32cube.ide.mcu.externaltools.gnu-tools-for-stm32.9-2020-q2-update.win32_2.0.0.202105311346/tools/bin/../lib/gcc/arm-none-eabi/9.3.1/thumb/v7e-m+fp/hard/crtbegin.o
 *(.init)
 .init          0x000000000800d244        0x4 c:/st/stm32cubeide_1.8.0/stm32cubeide/plugins/com.st.stm32cube.ide.mcu.externaltools.gnu-tools-for-stm32.9-2020-q2-update.win32_2.0.0.202105311346/tools/bin/../lib/gcc/arm-none-eabi/9.3.1/thumb/v7e-m+fp/hard/crti.o
                0x000000000800d244                _init
 .init          0x000000000800d248        0x8 c:/st/stm32cubeide_1.8.0/stm32cubeide/plugins/com.st.stm32cube.ide.mcu.externaltools.gnu-tools-for-stm32.9-2020-q2-update.win32_2.0.0.202105311346/tools/bin/../lib/gcc/arm-none-eabi/9.3.1/thumb/v7e-m+fp/hard/crtn.o
 *(.fini)
 .fini          0x000000000800d250        0x4 c:/st/stm32cubeide_1.8.0/stm32cubeide/plugins/com.st.stm32cube.ide.mcu.externaltools.gnu-tools-for-stm32.9-2020-q2-update.win32_2.0.0.202105311346/tools/bin/../lib/gcc/arm-none-eabi/9.3.1/thumb/v7e-m+fp/hard/crti.o
                0x000000000800d250                _fini
 .fini          0x000000000800d254        0x8 c:/st/stm32cubeide_1.8.0/stm32cubeide/plugins/com.st.stm32cube.ide.mcu.externaltools.gnu-tools-for-stm32.9-2020-q2-update.win32_2.0.0.202105311346/tools/bin/../lib/gcc/arm-none-eabi/9.3.1/thumb/v7e-m+fp/hard/crtn.o
                0x000000000800d25c                . = ALIGN (0x4)
                0x000000000800d25c                _etext = .

.vfp11_veneer   0x000000000800d25c        0x0
 .vfp11_veneer  0x000000000800d25c        0x0 linker stubs

.v4_bx          0x000000000800d25c        0x0
 .v4_bx         0x000000000800d25c        0x0 linker stubs

.iplt           0x000000000800d25c        0x0
 .iplt          0x000000000800d25c        0x0 c:/st/stm32cubeide_1.8.0/stm32cubeide/plugins/com.st.stm32cube.ide.mcu.externaltools.gnu-tools-for-stm32.9-2020-q2-update.win32_2.0.0.202105311346/tools/bin/../lib/gcc/arm-none-eabi/9.3.1/thumb/v7e-m+fp/hard/crtbegin.o

.rodata         0x000000000800d260       0xb8
                0x000000000800d260                . = ALIGN (0x4)
 *(.rodata)
 .rodata        0x000000000800d260        0xe ./Core/Src/main.o
 *fill*         0x000000000800d26e        0x2 
 .rodata        0x000000000800d270       0x1c ./Drivers/BSP/NUCLEO-F411RE/vl53l0x_platform.o
 *(.rodata*)
 .rodata.AHBPrescTable
                0x000000000800d28c       0x10 ./Core/Src/system_stm32f4xx.o
                0x000000000800d28c                AHBPrescTable
 .rodata.APBPrescTable
                0x000000000800d29c        0x8 ./Core/Src/system_stm32f4xx.o
                0x000000000800d29c                APBPrescTable
 .rodata._svfprintf_r.str1.1
                0x000000000800d2a4       0x11 c:/st/stm32cubeide_1.8.0/stm32cubeide/plugins/com.st.stm32cube.ide.mcu.externaltools.gnu-tools-for-stm32.9-2020-q2-update.win32_2.0.0.202105311346/tools/bin/../lib/gcc/arm-none-eabi/9.3.1/../../../../arm-none-eabi/lib/thumb/v7e-m+fp/hard\libc_nano.a(lib_a-nano-svfprintf.o)
 .rodata._printf_i.str1.1
                0x000000000800d2b5       0x22 c:/st/stm32cubeide_1.8.0/stm32cubeide/plugins/com.st.stm32cube.ide.mcu.externaltools.gnu-tools-for-stm32.9-2020-q2-update.win32_2.0.0.202105311346/tools/bin/../lib/gcc/arm-none-eabi/9.3.1/../../../../arm-none-eabi/lib/thumb/v7e-m+fp/hard\libc_nano.a(lib_a-nano-vfprintf_i.o)
 .rodata.log10.str1.1
                0x000000000800d2d7       0x22 c:/st/stm32cubeide_1.8.0/stm32cubeide/plugins/com.st.stm32cube.ide.mcu.externaltools.gnu-tools-for-stm32.9-2020-q2-update.win32_2.0.0.202105311346/tools/bin/../lib/gcc/arm-none-eabi/9.3.1/../../../../arm-none-eabi/lib/thumb/v7e-m+fp/hard\libm.a(lib_a-w_log10.o)
                                          0x1 (size before relaxing)
 .rodata.__ieee754_pow.str1.1
                0x000000000800d2d7        0x1 c:/st/stm32cubeide_1.8.0/stm32cubeide/plugins/com.st.stm32cube.ide.mcu.externaltools.gnu-tools-for-stm32.9-2020-q2-update.win32_2.0.0.202105311346/tools/bin/../lib/gcc/arm-none-eabi/9.3.1/../../../../arm-none-eabi/lib/thumb/v7e-m+fp/hard\libm.a(lib_a-e_pow.o)
 *fill*         0x000000000800d2d7        0x1 
 .rodata.bp     0x000000000800d2d8       0x10 c:/st/stm32cubeide_1.8.0/stm32cubeide/plugins/com.st.stm32cube.ide.mcu.externaltools.gnu-tools-for-stm32.9-2020-q2-update.win32_2.0.0.202105311346/tools/bin/../lib/gcc/arm-none-eabi/9.3.1/../../../../arm-none-eabi/lib/thumb/v7e-m+fp/hard\libm.a(lib_a-e_pow.o)
 .rodata.dp_h   0x000000000800d2e8       0x10 c:/st/stm32cubeide_1.8.0/stm32cubeide/plugins/com.st.stm32cube.ide.mcu.externaltools.gnu-tools-for-stm32.9-2020-q2-update.win32_2.0.0.202105311346/tools/bin/../lib/gcc/arm-none-eabi/9.3.1/../../../../arm-none-eabi/lib/thumb/v7e-m+fp/hard\libm.a(lib_a-e_pow.o)
 .rodata.dp_l   0x000000000800d2f8       0x10 c:/st/stm32cubeide_1.8.0/stm32cubeide/plugins/com.st.stm32cube.ide.mcu.externaltools.gnu-tools-for-stm32.9-2020-q2-update.win32_2.0.0.202105311346/tools/bin/../lib/gcc/arm-none-eabi/9.3.1/../../../../arm-none-eabi/lib/thumb/v7e-m+fp/hard\libm.a(lib_a-e_pow.o)
 .rodata.TWO52  0x000000000800d308       0x10 c:/st/stm32cubeide_1.8.0/stm32cubeide/plugins/com.st.stm32cube.ide.mcu.externaltools.gnu-tools-for-stm32.9-2020-q2-update.win32_2.0.0.202105311346/tools/bin/../lib/gcc/arm-none-eabi/9.3.1/../../../../arm-none-eabi/lib/thumb/v7e-m+fp/hard\libm.a(lib_a-s_rint.o)
                0x000000000800d318                . = ALIGN (0x4)

.ARM.extab      0x000000000800d318        0x0
                0x000000000800d318                . = ALIGN (0x4)
 *(.ARM.extab* .gnu.linkonce.armextab.*)
                0x000000000800d318                . = ALIGN (0x4)

.ARM            0x000000000800d318        0x8
                0x000000000800d318                . = ALIGN (0x4)
                0x000000000800d318                __exidx_start = .
 *(.ARM.exidx*)
 .ARM.exidx     0x000000000800d318        0x8 c:/st/stm32cubeide_1.8.0/stm32cubeide/plugins/com.st.stm32cube.ide.mcu.externaltools.gnu-tools-for-stm32.9-2020-q2-update.win32_2.0.0.202105311346/tools/bin/../lib/gcc/arm-none-eabi/9.3.1/thumb/v7e-m+fp/hard\libgcc.a(_udivmoddi4.o)
                0x000000000800d320                __exidx_end = .
                0x000000000800d320                . = ALIGN (0x4)

.rel.dyn        0x000000000800d320        0x0
 .rel.iplt      0x000000000800d320        0x0 c:/st/stm32cubeide_1.8.0/stm32cubeide/plugins/com.st.stm32cube.ide.mcu.externaltools.gnu-tools-for-stm32.9-2020-q2-update.win32_2.0.0.202105311346/tools/bin/../lib/gcc/arm-none-eabi/9.3.1/thumb/v7e-m+fp/hard/crtbegin.o

.preinit_array  0x000000000800d320        0x0
                0x000000000800d320                . = ALIGN (0x4)
                0x000000000800d320                PROVIDE (__preinit_array_start = .)
 *(.preinit_array*)
                0x000000000800d320                PROVIDE (__preinit_array_end = .)
                0x000000000800d320                . = ALIGN (0x4)

.init_array     0x000000000800d320        0x4
                0x000000000800d320                . = ALIGN (0x4)
                0x000000000800d320                PROVIDE (__init_array_start = .)
 *(SORT_BY_NAME(.init_array.*))
 *(.init_array*)
 .init_array    0x000000000800d320        0x4 c:/st/stm32cubeide_1.8.0/stm32cubeide/plugins/com.st.stm32cube.ide.mcu.externaltools.gnu-tools-for-stm32.9-2020-q2-update.win32_2.0.0.202105311346/tools/bin/../lib/gcc/arm-none-eabi/9.3.1/thumb/v7e-m+fp/hard/crtbegin.o
                0x000000000800d324                PROVIDE (__init_array_end = .)
                0x000000000800d324                . = ALIGN (0x4)

.fini_array     0x000000000800d324        0x4
                0x000000000800d324                . = ALIGN (0x4)
                [!provide]                        PROVIDE (__fini_array_start = .)
 *(SORT_BY_NAME(.fini_array.*))
 *(.fini_array*)
 .fini_array    0x000000000800d324        0x4 c:/st/stm32cubeide_1.8.0/stm32cubeide/plugins/com.st.stm32cube.ide.mcu.externaltools.gnu-tools-for-stm32.9-2020-q2-update.win32_2.0.0.202105311346/tools/bin/../lib/gcc/arm-none-eabi/9.3.1/thumb/v7e-m+fp/hard/crtbegin.o
                [!provide]                        PROVIDE (__fini_array_end = .)
                0x000000000800d328                . = ALIGN (0x4)
                0x000000000800d328                _sidata = LOADADDR (.data)

.data           0x0000000020000000      0x4c0 load address 0x000000000800d328
                0x0000000020000000                . = ALIGN (0x4)
                0x0000000020000000                _sdata = .
 *(.data)
 *(.data*)
 .data.SystemCoreClock
                0x0000000020000000        0x4 ./Core/Src/system_stm32f4xx.o
                0x0000000020000000                SystemCoreClock
 .data.DefaultTuningSettings
                0x0000000020000004       0xf3 ./Drivers/BSP/Components/vl53l0x/vl53l0x_api.o
                0x0000000020000004                DefaultTuningSettings
 *fill*         0x00000000200000f7        0x1 
 .data.InterruptThresholdSettings
                0x00000000200000f8      0x1b6 ./Drivers/BSP/Components/vl53l0x/vl53l0x_api.o
                0x00000000200000f8                InterruptThresholdSettings
 *fill*         0x00000000200002ae        0x2 
 .data.refArrayQuadrants
                0x00000000200002b0       0x10 ./Drivers/BSP/Components/vl53l0x/vl53l0x_api_calibration.o
                0x00000000200002b0                refArrayQuadrants
 .data.VL53L0XDevs
                0x00000000200002c0      0x190 ./Drivers/BSP/NUCLEO-F411RE/vl53l0x_platform.o
                0x00000000200002c0                VL53L0XDevs
 .data.uwTickPrio
                0x0000000020000450        0x4 ./Drivers/STM32F4xx_HAL_Driver/Src/stm32f4xx_hal.o
                0x0000000020000450                uwTickPrio
 .data.uwTickFreq
                0x0000000020000454        0x1 ./Drivers/STM32F4xx_HAL_Driver/Src/stm32f4xx_hal.o
                0x0000000020000454                uwTickFreq
 *fill*         0x0000000020000455        0x3 
 .data._impure_ptr
                0x0000000020000458        0x4 c:/st/stm32cubeide_1.8.0/stm32cubeide/plugins/com.st.stm32cube.ide.mcu.externaltools.gnu-tools-for-stm32.9-2020-q2-update.win32_2.0.0.202105311346/tools/bin/../lib/gcc/arm-none-eabi/9.3.1/../../../../arm-none-eabi/lib/thumb/v7e-m+fp/hard\libc_nano.a(lib_a-impure.o)
                0x0000000020000458                _impure_ptr
 .data.impure_data
                0x000000002000045c       0x60 c:/st/stm32cubeide_1.8.0/stm32cubeide/plugins/com.st.stm32cube.ide.mcu.externaltools.gnu-tools-for-stm32.9-2020-q2-update.win32_2.0.0.202105311346/tools/bin/../lib/gcc/arm-none-eabi/9.3.1/../../../../arm-none-eabi/lib/thumb/v7e-m+fp/hard\libc_nano.a(lib_a-impure.o)
 .data.__fdlib_version
                0x00000000200004bc        0x1 c:/st/stm32cubeide_1.8.0/stm32cubeide/plugins/com.st.stm32cube.ide.mcu.externaltools.gnu-tools-for-stm32.9-2020-q2-update.win32_2.0.0.202105311346/tools/bin/../lib/gcc/arm-none-eabi/9.3.1/../../../../arm-none-eabi/lib/thumb/v7e-m+fp/hard\libm.a(lib_a-s_lib_ver.o)
                0x00000000200004bc                __fdlib_version
 *(.RamFunc)
 *(.RamFunc*)
                0x00000000200004c0                . = ALIGN (0x4)
 *fill*         0x00000000200004bd        0x3 
                0x00000000200004c0                _edata = .

.igot.plt       0x00000000200004c0        0x0 load address 0x000000000800d7e8
 .igot.plt      0x00000000200004c0        0x0 c:/st/stm32cubeide_1.8.0/stm32cubeide/plugins/com.st.stm32cube.ide.mcu.externaltools.gnu-tools-for-stm32.9-2020-q2-update.win32_2.0.0.202105311346/tools/bin/../lib/gcc/arm-none-eabi/9.3.1/thumb/v7e-m+fp/hard/crtbegin.o
                0x00000000200004c0                . = ALIGN (0x4)

.bss            0x00000000200004c0      0x300 load address 0x000000000800d7e8
                0x00000000200004c0                _sbss = .
                0x00000000200004c0                __bss_start__ = _sbss
 *(.bss)
 .bss           0x00000000200004c0       0x1c c:/st/stm32cubeide_1.8.0/stm32cubeide/plugins/com.st.stm32cube.ide.mcu.externaltools.gnu-tools-for-stm32.9-2020-q2-update.win32_2.0.0.202105311346/tools/bin/../lib/gcc/arm-none-eabi/9.3.1/thumb/v7e-m+fp/hard/crtbegin.o
 *(.bss*)
 .bss.status    0x00000000200004dc        0x4 ./Core/Src/main.o
                0x00000000200004dc                status
 .bss.position_courante
                0x00000000200004e0        0x2 ./Core/Src/main.o
                0x00000000200004e0                position_courante
 *fill*         0x00000000200004e2        0x2 
 .bss.__sbrk_heap_end
                0x00000000200004e4        0x4 ./Core/Src/sysmem.o
 .bss.nDevPresent
                0x00000000200004e8        0x4 ./Drivers/BSP/NUCLEO-F411RE/vl53l0x_platform.o
                0x00000000200004e8                nDevPresent
 .bss.__malloc_free_list
                0x00000000200004ec        0x4 c:/st/stm32cubeide_1.8.0/stm32cubeide/plugins/com.st.stm32cube.ide.mcu.externaltools.gnu-tools-for-stm32.9-2020-q2-update.win32_2.0.0.202105311346/tools/bin/../lib/gcc/arm-none-eabi/9.3.1/../../../../arm-none-eabi/lib/thumb/v7e-m+fp/hard\libc_nano.a(lib_a-nano-mallocr.o)
                0x00000000200004ec                __malloc_free_list
 .bss.__malloc_sbrk_start
                0x00000000200004f0        0x4 c:/st/stm32cubeide_1.8.0/stm32cubeide/plugins/com.st.stm32cube.ide.mcu.externaltools.gnu-tools-for-stm32.9-2020-q2-update.win32_2.0.0.202105311346/tools/bin/../lib/gcc/arm-none-eabi/9.3.1/../../../../arm-none-eabi/lib/thumb/v7e-m+fp/hard\libc_nano.a(lib_a-nano-mallocr.o)
                0x00000000200004f0                __malloc_sbrk_start
 *(COMMON)
 COMMON         0x00000000200004f4      0x202 ./Core/Src/main.o
                0x00000000200004f4                msg3
                0x0000000020000558                erreur_precedente
                0x000000002000055c                erreur
                0x0000000020000560                Vshunt
                0x0000000020000564                Ki
                0x0000000020000568                hi2c1
                0x00000000200005bc                CH1_DC
                0x00000000200005c0                somme_erreurs
                0x00000000200005c4                IHM
                0x00000000200005c6                atoi3
                0x00000000200005c8                hadc1
                0x0000000020000610                UART1_rxBuffer
                0x0000000020000614                UART1_rxBuffer2
                0x0000000020000618                ADC_VAL
                0x000000002000061c                variation_erreur
                0x0000000020000620                atoi2
                0x0000000020000621                atoi1
                0x0000000020000624                Kd
                0x0000000020000628                atoi4
                0x000000002000062c                htim2
                0x0000000020000674                Kp
                0x0000000020000678                ConsigneMesure
                0x000000002000067c                huart2
                0x00000000200006c0                Value_relle
                0x00000000200006c4                commande
                0x00000000200006c8                Im
                0x00000000200006cc                UART1_rxBuffer3
                0x00000000200006f4                Vr
 *fill*         0x00000000200006f6        0x2 
 COMMON         0x00000000200006f8       0xb4 ./Drivers/BSP/NUCLEO-F411RE/vl53l0x_platform.o
                0x00000000200006f8                nDevMask
                0x00000000200006fc                _I2CBuffer
                0x000000002000073c                XNUCLEO53L0A1_hi2c
                0x0000000020000790                RangingMeasurementData
 COMMON         0x00000000200007ac        0x4 ./Drivers/STM32F4xx_HAL_Driver/Src/stm32f4xx_hal.o
                0x00000000200007ac                uwTick
 COMMON         0x00000000200007b0        0x4 c:/st/stm32cubeide_1.8.0/stm32cubeide/plugins/com.st.stm32cube.ide.mcu.externaltools.gnu-tools-for-stm32.9-2020-q2-update.win32_2.0.0.202105311346/tools/bin/../lib/gcc/arm-none-eabi/9.3.1/../../../../arm-none-eabi/lib/thumb/v7e-m+fp/hard\libc_nano.a(lib_a-reent.o)
                0x00000000200007b0                errno
 COMMON         0x00000000200007b4        0x9 c:/st/stm32cubeide_1.8.0/stm32cubeide/plugins/com.st.stm32cube.ide.mcu.externaltools.gnu-tools-for-stm32.9-2020-q2-update.win32_2.0.0.202105311346/tools/bin/../lib/gcc/arm-none-eabi/9.3.1/../../../../arm-none-eabi/lib/thumb/v7e-m+fp/hard\libc_nano.a(lib_a-lock.o)
                0x00000000200007b4                __lock___atexit_recursive_mutex
                0x00000000200007b5                __lock___arc4random_mutex
                0x00000000200007b6                __lock___env_recursive_mutex
                0x00000000200007b7                __lock___sinit_recursive_mutex
                0x00000000200007b8                __lock___malloc_recursive_mutex
                0x00000000200007b9                __lock___at_quick_exit_mutex
                0x00000000200007ba                __lock___dd_hash_mutex
                0x00000000200007bb                __lock___tz_mutex
                0x00000000200007bc                __lock___sfp_recursive_mutex
                0x00000000200007c0                . = ALIGN (0x4)
 *fill*         0x00000000200007bd        0x3 
                0x00000000200007c0                _ebss = .
                0x00000000200007c0                __bss_end__ = _ebss

._user_heap_stack
                0x00000000200007c0      0x600 load address 0x000000000800d7e8
                0x00000000200007c0                . = ALIGN (0x8)
                [!provide]                        PROVIDE (end = .)
                0x00000000200007c0                PROVIDE (_end = .)
                0x00000000200009c0                . = (. + _Min_Heap_Size)
 *fill*         0x00000000200007c0      0x200 
                0x0000000020000dc0                . = (. + _Min_Stack_Size)
 *fill*         0x00000000200009c0      0x400 
                0x0000000020000dc0                . = ALIGN (0x8)

/DISCARD/
 libc.a(*)
 libm.a(*)
 libgcc.a(*)

.ARM.attributes
                0x0000000000000000       0x30
 *(.ARM.attributes)
 .ARM.attributes
                0x0000000000000000       0x1e c:/st/stm32cubeide_1.8.0/stm32cubeide/plugins/com.st.stm32cube.ide.mcu.externaltools.gnu-tools-for-stm32.9-2020-q2-update.win32_2.0.0.202105311346/tools/bin/../lib/gcc/arm-none-eabi/9.3.1/thumb/v7e-m+fp/hard/crti.o
 .ARM.attributes
                0x000000000000001e       0x34 c:/st/stm32cubeide_1.8.0/stm32cubeide/plugins/com.st.stm32cube.ide.mcu.externaltools.gnu-tools-for-stm32.9-2020-q2-update.win32_2.0.0.202105311346/tools/bin/../lib/gcc/arm-none-eabi/9.3.1/thumb/v7e-m+fp/hard/crtbegin.o
 .ARM.attributes
                0x0000000000000052       0x34 ./Core/Src/main.o
 .ARM.attributes
                0x0000000000000086       0x34 ./Core/Src/stm32f4xx_hal_msp.o
 .ARM.attributes
                0x00000000000000ba       0x34 ./Core/Src/stm32f4xx_it.o
 .ARM.attributes
                0x00000000000000ee       0x34 ./Core/Src/sysmem.o
 .ARM.attributes
                0x0000000000000122       0x34 ./Core/Src/system_stm32f4xx.o
 .ARM.attributes
                0x0000000000000156       0x21 ./Core/Startup/startup_stm32f411retx.o
 .ARM.attributes
                0x0000000000000177       0x34 ./Drivers/BSP/Components/vl53l0x/vl53l0x_api.o
 .ARM.attributes
                0x00000000000001ab       0x34 ./Drivers/BSP/Components/vl53l0x/vl53l0x_api_calibration.o
 .ARM.attributes
                0x00000000000001df       0x34 ./Drivers/BSP/Components/vl53l0x/vl53l0x_api_core.o
 .ARM.attributes
                0x0000000000000213       0x34 ./Drivers/BSP/NUCLEO-F411RE/vl53l0x_platform.o
 .ARM.attributes
                0x0000000000000247       0x34 ./Drivers/STM32F4xx_HAL_Driver/Src/stm32f4xx_hal.o
 .ARM.attributes
                0x000000000000027b       0x34 ./Drivers/STM32F4xx_HAL_Driver/Src/stm32f4xx_hal_adc.o
 .ARM.attributes
                0x00000000000002af       0x34 ./Drivers/STM32F4xx_HAL_Driver/Src/stm32f4xx_hal_cortex.o
 .ARM.attributes
                0x00000000000002e3       0x34 ./Drivers/STM32F4xx_HAL_Driver/Src/stm32f4xx_hal_dma.o
 .ARM.attributes
                0x0000000000000317       0x34 ./Drivers/STM32F4xx_HAL_Driver/Src/stm32f4xx_hal_gpio.o
 .ARM.attributes
                0x000000000000034b       0x34 ./Drivers/STM32F4xx_HAL_Driver/Src/stm32f4xx_hal_i2c.o
 .ARM.attributes
                0x000000000000037f       0x34 ./Drivers/STM32F4xx_HAL_Driver/Src/stm32f4xx_hal_rcc.o
 .ARM.attributes
                0x00000000000003b3       0x34 ./Drivers/STM32F4xx_HAL_Driver/Src/stm32f4xx_hal_tim.o
 .ARM.attributes
                0x00000000000003e7       0x34 ./Drivers/STM32F4xx_HAL_Driver/Src/stm32f4xx_hal_tim_ex.o
 .ARM.attributes
                0x000000000000041b       0x34 ./Drivers/STM32F4xx_HAL_Driver/Src/stm32f4xx_hal_uart.o
 .ARM.attributes
                0x000000000000044f       0x34 c:/st/stm32cubeide_1.8.0/stm32cubeide/plugins/com.st.stm32cube.ide.mcu.externaltools.gnu-tools-for-stm32.9-2020-q2-update.win32_2.0.0.202105311346/tools/bin/../lib/gcc/arm-none-eabi/9.3.1/../../../../arm-none-eabi/lib/thumb/v7e-m+fp/hard\libc_nano.a(lib_a-errno.o)
 .ARM.attributes
                0x0000000000000483       0x32 c:/st/stm32cubeide_1.8.0/stm32cubeide/plugins/com.st.stm32cube.ide.mcu.externaltools.gnu-tools-for-stm32.9-2020-q2-update.win32_2.0.0.202105311346/tools/bin/../lib/gcc/arm-none-eabi/9.3.1/../../../../arm-none-eabi/lib/thumb/v7e-m+fp/hard\libc_nano.a(lib_a-impure.o)
 .ARM.attributes
                0x00000000000004b5       0x34 c:/st/stm32cubeide_1.8.0/stm32cubeide/plugins/com.st.stm32cube.ide.mcu.externaltools.gnu-tools-for-stm32.9-2020-q2-update.win32_2.0.0.202105311346/tools/bin/../lib/gcc/arm-none-eabi/9.3.1/../../../../arm-none-eabi/lib/thumb/v7e-m+fp/hard\libc_nano.a(lib_a-init.o)
 .ARM.attributes
                0x00000000000004e9       0x34 c:/st/stm32cubeide_1.8.0/stm32cubeide/plugins/com.st.stm32cube.ide.mcu.externaltools.gnu-tools-for-stm32.9-2020-q2-update.win32_2.0.0.202105311346/tools/bin/../lib/gcc/arm-none-eabi/9.3.1/../../../../arm-none-eabi/lib/thumb/v7e-m+fp/hard\libc_nano.a(lib_a-memcpy-stub.o)
 .ARM.attributes
                0x000000000000051d       0x34 c:/st/stm32cubeide_1.8.0/stm32cubeide/plugins/com.st.stm32cube.ide.mcu.externaltools.gnu-tools-for-stm32.9-2020-q2-update.win32_2.0.0.202105311346/tools/bin/../lib/gcc/arm-none-eabi/9.3.1/../../../../arm-none-eabi/lib/thumb/v7e-m+fp/hard\libc_nano.a(lib_a-memset.o)
 .ARM.attributes
                0x0000000000000551       0x34 c:/st/stm32cubeide_1.8.0/stm32cubeide/plugins/com.st.stm32cube.ide.mcu.externaltools.gnu-tools-for-stm32.9-2020-q2-update.win32_2.0.0.202105311346/tools/bin/../lib/gcc/arm-none-eabi/9.3.1/../../../../arm-none-eabi/lib/thumb/v7e-m+fp/hard\libc_nano.a(lib_a-sprintf.o)
 .ARM.attributes
                0x0000000000000585       0x34 c:/st/stm32cubeide_1.8.0/stm32cubeide/plugins/com.st.stm32cube.ide.mcu.externaltools.gnu-tools-for-stm32.9-2020-q2-update.win32_2.0.0.202105311346/tools/bin/../lib/gcc/arm-none-eabi/9.3.1/../../../../arm-none-eabi/lib/thumb/v7e-m+fp/hard\libc_nano.a(lib_a-strcpy.o)
 .ARM.attributes
                0x00000000000005b9       0x17 c:/st/stm32cubeide_1.8.0/stm32cubeide/plugins/com.st.stm32cube.ide.mcu.externaltools.gnu-tools-for-stm32.9-2020-q2-update.win32_2.0.0.202105311346/tools/bin/../lib/gcc/arm-none-eabi/9.3.1/../../../../arm-none-eabi/lib/thumb/v7e-m+fp/hard\libc_nano.a(lib_a-strlen.o)
 .ARM.attributes
                0x00000000000005d0       0x34 c:/st/stm32cubeide_1.8.0/stm32cubeide/plugins/com.st.stm32cube.ide.mcu.externaltools.gnu-tools-for-stm32.9-2020-q2-update.win32_2.0.0.202105311346/tools/bin/../lib/gcc/arm-none-eabi/9.3.1/../../../../arm-none-eabi/lib/thumb/v7e-m+fp/hard\libc_nano.a(lib_a-nano-svfprintf.o)
 .ARM.attributes
                0x0000000000000604       0x34 c:/st/stm32cubeide_1.8.0/stm32cubeide/plugins/com.st.stm32cube.ide.mcu.externaltools.gnu-tools-for-stm32.9-2020-q2-update.win32_2.0.0.202105311346/tools/bin/../lib/gcc/arm-none-eabi/9.3.1/../../../../arm-none-eabi/lib/thumb/v7e-m+fp/hard\libc_nano.a(lib_a-nano-vfprintf_i.o)
 .ARM.attributes
                0x0000000000000638       0x1c c:/st/stm32cubeide_1.8.0/stm32cubeide/plugins/com.st.stm32cube.ide.mcu.externaltools.gnu-tools-for-stm32.9-2020-q2-update.win32_2.0.0.202105311346/tools/bin/../lib/gcc/arm-none-eabi/9.3.1/../../../../arm-none-eabi/lib/thumb/v7e-m+fp/hard\libc_nano.a(lib_a-memchr.o)
 .ARM.attributes
                0x0000000000000654       0x34 c:/st/stm32cubeide_1.8.0/stm32cubeide/plugins/com.st.stm32cube.ide.mcu.externaltools.gnu-tools-for-stm32.9-2020-q2-update.win32_2.0.0.202105311346/tools/bin/../lib/gcc/arm-none-eabi/9.3.1/../../../../arm-none-eabi/lib/thumb/v7e-m+fp/hard\libc_nano.a(lib_a-memmove.o)
 .ARM.attributes
                0x0000000000000688       0x34 c:/st/stm32cubeide_1.8.0/stm32cubeide/plugins/com.st.stm32cube.ide.mcu.externaltools.gnu-tools-for-stm32.9-2020-q2-update.win32_2.0.0.202105311346/tools/bin/../lib/gcc/arm-none-eabi/9.3.1/../../../../arm-none-eabi/lib/thumb/v7e-m+fp/hard\libc_nano.a(lib_a-nano-freer.o)
 .ARM.attributes
                0x00000000000006bc       0x34 c:/st/stm32cubeide_1.8.0/stm32cubeide/plugins/com.st.stm32cube.ide.mcu.externaltools.gnu-tools-for-stm32.9-2020-q2-update.win32_2.0.0.202105311346/tools/bin/../lib/gcc/arm-none-eabi/9.3.1/../../../../arm-none-eabi/lib/thumb/v7e-m+fp/hard\libc_nano.a(lib_a-nano-mallocr.o)
 .ARM.attributes
                0x00000000000006f0       0x34 c:/st/stm32cubeide_1.8.0/stm32cubeide/plugins/com.st.stm32cube.ide.mcu.externaltools.gnu-tools-for-stm32.9-2020-q2-update.win32_2.0.0.202105311346/tools/bin/../lib/gcc/arm-none-eabi/9.3.1/../../../../arm-none-eabi/lib/thumb/v7e-m+fp/hard\libc_nano.a(lib_a-nano-reallocr.o)
 .ARM.attributes
                0x0000000000000724       0x34 c:/st/stm32cubeide_1.8.0/stm32cubeide/plugins/com.st.stm32cube.ide.mcu.externaltools.gnu-tools-for-stm32.9-2020-q2-update.win32_2.0.0.202105311346/tools/bin/../lib/gcc/arm-none-eabi/9.3.1/../../../../arm-none-eabi/lib/thumb/v7e-m+fp/hard\libc_nano.a(lib_a-sbrkr.o)
 .ARM.attributes
                0x0000000000000758       0x34 c:/st/stm32cubeide_1.8.0/stm32cubeide/plugins/com.st.stm32cube.ide.mcu.externaltools.gnu-tools-for-stm32.9-2020-q2-update.win32_2.0.0.202105311346/tools/bin/../lib/gcc/arm-none-eabi/9.3.1/../../../../arm-none-eabi/lib/thumb/v7e-m+fp/hard\libc_nano.a(lib_a-mlock.o)
 .ARM.attributes
                0x000000000000078c       0x34 c:/st/stm32cubeide_1.8.0/stm32cubeide/plugins/com.st.stm32cube.ide.mcu.externaltools.gnu-tools-for-stm32.9-2020-q2-update.win32_2.0.0.202105311346/tools/bin/../lib/gcc/arm-none-eabi/9.3.1/../../../../arm-none-eabi/lib/thumb/v7e-m+fp/hard\libc_nano.a(lib_a-nano-msizer.o)
 .ARM.attributes
                0x00000000000007c0       0x34 c:/st/stm32cubeide_1.8.0/stm32cubeide/plugins/com.st.stm32cube.ide.mcu.externaltools.gnu-tools-for-stm32.9-2020-q2-update.win32_2.0.0.202105311346/tools/bin/../lib/gcc/arm-none-eabi/9.3.1/../../../../arm-none-eabi/lib/thumb/v7e-m+fp/hard\libc_nano.a(lib_a-reent.o)
 .ARM.attributes
                0x00000000000007f4       0x34 c:/st/stm32cubeide_1.8.0/stm32cubeide/plugins/com.st.stm32cube.ide.mcu.externaltools.gnu-tools-for-stm32.9-2020-q2-update.win32_2.0.0.202105311346/tools/bin/../lib/gcc/arm-none-eabi/9.3.1/../../../../arm-none-eabi/lib/thumb/v7e-m+fp/hard\libc_nano.a(lib_a-lock.o)
 .ARM.attributes